Archive member included because of file (symbol)

f:/atollic true studio/truestudio for arm pro 5.1.1/armtools/bin/../lib/gcc/arm-atollic-eabi/4.8.3/../../../../arm-atollic-eabi/lib/armv7e-m/softfp\libc_s.a(lib_a-init.o)
                              src\startup.o (__libc_init_array)
f:/atollic true studio/truestudio for arm pro 5.1.1/armtools/bin/../lib/gcc/arm-atollic-eabi/4.8.3/../../../../arm-atollic-eabi/lib/armv7e-m/softfp\libc_s.a(lib_a-reent.o)
                              src\syscalls.o (errno)
f:/atollic true studio/truestudio for arm pro 5.1.1/armtools/bin/../lib/gcc/arm-atollic-eabi/4.8.3/../../../../arm-atollic-eabi/lib/armv7e-m/softfp\libc_s.a(lib_a-strlen.o)
                              src\tiny_printf.o (strlen)
f:/atollic true studio/truestudio for arm pro 5.1.1/armtools/bin/../lib/gcc/arm-atollic-eabi/4.8.3/../../../../arm-atollic-eabi/lib/armv7e-m/softfp\libc_s.a(lib_a-impure.o)
                              f:/atollic true studio/truestudio for arm pro 5.1.1/armtools/bin/../lib/gcc/arm-atollic-eabi/4.8.3/../../../../arm-atollic-eabi/lib/armv7e-m/softfp\libc_s.a(lib_a-reent.o) (_impure_ptr)
f:/atollic true studio/truestudio for arm pro 5.1.1/armtools/bin/../lib/gcc/arm-atollic-eabi/4.8.3/../../../../arm-atollic-eabi/lib/armv7e-m/softfp\libc_s.a(lib_a-nano-freer.o)
                              f:/atollic true studio/truestudio for arm pro 5.1.1/armtools/bin/../lib/gcc/arm-atollic-eabi/4.8.3/../../../../arm-atollic-eabi/lib/armv7e-m/softfp\libc_s.a(lib_a-reent.o) (_free_r)
f:/atollic true studio/truestudio for arm pro 5.1.1/armtools/bin/../lib/gcc/arm-atollic-eabi/4.8.3/../../../../arm-atollic-eabi/lib/armv7e-m/softfp\libc_s.a(lib_a-nano-mallocr.o)
                              f:/atollic true studio/truestudio for arm pro 5.1.1/armtools/bin/../lib/gcc/arm-atollic-eabi/4.8.3/../../../../arm-atollic-eabi/lib/armv7e-m/softfp\libc_s.a(lib_a-nano-freer.o) (__malloc_free_list)
f:/atollic true studio/truestudio for arm pro 5.1.1/armtools/bin/../lib/gcc/arm-atollic-eabi/4.8.3/../../../../arm-atollic-eabi/lib/armv7e-m/softfp\libc_s.a(lib_a-sbrkr.o)
                              f:/atollic true studio/truestudio for arm pro 5.1.1/armtools/bin/../lib/gcc/arm-atollic-eabi/4.8.3/../../../../arm-atollic-eabi/lib/armv7e-m/softfp\libc_s.a(lib_a-nano-mallocr.o) (_sbrk_r)
..\Libraries\libBSP.a(stm32f4xx_usart.o)
                              src\main.o (USART_StructInit)
..\Libraries\libBSP.a(stm32f4xx_rcc.o)
                              ..\Libraries\libBSP.a(stm32f4xx_usart.o) (RCC_GetClocksFreq)
..\Libraries\libBSP.a(misc.o)
                              src\main.o (NVIC_PriorityGroupConfig)
..\Libraries\libBSP.a(uart.o)
                              src\main.o (CARME_UART_Init)
..\Libraries\libBSP.a(system_stm32f4xx.o)
                              src\startup.o (SystemInit)
..\Libraries\libBSP.a(carme.o)
                              src\startup.o (CARME_Init)
..\Libraries\libBSP.a(stm32f4xx_gpio.o)
                              ..\Libraries\libBSP.a(carme.o) (GPIO_DeInit)
..\Libraries\libBSP.a(stm32f4xx_fsmc.o)
                              ..\Libraries\libBSP.a(carme.o) (FSMC_NORSRAMDeInit)
..\Libraries\libFreeRTOS.a(tasks.o)
                              src\main.o (xTaskGenericCreate)
..\Libraries\libFreeRTOS.a(heap_4.o)
                              ..\Libraries\libFreeRTOS.a(tasks.o) (pvPortMalloc)
..\Libraries\libFreeRTOS.a(port.o)
                              ..\Libraries\libFreeRTOS.a(tasks.o) (pxPortInitialiseStack)
..\Libraries\libFreeRTOS.a(list.o)
                              ..\Libraries\libFreeRTOS.a(tasks.o) (vListInitialise)
..\Libraries\libFreeRTOS.a(timers.o)
                              ..\Libraries\libFreeRTOS.a(tasks.o) (xTimerCreateTimerTask)
..\Libraries\libFreeRTOS.a(queue.o)
                              ..\Libraries\libFreeRTOS.a(timers.o) (xQueueGenericCreate)
f:/atollic true studio/truestudio for arm pro 5.1.1/armtools/bin/../lib/gcc/arm-atollic-eabi/4.8.3/../../../../arm-atollic-eabi/lib/armv7e-m/softfp\libc.a(lib_a-memcmp.o)
                              ..\Libraries\libFreeRTOS.a(tasks.o) (memcmp)
f:/atollic true studio/truestudio for arm pro 5.1.1/armtools/bin/../lib/gcc/arm-atollic-eabi/4.8.3/../../../../arm-atollic-eabi/lib/armv7e-m/softfp\libc.a(lib_a-memcpy-stub.o)
                              ..\Libraries\libBSP.a(carme.o) (memcpy)
f:/atollic true studio/truestudio for arm pro 5.1.1/armtools/bin/../lib/gcc/arm-atollic-eabi/4.8.3/../../../../arm-atollic-eabi/lib/armv7e-m/softfp\libc.a(lib_a-memset.o)
                              ..\Libraries\libFreeRTOS.a(tasks.o) (memset)

Allocating common symbols
Common symbol       size              file

errno               0x4               f:/atollic true studio/truestudio for arm pro 5.1.1/armtools/bin/../lib/gcc/arm-atollic-eabi/4.8.3/../../../../arm-atollic-eabi/lib/armv7e-m/softfp\libc_s.a(lib_a-reent.o)
[...]
Memory Configuration

Name             Origin             Length             Attributes
FLASH            0x08000000         0x00100000         xr
RAM              0x20000000         0x00020000         xrw
MEMORY_B1        0x60000000         0x00000000         xr
CCMRAM           0x10000000         0x00010000         rw
*default*        0x00000000         0xffffffff

Linker script and memory map

LOAD f:/atollic true studio/truestudio for arm pro 5.1.1/armtools/bin/../lib/gcc/arm-atollic-eabi/4.8.3/armv7e-m/softfp/crti.o
LOAD f:/atollic true studio/truestudio for arm pro 5.1.1/armtools/bin/../lib/gcc/arm-atollic-eabi/4.8.3/armv7e-m/softfp/crtbegin.o
LOAD src\tiny_printf.o
LOAD src\syscalls.o
LOAD src\startup.o
LOAD src\main.o
START GROUP
LOAD f:/atollic true studio/truestudio for arm pro 5.1.1/armtools/bin/../lib/gcc/arm-atollic-eabi/4.8.3/../../../../arm-atollic-eabi/lib/armv7e-m/softfp\libc_s.a
LOAD f:/atollic true studio/truestudio for arm pro 5.1.1/armtools/bin/../lib/gcc/arm-atollic-eabi/4.8.3/../../../../arm-atollic-eabi/lib/armv7e-m/softfp\libm.a
END GROUP
                0x00001000                malloc_getpagesize_P = 0x1000
START GROUP
LOAD f:/atollic true studio/truestudio for arm pro 5.1.1/armtools/bin/../lib/gcc/arm-atollic-eabi/4.8.3/armv7e-m/softfp\libgcc.a
LOAD f:/atollic true studio/truestudio for arm pro 5.1.1/armtools/bin/../lib/gcc/arm-atollic-eabi/4.8.3/../../../../arm-atollic-eabi/lib/armv7e-m/softfp\libc.a
END GROUP
LOAD f:/atollic true studio/truestudio for arm pro 5.1.1/armtools/bin/../lib/gcc/arm-atollic-eabi/4.8.3/armv7e-m/softfp/crtend.o
LOAD f:/atollic true studio/truestudio for arm pro 5.1.1/armtools/bin/../lib/gcc/arm-atollic-eabi/4.8.3/armv7e-m/softfp/crtn.o
LOAD ..\Libraries\libBSP.a
LOAD ..\Libraries\libsGUI.a
LOAD ..\Libraries\libFreeRTOS.a
                0x20020000                _estack = 0x20020000
                0x00001000                _Min_Heap_Size = 0x1000
                0x00001000                _Min_Stack_Size = 0x1000

.isr_vector     0x08000000      0x188
                0x08000000                . = ALIGN (0x4)
 *(.isr_vector)
 .isr_vector    0x08000000      0x188 src\startup.o
                0x08000000                g_pfnVectors
                0x08000188                . = ALIGN (0x4)

.text           0x08000188     0x49f0
                0x08000188                . = ALIGN (0x4)
 *(.text)
 .text          0x08000188       0x54 f:/atollic true studio/truestudio for arm pro 5.1.1/armtools/bin/../lib/gcc/arm-atollic-eabi/4.8.3/armv7e-m/softfp/crtbegin.o
 *(.text*)
 .text.ts_itoa  0x080001dc       0x90 src\tiny_printf.o
                0x080001dc                ts_itoa
 .text.ts_formatstring
                0x0800026c      0x134 src\tiny_printf.o
                0x0800026c                ts_formatstring
 .text.ts_formatlength
                0x080003a0      0x12c src\tiny_printf.o
                0x080003a0                ts_formatlength
 .text.iprintf  0x080004cc       0x94 src\tiny_printf.o
                0x080004cc                iprintf
                0x080004cc                printf
 .text.puts     0x08000560       0x58 src\tiny_printf.o
                0x08000560                puts
 .text._write   0x080005b8       0x60 src\syscalls.o
                0x080005b8                _write
 .text.Reset_Handler
                0x08000618       0x58 src\startup.o
                0x08000618                Reset_Handler
 .text.Default_Handler
                0x08000670       0x24 src\startup.o
                0x0800067a                RTC_Alarm_IRQHandler
                0x0800067a                HASH_RNG_IRQHandler
                0x0800067a                EXTI2_IRQHandler
                0x0800067a                TIM8_CC_IRQHandler
                0x0800067a                DebugMon_Handler
                0x0800067a                TIM1_CC_IRQHandler
                0x0800067a                DMA2_Stream5_IRQHandler
                0x0800067a                HardFault_Handler
                0x0800067a                DMA1_Stream5_IRQHandler
                0x0800067a                PVD_IRQHandler
                0x0800067a                SDIO_IRQHandler
                0x0800067a                TAMP_STAMP_IRQHandler
                0x0800067a                NMI_Handler
                0x0800067a                CAN2_RX1_IRQHandler
                0x0800067a                EXTI3_IRQHandler
                0x0800067a                TIM8_TRG_COM_TIM14_IRQHandler
                0x0800067a                TIM1_UP_TIM10_IRQHandler
                0x0800067a                TIM8_UP_TIM13_IRQHandler
                0x0800067a                I2C3_ER_IRQHandler
                0x0800067a                EXTI0_IRQHandler
                0x0800067a                I2C2_EV_IRQHandler
                0x0800067a                DMA1_Stream2_IRQHandler
                0x0800067a                CAN1_RX0_IRQHandler
                0x0800067a                FPU_IRQHandler
                0x0800067a                OTG_HS_WKUP_IRQHandler
                0x0800067a                UsageFault_Handler
                0x0800067a                CAN2_SCE_IRQHandler
                0x0800067a                DMA2_Stream2_IRQHandler
                0x0800067a                SPI1_IRQHandler
                0x0800067a                TIM6_DAC_IRQHandler
                0x0800067a                TIM1_BRK_TIM9_IRQHandler
                0x0800067a                DCMI_IRQHandler
                0x0800067a                CAN2_RX0_IRQHandler
                0x0800067a                DMA2_Stream3_IRQHandler
                0x0800067a                USART6_IRQHandler
                0x0800067a                USART3_IRQHandler
                0x0800067a                CRYP_IRQHandler
                0x0800067a                CAN1_RX1_IRQHandler
                0x0800067a                UART5_IRQHandler
                0x0800067a                DMA2_Stream0_IRQHandler
                0x0800067a                vApplicationMallocFailedHook
                0x0800067a                TIM4_IRQHandler
                0x0800067a                I2C1_EV_IRQHandler
                0x0800067a                DMA1_Stream6_IRQHandler
                0x0800067a                DMA1_Stream1_IRQHandler
                0x0800067a                UART4_IRQHandler
                0x0800067a                TIM3_IRQHandler
                0x0800067a                RCC_IRQHandler
                0x0800067a                TIM8_BRK_TIM12_IRQHandler
                0x0800067a                Default_Handler
                0x0800067a                EXTI15_10_IRQHandler
                0x0800067a                ADC_IRQHandler
                0x0800067a                DMA1_Stream7_IRQHandler
                0x0800067a                TIM7_IRQHandler
                0x0800067a                CAN2_TX_IRQHandler
                0x0800067a                TIM5_IRQHandler
                0x0800067a                DMA2_Stream7_IRQHandler
                0x0800067a                I2C3_EV_IRQHandler
                0x0800067a                vApplicationStackOverflowHook
                0x0800067a                EXTI9_5_IRQHandler
                0x0800067a                RTC_WKUP_IRQHandler
                0x0800067a                ETH_WKUP_IRQHandler
                0x0800067a                SPI2_IRQHandler
                0x0800067a                OTG_HS_EP1_IN_IRQHandler
                0x0800067a                MemManage_Handler
                0x0800067a                DMA1_Stream0_IRQHandler
                0x0800067a                CAN1_TX_IRQHandler
                0x0800067a                EXTI4_IRQHandler
                0x0800067a                MyEXTI9_5_IRQHandler
                0x0800067a                FSMC_IRQHandler
                0x0800067a                ETH_IRQHandler
                0x0800067a                OTG_HS_EP1_OUT_IRQHandler
                0x0800067a                WWDG_IRQHandler
                0x0800067a                TIM2_IRQHandler
                0x0800067a                OTG_FS_WKUP_IRQHandler
                0x0800067a                TIM1_TRG_COM_TIM11_IRQHandler
                0x0800067a                OTG_HS_IRQHandler
                0x0800067a                EXTI1_IRQHandler
                0x0800067a                USART2_IRQHandler
                0x0800067a                I2C2_ER_IRQHandler
                0x0800067a                DMA2_Stream1_IRQHandler
                0x0800067a                CAN1_SCE_IRQHandler
                0x0800067a                FLASH_IRQHandler
                0x0800067a                DMA2_Stream4_IRQHandler
                0x0800067a                BusFault_Handler
                0x0800067a                USART1_IRQHandler
                0x0800067a                OTG_FS_IRQHandler
                0x0800067a                SPI3_IRQHandler
                0x0800067a                DMA1_Stream4_IRQHandler
                0x0800067a                I2C1_ER_IRQHandler
                0x0800067a                DMA2_Stream6_IRQHandler
                0x0800067a                DMA1_Stream3_IRQHandler
 .text.main     0x08000694       0x60 src\main.o
                0x08000694                main
 .text.GreenLEDtask
                0x080006f4       0x34 src\main.o
                0x080006f4                GreenLEDtask
 .text.Serialtask
                0x08000728       0x70 src\main.o
                0x08000728                Serialtask
 .text.__libc_init_array
                0x08000798       0x4c f:/atollic true studio/truestudio for arm pro 5.1.1/armtools/bin/../lib/gcc/arm-atollic-eabi/4.8.3/../../../../arm-atollic-eabi/lib/armv7e-m/softfp\libc_s.a(lib_a-init.o)
                0x08000798                __libc_init_array
 .text.strlen   0x080007e4       0x10 f:/atollic true studio/truestudio for arm pro 5.1.1/armtools/bin/../lib/gcc/arm-atollic-eabi/4.8.3/../../../../arm-atollic-eabi/lib/armv7e-m/softfp\libc_s.a(lib_a-strlen.o)
                0x080007e4                strlen
 .text.USART_DeInit
                0x080007f4      0x150 ..\Libraries\libBSP.a(stm32f4xx_usart.o)
                0x080007f4                USART_DeInit
 .text.USART_Init
                0x08000944      0x1ac ..\Libraries\libBSP.a(stm32f4xx_usart.o)
                0x08000944                USART_Init
 .text.USART_StructInit
                0x08000af0       0x44 ..\Libraries\libBSP.a(stm32f4xx_usart.o)
                0x08000af0                USART_StructInit
 .text.USART_ClockInit
                0x08000b34       0x54 ..\Libraries\libBSP.a(stm32f4xx_usart.o)
                0x08000b34                USART_ClockInit
 .text.USART_ClockStructInit
                0x08000b88       0x34 ..\Libraries\libBSP.a(stm32f4xx_usart.o)
                0x08000b88                USART_ClockStructInit
 .text.USART_Cmd
                0x08000bbc       0x40 ..\Libraries\libBSP.a(stm32f4xx_usart.o)
                0x08000bbc                USART_Cmd
 .text.USART_SendData
                0x08000bfc       0x28 ..\Libraries\libBSP.a(stm32f4xx_usart.o)
                0x08000bfc                USART_SendData
 .text.USART_ReceiveData
                0x08000c24       0x24 ..\Libraries\libBSP.a(stm32f4xx_usart.o)
                0x08000c24                USART_ReceiveData
 .text.USART_GetFlagStatus
                0x08000c48       0x40 ..\Libraries\libBSP.a(stm32f4xx_usart.o)
                0x08000c48                USART_GetFlagStatus
 .text.RCC_GetClocksFreq
                0x08000c88      0x1cc ..\Libraries\libBSP.a(stm32f4xx_rcc.o)
                0x08000c88                RCC_GetClocksFreq
 .text.RCC_AHB1PeriphClockCmd
                0x08000e54       0x54 ..\Libraries\libBSP.a(stm32f4xx_rcc.o)
                0x08000e54                RCC_AHB1PeriphClockCmd
 .text.RCC_AHB3PeriphClockCmd
                0x08000ea8       0x54 ..\Libraries\libBSP.a(stm32f4xx_rcc.o)
                0x08000ea8                RCC_AHB3PeriphClockCmd
 .text.RCC_APB1PeriphClockCmd
                0x08000efc       0x54 ..\Libraries\libBSP.a(stm32f4xx_rcc.o)
                0x08000efc                RCC_APB1PeriphClockCmd
 .text.RCC_APB2PeriphClockCmd
                0x08000f50       0x54 ..\Libraries\libBSP.a(stm32f4xx_rcc.o)
                0x08000f50                RCC_APB2PeriphClockCmd
 .text.RCC_AHB1PeriphResetCmd
                0x08000fa4       0x54 ..\Libraries\libBSP.a(stm32f4xx_rcc.o)
                0x08000fa4                RCC_AHB1PeriphResetCmd
 .text.RCC_APB1PeriphResetCmd
                0x08000ff8       0x54 ..\Libraries\libBSP.a(stm32f4xx_rcc.o)
                0x08000ff8                RCC_APB1PeriphResetCmd
 .text.RCC_APB2PeriphResetCmd
                0x0800104c       0x54 ..\Libraries\libBSP.a(stm32f4xx_rcc.o)
                0x0800104c                RCC_APB2PeriphResetCmd
 .text.NVIC_PriorityGroupConfig
                0x080010a0       0x28 ..\Libraries\libBSP.a(misc.o)
                0x080010a0                NVIC_PriorityGroupConfig
 .text.CARME_UART_Init
                0x080010c8       0xb4 ..\Libraries\libBSP.a(uart.o)
                0x080010c8                CARME_UART_Init
 .text.CARME_UART_GPIO_Init
                0x0800117c       0x38 ..\Libraries\libBSP.a(uart.o)
                0x0800117c                CARME_UART_GPIO_Init
 .text.SystemInit
                0x080011b4       0xb0 ..\Libraries\libBSP.a(system_stm32f4xx.o)
                0x080011b4                SystemInit
 .text.SetSysClock
                0x08001264      0x188 ..\Libraries\libBSP.a(system_stm32f4xx.o)
 .text.CARME_Init
                0x080013ec       0xf8 ..\Libraries\libBSP.a(carme.o)
                0x080013ec                CARME_Init
 .text.CARME_FSMC_GPIO_Init
                0x080014e4       0x60 ..\Libraries\libBSP.a(carme.o)
 .text.CARME_FSMC_Init
                0x08001544      0x160 ..\Libraries\libBSP.a(carme.o)
 .text.CARME_AGPIO_Init
                0x080016a4       0x2c ..\Libraries\libBSP.a(carme.o)
 .text.CARME_GPIO_Init
                0x080016d0      0x248 ..\Libraries\libBSP.a(carme.o)
                0x080016d0                CARME_GPIO_Init
 .text.CARME_AGPIO_Set
                0x08001918       0x84 ..\Libraries\libBSP.a(carme.o)
                0x08001918                CARME_AGPIO_Set
 .text.CARME_LED_Green_Set
                0x0800199c       0x14 ..\Libraries\libBSP.a(carme.o)
                0x0800199c                CARME_LED_Green_Set
 .text.CARME_LED_Green_Reset
                0x080019b0       0x14 ..\Libraries\libBSP.a(carme.o)
                0x080019b0                CARME_LED_Green_Reset
 .text.CARME_LED_Red_Set
                0x080019c4       0x14 ..\Libraries\libBSP.a(carme.o)
                0x080019c4                CARME_LED_Red_Set
 .text.CARME_LED_Red_Reset
                0x080019d8       0x14 ..\Libraries\libBSP.a(carme.o)
                0x080019d8                CARME_LED_Red_Reset
 .text.GPIO_DeInit
                0x080019ec      0x1c8 ..\Libraries\libBSP.a(stm32f4xx_gpio.o)
                0x080019ec                GPIO_DeInit
 .text.GPIO_Init
                0x08001bb4      0x144 ..\Libraries\libBSP.a(stm32f4xx_gpio.o)
                0x08001bb4                GPIO_Init
 .text.GPIO_StructInit
                0x08001cf8       0x3c ..\Libraries\libBSP.a(stm32f4xx_gpio.o)
                0x08001cf8                GPIO_StructInit
 .text.GPIO_WriteBit
                0x08001d34       0x30 ..\Libraries\libBSP.a(stm32f4xx_gpio.o)
                0x08001d34                GPIO_WriteBit
 .text.GPIO_PinAFConfig
                0x08001d64       0xa8 ..\Libraries\libBSP.a(stm32f4xx_gpio.o)
                0x08001d64                GPIO_PinAFConfig
 .text.FSMC_NORSRAMDeInit
                0x08001e0c       0x5c ..\Libraries\libBSP.a(stm32f4xx_fsmc.o)
                0x08001e0c                FSMC_NORSRAMDeInit
 .text.FSMC_NORSRAMInit
                0x08001e68      0x150 ..\Libraries\libBSP.a(stm32f4xx_fsmc.o)
                0x08001e68                FSMC_NORSRAMInit
 .text.FSMC_NORSRAMCmd
                0x08001fb8       0x54 ..\Libraries\libBSP.a(stm32f4xx_fsmc.o)
                0x08001fb8                FSMC_NORSRAMCmd
 .text.xTaskGenericCreate
                0x0800200c      0x1c0 ..\Libraries\libFreeRTOS.a(tasks.o)
                0x0800200c                xTaskGenericCreate
 .text.vTaskDelayUntil
                0x080021cc       0xd0 ..\Libraries\libFreeRTOS.a(tasks.o)
                0x080021cc                vTaskDelayUntil
 .text.vTaskDelay
                0x0800229c       0x70 ..\Libraries\libFreeRTOS.a(tasks.o)
                0x0800229c                vTaskDelay
 .text.vTaskStartScheduler
                0x0800230c       0x88 ..\Libraries\libFreeRTOS.a(tasks.o)
                0x0800230c                vTaskStartScheduler
 .text.vTaskSuspendAll
                0x08002394       0x24 ..\Libraries\libFreeRTOS.a(tasks.o)
                0x08002394                vTaskSuspendAll
 .text.xTaskResumeAll
                0x080023b8      0x174 ..\Libraries\libFreeRTOS.a(tasks.o)
                0x080023b8                xTaskResumeAll
 .text.xTaskGetTickCount
                0x0800252c       0x28 ..\Libraries\libFreeRTOS.a(tasks.o)
                0x0800252c                xTaskGetTickCount
 .text.xTaskIncrementTick
                0x08002554      0x200 ..\Libraries\libFreeRTOS.a(tasks.o)
                0x08002554                xTaskIncrementTick
 .text.vTaskSwitchContext
                0x08002754      0x164 ..\Libraries\libFreeRTOS.a(tasks.o)
                0x08002754                vTaskSwitchContext
 .text.vTaskPlaceOnEventList
                0x080028b8       0x84 ..\Libraries\libFreeRTOS.a(tasks.o)
                0x080028b8                vTaskPlaceOnEventList
 .text.vTaskPlaceOnEventListRestricted
                0x0800293c       0x60 ..\Libraries\libFreeRTOS.a(tasks.o)
                0x0800293c                vTaskPlaceOnEventListRestricted
 .text.xTaskRemoveFromEventList
                0x0800299c       0xdc ..\Libraries\libFreeRTOS.a(tasks.o)
                0x0800299c                xTaskRemoveFromEventList
 .text.vTaskSetTimeOutState
                0x08002a78       0x38 ..\Libraries\libFreeRTOS.a(tasks.o)
                0x08002a78                vTaskSetTimeOutState
 .text.xTaskCheckForTimeOut
                0x08002ab0       0xb0 ..\Libraries\libFreeRTOS.a(tasks.o)
                0x08002ab0                xTaskCheckForTimeOut
 .text.vTaskMissedYield
                0x08002b60       0x18 ..\Libraries\libFreeRTOS.a(tasks.o)
                0x08002b60                vTaskMissedYield
 .text.prvIdleTask
                0x08002b78       0x24 ..\Libraries\libFreeRTOS.a(tasks.o)
 .text.prvInitialiseTCBVariables
                0x08002b9c       0xa0 ..\Libraries\libFreeRTOS.a(tasks.o)
 .text.prvInitialiseTaskLists
                0x08002c3c       0xa4 ..\Libraries\libFreeRTOS.a(tasks.o)
 .text.prvCheckTasksWaitingTermination
                0x08002ce0       0x9c ..\Libraries\libFreeRTOS.a(tasks.o)
 .text.prvAddCurrentTaskToDelayedList
                0x08002d7c       0x8c ..\Libraries\libFreeRTOS.a(tasks.o)
 .text.prvAllocateTCBAndStack
                0x08002e08       0x70 ..\Libraries\libFreeRTOS.a(tasks.o)
 .text.prvDeleteTCB
                0x08002e78       0x20 ..\Libraries\libFreeRTOS.a(tasks.o)
 .text.prvResetNextTaskUnblockTime
                0x08002e98       0x5c ..\Libraries\libFreeRTOS.a(tasks.o)
 .text.xTaskGetCurrentTaskHandle
                0x08002ef4       0x20 ..\Libraries\libFreeRTOS.a(tasks.o)
                0x08002ef4                xTaskGetCurrentTaskHandle
 .text.xTaskGetSchedulerState
                0x08002f14       0x48 ..\Libraries\libFreeRTOS.a(tasks.o)
                0x08002f14                xTaskGetSchedulerState
 .text.vTaskPriorityInherit
                0x08002f5c       0xf0 ..\Libraries\libFreeRTOS.a(tasks.o)
                0x08002f5c                vTaskPriorityInherit
 .text.vTaskPriorityDisinherit
                0x0800304c       0x98 ..\Libraries\libFreeRTOS.a(tasks.o)
                0x0800304c                vTaskPriorityDisinherit
 .text.pvPortMalloc
                0x080030e4      0x190 ..\Libraries\libFreeRTOS.a(heap_4.o)
                0x080030e4                pvPortMalloc
 .text.vPortFree
                0x08003274       0xb8 ..\Libraries\libFreeRTOS.a(heap_4.o)
                0x08003274                vPortFree
 .text.prvHeapInit
                0x0800332c       0xf8 ..\Libraries\libFreeRTOS.a(heap_4.o)
 .text.prvInsertBlockIntoFreeList
                0x08003424       0xbc ..\Libraries\libFreeRTOS.a(heap_4.o)
 .text.pxPortInitialiseStack
                0x080034e0       0x74 ..\Libraries\libFreeRTOS.a(port.o)
                0x080034e0                pxPortInitialiseStack
 .text.prvTaskExitError
                0x08003554       0x20 ..\Libraries\libFreeRTOS.a(port.o)
 .text.SVC_Handler
                0x08003574       0x20 ..\Libraries\libFreeRTOS.a(port.o)
                0x08003574                SVC_Handler
 .text.prvPortStartFirstTask
                0x08003594       0x1c ..\Libraries\libFreeRTOS.a(port.o)
 .text.xPortStartScheduler
                0x080035b0      0x128 ..\Libraries\libFreeRTOS.a(port.o)
                0x080035b0                xPortStartScheduler
 .text.vPortYield
                0x080036d8       0x20 ..\Libraries\libFreeRTOS.a(port.o)
                0x080036d8                vPortYield
 .text.vPortEnterCritical
                0x080036f8       0x2c ..\Libraries\libFreeRTOS.a(port.o)
                0x080036f8                vPortEnterCritical
 .text.vPortExitCritical
                0x08003724       0x48 ..\Libraries\libFreeRTOS.a(port.o)
                0x08003724                vPortExitCritical
 .text.ulPortSetInterruptMask
                0x0800376c       0x14 ..\Libraries\libFreeRTOS.a(port.o)
                0x0800376c                ulPortSetInterruptMask
 .text.vPortClearInterruptMask
                0x08003780        0x8 ..\Libraries\libFreeRTOS.a(port.o)
                0x08003780                vPortClearInterruptMask
 .text.PendSV_Handler
                0x08003788       0x58 ..\Libraries\libFreeRTOS.a(port.o)
                0x08003788                PendSV_Handler
 .text.SysTick_Handler
                0x080037e0       0x2c ..\Libraries\libFreeRTOS.a(port.o)
                0x080037e0                SysTick_Handler
 .text.vPortSetupTimerInterrupt
                0x0800380c       0x40 ..\Libraries\libFreeRTOS.a(port.o)
                0x0800380c                vPortSetupTimerInterrupt
 .text.vPortEnableVFP
                0x0800384c       0x14 ..\Libraries\libFreeRTOS.a(port.o)
 .text.vPortValidateInterruptPriority
                0x08003860       0x64 ..\Libraries\libFreeRTOS.a(port.o)
                0x08003860                vPortValidateInterruptPriority
 .text.vListInitialise
                0x080038c4       0x40 ..\Libraries\libFreeRTOS.a(list.o)
                0x080038c4                vListInitialise
 .text.vListInitialiseItem
                0x08003904       0x1c ..\Libraries\libFreeRTOS.a(list.o)
                0x08003904                vListInitialiseItem
 .text.vListInsertEnd
                0x08003920       0x48 ..\Libraries\libFreeRTOS.a(list.o)
                0x08003920                vListInsertEnd
 .text.vListInsert
                0x08003968       0x74 ..\Libraries\libFreeRTOS.a(list.o)
                0x08003968                vListInsert
 .text.uxListRemove
                0x080039dc       0x58 ..\Libraries\libFreeRTOS.a(list.o)
                0x080039dc                uxListRemove
 .text.xTimerCreateTimerTask
                0x08003a34       0x6c ..\Libraries\libFreeRTOS.a(timers.o)
                0x08003a34                xTimerCreateTimerTask
 .text.xTimerGenericCommand
                0x08003aa0       0xac ..\Libraries\libFreeRTOS.a(timers.o)
                0x08003aa0                xTimerGenericCommand
 .text.prvProcessExpiredTimer
                0x08003b4c       0x7c ..\Libraries\libFreeRTOS.a(timers.o)
 .text.prvTimerTask
                0x08003bc8       0x24 ..\Libraries\libFreeRTOS.a(timers.o)
 .text.prvProcessTimerOrBlockTask
                0x08003bec       0x74 ..\Libraries\libFreeRTOS.a(timers.o)
 .text.prvGetNextExpireTime
                0x08003c60       0x54 ..\Libraries\libFreeRTOS.a(timers.o)
 .text.prvSampleTimeNow
                0x08003cb4       0x4c ..\Libraries\libFreeRTOS.a(timers.o)
 .text.prvInsertTimerInActiveList
                0x08003d00       0x94 ..\Libraries\libFreeRTOS.a(timers.o)
 .text.prvProcessReceivedCommands
                0x08003d94      0x124 ..\Libraries\libFreeRTOS.a(timers.o)
 .text.prvSwitchTimerLists
                0x08003eb8       0xe4 ..\Libraries\libFreeRTOS.a(timers.o)
 .text.prvCheckForValidListAndQueue
                0x08003f9c       0xb0 ..\Libraries\libFreeRTOS.a(timers.o)
 .text.xQueueGenericReset
                0x0800404c       0xc0 ..\Libraries\libFreeRTOS.a(queue.o)
                0x0800404c                xQueueGenericReset
 .text.xQueueGenericCreate
                0x0800410c       0x90 ..\Libraries\libFreeRTOS.a(queue.o)
                0x0800410c                xQueueGenericCreate
 .text.xQueueGenericSend
                0x0800419c      0x19c ..\Libraries\libFreeRTOS.a(queue.o)
                0x0800419c                xQueueGenericSend
 .text.xQueueGenericSendFromISR
                0x08004338       0xe8 ..\Libraries\libFreeRTOS.a(queue.o)
                0x08004338                xQueueGenericSendFromISR
 .text.xQueueGenericReceive
                0x08004420      0x1dc ..\Libraries\libFreeRTOS.a(queue.o)
                0x08004420                xQueueGenericReceive
 .text.prvCopyDataToQueue
                0x080045fc       0xdc ..\Libraries\libFreeRTOS.a(queue.o)
 .text.prvCopyDataFromQueue
                0x080046d8       0x50 ..\Libraries\libFreeRTOS.a(queue.o)
 .text.prvUnlockQueue
                0x08004728       0xa0 ..\Libraries\libFreeRTOS.a(queue.o)
 .text.prvIsQueueEmpty
                0x080047c8       0x34 ..\Libraries\libFreeRTOS.a(queue.o)
 .text.prvIsQueueFull
                0x080047fc       0x38 ..\Libraries\libFreeRTOS.a(queue.o)
 .text.vQueueAddToRegistry
                0x08004834       0x64 ..\Libraries\libFreeRTOS.a(queue.o)
                0x08004834                vQueueAddToRegistry
 .text.vQueueWaitForMessageRestricted
                0x08004898       0x60 ..\Libraries\libFreeRTOS.a(queue.o)
                0x08004898                vQueueWaitForMessageRestricted
 .text.memcmp   0x080048f8       0x1e f:/atollic true studio/truestudio for arm pro 5.1.1/armtools/bin/../lib/gcc/arm-atollic-eabi/4.8.3/../../../../arm-atollic-eabi/lib/armv7e-m/softfp\libc.a(lib_a-memcmp.o)
                0x080048f8                memcmp
 .text.memcpy   0x08004916       0x12 f:/atollic true studio/truestudio for arm pro 5.1.1/armtools/bin/../lib/gcc/arm-atollic-eabi/4.8.3/../../../../arm-atollic-eabi/lib/armv7e-m/softfp\libc.a(lib_a-memcpy-stub.o)
                0x08004916                memcpy
 .text.memset   0x08004928       0x10 f:/atollic true studio/truestudio for arm pro 5.1.1/armtools/bin/../lib/gcc/arm-atollic-eabi/4.8.3/../../../../arm-atollic-eabi/lib/armv7e-m/softfp\libc.a(lib_a-memset.o)
                0x08004928                memset
 *(.rodata)
 .rodata        0x08004938        0x4 src\tiny_printf.o
 .rodata        0x0800493c       0x44 src\main.o
 .rodata        0x08004980      0x1a8 ..\Libraries\libBSP.a(carme.o)
 .rodata        0x08004b28        0x8 ..\Libraries\libFreeRTOS.a(tasks.o)
 .rodata        0x08004b30       0x10 ..\Libraries\libFreeRTOS.a(timers.o)
 *(.rodata*)
 .rodata.ucExpectedStackBytes.5284
                0x08004b40       0x14 ..\Libraries\libFreeRTOS.a(tasks.o)
 .rodata.heapSTRUCT_SIZE
                0x08004b54        0x2 ..\Libraries\libFreeRTOS.a(heap_4.o)
 *fill*         0x08004b56        0x2 
 .rodata.xTotalHeapSize
                0x08004b58        0x4 ..\Libraries\libFreeRTOS.a(heap_4.o)
 .rodata.pcInterruptPriorityRegisters
                0x08004b5c        0x4 ..\Libraries\libFreeRTOS.a(port.o)
 *(.glue_7)
 .glue_7        0x00000000        0x0 linker stubs
 *(.glue_7t)
 .glue_7t       0x00000000        0x0 linker stubs
 *(.eh_frame)
 .eh_frame      0x08004b60        0x0 f:/atollic true studio/truestudio for arm pro 5.1.1/armtools/bin/../lib/gcc/arm-atollic-eabi/4.8.3/armv7e-m/softfp/crtbegin.o
 *(.init)
 .init          0x08004b60        0x4 f:/atollic true studio/truestudio for arm pro 5.1.1/armtools/bin/../lib/gcc/arm-atollic-eabi/4.8.3/armv7e-m/softfp/crti.o
                0x08004b60                _init
 .init          0x08004b64        0x8 f:/atollic true studio/truestudio for arm pro 5.1.1/armtools/bin/../lib/gcc/arm-atollic-eabi/4.8.3/armv7e-m/softfp/crtn.o
 *(.fini)
 .fini          0x08004b6c        0x4 f:/atollic true studio/truestudio for arm pro 5.1.1/armtools/bin/../lib/gcc/arm-atollic-eabi/4.8.3/armv7e-m/softfp/crti.o
                0x08004b6c                _fini
 .fini          0x08004b70        0x8 f:/atollic true studio/truestudio for arm pro 5.1.1/armtools/bin/../lib/gcc/arm-atollic-eabi/4.8.3/armv7e-m/softfp/crtn.o
                0x08004b78                . = ALIGN (0x4)
                0x08004b78                _etext = .

.vfp11_veneer   0x08004b78        0x0
 .vfp11_veneer  0x00000000        0x0 linker stubs

.v4_bx          0x08004b78        0x0
 .v4_bx         0x00000000        0x0 linker stubs

.iplt           0x08004b78        0x0
 .iplt          0x00000000        0x0 f:/atollic true studio/truestudio for arm pro 5.1.1/armtools/bin/../lib/gcc/arm-atollic-eabi/4.8.3/armv7e-m/softfp/crtbegin.o

.rel.dyn        0x08004b78        0x0
 .rel.iplt      0x00000000        0x0 f:/atollic true studio/truestudio for arm pro 5.1.1/armtools/bin/../lib/gcc/arm-atollic-eabi/4.8.3/armv7e-m/softfp/crtbegin.o

.ARM.extab
 *(.ARM.extab* .gnu.linkonce.armextab.*)

.ARM            0x08004b78        0x0
                0x08004b78                __exidx_start = .
 *(.ARM.exidx*)
                0x08004b78                __exidx_end = .

.preinit_array  0x08004b78        0x0
                0x08004b78                PROVIDE (__preinit_array_start, .)
 *(.preinit_array*)
                0x08004b78                PROVIDE (__preinit_array_end, .)

.init_array     0x08004b78        0x4
                0x08004b78                PROVIDE (__init_array_start, .)
 *(SORT(.init_array.*))
 *(.init_array*)
 .init_array    0x08004b78        0x4 f:/atollic true studio/truestudio for arm pro 5.1.1/armtools/bin/../lib/gcc/arm-atollic-eabi/4.8.3/armv7e-m/softfp/crtbegin.o
                0x08004b7c                PROVIDE (__init_array_end, .)

.fini_array     0x08004b7c        0x4
                0x08004b7c                PROVIDE (__fini_array_start, .)
 *(SORT(.fini_array.*))
 *(.fini_array*)
 .fini_array    0x08004b7c        0x4 f:/atollic true studio/truestudio for arm pro 5.1.1/armtools/bin/../lib/gcc/arm-atollic-eabi/4.8.3/armv7e-m/softfp/crtbegin.o
                0x08004b80                PROVIDE (__fini_array_end, .)
                0x08004b80                _sidata = LOADADDR (.data)

.data           0x20000000      0x11c load address 0x08004b80
                0x20000000                . = ALIGN (0x4)
                0x20000000                _sdata = .
 *(.data)
 *(.data*)
 .data.APBAHBPrescTable
                0x20000000       0x10 ..\Libraries\libBSP.a(stm32f4xx_rcc.o)
 .data.CARME_UART_Port_Pin
                0x20000010       0x58 ..\Libraries\libBSP.a(uart.o)
 .data.SystemCoreClock
                0x20000068        0x4 ..\Libraries\libBSP.a(system_stm32f4xx.o)
                0x20000068                SystemCoreClock
 .data.CARME_AGPIO_Port_Pin
                0x2000006c       0xa0 ..\Libraries\libBSP.a(carme.o)
 .data.xNextTaskUnblockTime
                0x2000010c        0x4 ..\Libraries\libFreeRTOS.a(tasks.o)
 .data.xFreeBytesRemaining
                0x20000110        0x4 ..\Libraries\libFreeRTOS.a(heap_4.o)
 .data.xMinimumEverFreeBytesRemaining
                0x20000114        0x4 ..\Libraries\libFreeRTOS.a(heap_4.o)
 .data.uxCriticalNesting
                0x20000118        0x4 ..\Libraries\libFreeRTOS.a(port.o)
                0x2000011c                . = ALIGN (0x4)
                0x2000011c                _edata = .
                0x08004c9c                _siccmram = LOADADDR (.ccmram)

.jcr            0x2000011c        0x0 load address 0x08004c9c
 .jcr           0x2000011c        0x0 f:/atollic true studio/truestudio for arm pro 5.1.1/armtools/bin/../lib/gcc/arm-atollic-eabi/4.8.3/armv7e-m/softfp/crtbegin.o

.igot.plt       0x2000011c        0x0 load address 0x08004c9c
 .igot.plt      0x00000000        0x0 f:/atollic true studio/truestudio for arm pro 5.1.1/armtools/bin/../lib/gcc/arm-atollic-eabi/4.8.3/armv7e-m/softfp/crtbegin.o

.ccmram         0x10000000        0x0 load address 0x08004c9c
                0x10000000                . = ALIGN (0x4)
                0x10000000                _sccmram = .
 *(.ccmram)
 *(.ccmram*)
                0x10000000                . = ALIGN (0x4)
                0x10000000                _eccmram = .
                0x10000000                . = ALIGN (0x4)

.bss            0x2000011c    0x12da8
                0x2000011c                _sbss = .
                0x2000011c                __bss_start__ = _sbss
 *(.bss)
 .bss           0x2000011c       0x1c f:/atollic true studio/truestudio for arm pro 5.1.1/armtools/bin/../lib/gcc/arm-atollic-eabi/4.8.3/armv7e-m/softfp/crtbegin.o
 *(.bss*)
 .bss.pxCurrentTCB
                0x20000138        0x4 ..\Libraries\libFreeRTOS.a(tasks.o)
                0x20000138                pxCurrentTCB
 .bss.pxReadyTasksLists
                0x2000013c       0x64 ..\Libraries\libFreeRTOS.a(tasks.o)
 .bss.xDelayedTaskList1
                0x200001a0       0x14 ..\Libraries\libFreeRTOS.a(tasks.o)
 .bss.xDelayedTaskList2
                0x200001b4       0x14 ..\Libraries\libFreeRTOS.a(tasks.o)
 .bss.pxDelayedTaskList
                0x200001c8        0x4 ..\Libraries\libFreeRTOS.a(tasks.o)
 .bss.pxOverflowDelayedTaskList
                0x200001cc        0x4 ..\Libraries\libFreeRTOS.a(tasks.o)
 .bss.xPendingReadyList
                0x200001d0       0x14 ..\Libraries\libFreeRTOS.a(tasks.o)
 .bss.xTasksWaitingTermination
                0x200001e4       0x14 ..\Libraries\libFreeRTOS.a(tasks.o)
 .bss.uxTasksDeleted
                0x200001f8        0x4 ..\Libraries\libFreeRTOS.a(tasks.o)
 .bss.xSuspendedTaskList
                0x200001fc       0x14 ..\Libraries\libFreeRTOS.a(tasks.o)
 .bss.uxCurrentNumberOfTasks
                0x20000210        0x4 ..\Libraries\libFreeRTOS.a(tasks.o)
 .bss.xTickCount
                0x20000214        0x4 ..\Libraries\libFreeRTOS.a(tasks.o)
 .bss.uxTopReadyPriority
                0x20000218        0x4 ..\Libraries\libFreeRTOS.a(tasks.o)
 .bss.xSchedulerRunning
                0x2000021c        0x4 ..\Libraries\libFreeRTOS.a(tasks.o)
 .bss.uxPendedTicks
                0x20000220        0x4 ..\Libraries\libFreeRTOS.a(tasks.o)
 .bss.xYieldPending
                0x20000224        0x4 ..\Libraries\libFreeRTOS.a(tasks.o)
 .bss.xNumOfOverflows
                0x20000228        0x4 ..\Libraries\libFreeRTOS.a(tasks.o)
 .bss.uxTaskNumber
                0x2000022c        0x4 ..\Libraries\libFreeRTOS.a(tasks.o)
 .bss.uxSchedulerSuspended
                0x20000230        0x4 ..\Libraries\libFreeRTOS.a(tasks.o)
 .bss.ucHeap    0x20000234    0x12c00 ..\Libraries\libFreeRTOS.a(heap_4.o)
 .bss.xStart    0x20012e34        0x8 ..\Libraries\libFreeRTOS.a(heap_4.o)
 .bss.pxEnd     0x20012e3c        0x4 ..\Libraries\libFreeRTOS.a(heap_4.o)
 .bss.xBlockAllocatedBit
                0x20012e40        0x4 ..\Libraries\libFreeRTOS.a(heap_4.o)
 .bss.ucMaxSysCallPriority
                0x20012e44        0x1 ..\Libraries\libFreeRTOS.a(port.o)
 *fill*         0x20012e45        0x3 
 .bss.ulMaxPRIGROUPValue
                0x20012e48        0x4 ..\Libraries\libFreeRTOS.a(port.o)
 .bss.xActiveTimerList1
                0x20012e4c       0x14 ..\Libraries\libFreeRTOS.a(timers.o)
 .bss.xActiveTimerList2
                0x20012e60       0x14 ..\Libraries\libFreeRTOS.a(timers.o)
 .bss.pxCurrentTimerList
                0x20012e74        0x4 ..\Libraries\libFreeRTOS.a(timers.o)
 .bss.pxOverflowTimerList
                0x20012e78        0x4 ..\Libraries\libFreeRTOS.a(timers.o)
 .bss.xTimerQueue
                0x20012e7c        0x4 ..\Libraries\libFreeRTOS.a(timers.o)
 .bss.xLastTime.5138
                0x20012e80        0x4 ..\Libraries\libFreeRTOS.a(timers.o)
 *(COMMON)
 COMMON         0x20012e84       0x40 ..\Libraries\libFreeRTOS.a(queue.o)
                0x20012e84                xQueueRegistry
                0x20012ec4                . = ALIGN (0x4)
                0x20012ec4                _ebss = .
                0x20012ec4                __bss_end__ = _ebss

._user_heap_stack
                0x20012ec4     0x2000
                0x20012ec4                . = ALIGN (0x4)
                0x20012ec4                PROVIDE (end, .)
                0x20012ec4                PROVIDE (_end, .)
                0x20013ec4                . = (. + _Min_Heap_Size)
 *fill*         0x20012ec4     0x1000 
                0x20014ec4                . = (. + _Min_Stack_Size)
 *fill*         0x20013ec4     0x1000 
                0x20014ec4                . = ALIGN (0x4)

.memory_b1_text
 *(.mb1text)
 *(.mb1text*)
 *(.mb1rodata)
 *(.mb1rodata*)

/DISCARD/
 libc.a(*)
 libm.a(*)
 libgcc.a(*)

.ARM.attributes
                0x00000000       0x30
 *(.ARM.attributes)
 .ARM.attributes
                0x00000000       0x22 f:/atollic true studio/truestudio for arm pro 5.1.1/armtools/bin/../lib/gcc/arm-atollic-eabi/4.8.3/armv7e-m/softfp/crti.o
 .ARM.attributes
                0x00000022       0x32 f:/atollic true studio/truestudio for arm pro 5.1.1/armtools/bin/../lib/gcc/arm-atollic-eabi/4.8.3/armv7e-m/softfp/crtbegin.o
 .ARM.attributes
                0x00000054       0x37 src\tiny_printf.o
 .ARM.attributes
                0x0000008b       0x37 src\syscalls.o
 .ARM.attributes
                0x000000c2       0x21 src\startup.o
 .ARM.attributes
                0x000000e3       0x37 src\main.o
 .ARM.attributes
                0x0000011a       0x32 f:/atollic true studio/truestudio for arm pro 5.1.1/armtools/bin/../lib/gcc/arm-atollic-eabi/4.8.3/../../../../arm-atollic-eabi/lib/armv7e-m/softfp\libc_s.a(lib_a-init.o)
 .ARM.attributes
                0x0000014c       0x32 f:/atollic true studio/truestudio for arm pro 5.1.1/armtools/bin/../lib/gcc/arm-atollic-eabi/4.8.3/../../../../arm-atollic-eabi/lib/armv7e-m/softfp\libc_s.a(lib_a-strlen.o)
 .ARM.attributes
                0x0000017e       0x22 f:/atollic true studio/truestudio for arm pro 5.1.1/armtools/bin/../lib/gcc/arm-atollic-eabi/4.8.3/armv7e-m/softfp/crtn.o
 .ARM.attributes
                0x000001a0       0x39 ..\Libraries\libBSP.a(stm32f4xx_usart.o)
 .ARM.attributes
                0x000001d9       0x39 ..\Libraries\libBSP.a(stm32f4xx_rcc.o)
 .ARM.attributes
                0x00000212       0x39 ..\Libraries\libBSP.a(misc.o)
 .ARM.attributes
                0x0000024b       0x39 ..\Libraries\libBSP.a(uart.o)
 .ARM.attributes
                0x00000284       0x39 ..\Libraries\libBSP.a(system_stm32f4xx.o)
 .ARM.attributes
                0x000002bd       0x39 ..\Libraries\libBSP.a(carme.o)
 .ARM.attributes
                0x000002f6       0x39 ..\Libraries\libBSP.a(stm32f4xx_gpio.o)
 .ARM.attributes
                0x0000032f       0x39 ..\Libraries\libBSP.a(stm32f4xx_fsmc.o)
 .ARM.attributes
                0x00000368       0x39 ..\Libraries\libFreeRTOS.a(tasks.o)
 .ARM.attributes
                0x000003a1       0x39 ..\Libraries\libFreeRTOS.a(heap_4.o)
 .ARM.attributes
                0x000003da       0x39 ..\Libraries\libFreeRTOS.a(port.o)
 .ARM.attributes
                0x00000413       0x39 ..\Libraries\libFreeRTOS.a(list.o)
 .ARM.attributes
                0x0000044c       0x39 ..\Libraries\libFreeRTOS.a(timers.o)
 .ARM.attributes
                0x00000485       0x39 ..\Libraries\libFreeRTOS.a(queue.o)
OUTPUT(Miniproject_RTOS.elf elf32-littlearm)

.debug_info     0x00000000     0x8a89
 .debug_info    0x00000000      0xbc2 src\tiny_printf.o
 .debug_info    0x00000bc2      0x7e6 src\syscalls.o
 .debug_info    0x000013a8       0x82 src\startup.o
 .debug_info    0x0000142a      0x27e src\main.o
 .debug_info    0x000016a8      0xa69 ..\Libraries\libBSP.a(stm32f4xx_usart.o)
 .debug_info    0x00002111      0xf30 ..\Libraries\libBSP.a(stm32f4xx_rcc.o)
 .debug_info    0x00003041      0x596 ..\Libraries\libBSP.a(misc.o)
 .debug_info    0x000035d7      0x676 ..\Libraries\libBSP.a(uart.o)
 .debug_info    0x00003c4d      0x62b ..\Libraries\libBSP.a(system_stm32f4xx.o)
 .debug_info    0x00004278      0x6f9 ..\Libraries\libBSP.a(carme.o)
 .debug_info    0x00004971      0x647 ..\Libraries\libBSP.a(stm32f4xx_gpio.o)
 .debug_info    0x00004fb8      0x9b5 ..\Libraries\libBSP.a(stm32f4xx_fsmc.o)
 .debug_info    0x0000596d     0x1323 ..\Libraries\libFreeRTOS.a(tasks.o)
 .debug_info    0x00006c90      0x336 ..\Libraries\libFreeRTOS.a(heap_4.o)
 .debug_info    0x00006fc6      0x36d ..\Libraries\libFreeRTOS.a(port.o)
 .debug_info    0x00007333      0x2c5 ..\Libraries\libFreeRTOS.a(list.o)
 .debug_info    0x000075f8      0x843 ..\Libraries\libFreeRTOS.a(timers.o)
 .debug_info    0x00007e3b      0xc4e ..\Libraries\libFreeRTOS.a(queue.o)

.debug_abbrev   0x00000000     0x1a7a
 .debug_abbrev  0x00000000      0x248 src\tiny_printf.o
 .debug_abbrev  0x00000248      0x1ed src\syscalls.o
 .debug_abbrev  0x00000435       0x12 src\startup.o
 .debug_abbrev  0x00000447       0xfc src\main.o
 .debug_abbrev  0x00000543      0x159 ..\Libraries\libBSP.a(stm32f4xx_usart.o)
 .debug_abbrev  0x0000069c      0x1be ..\Libraries\libBSP.a(stm32f4xx_rcc.o)
 .debug_abbrev  0x0000085a      0x12b ..\Libraries\libBSP.a(misc.o)
 .debug_abbrev  0x00000985      0x16d ..\Libraries\libBSP.a(uart.o)
 .debug_abbrev  0x00000af2      0x13a ..\Libraries\libBSP.a(system_stm32f4xx.o)
 .debug_abbrev  0x00000c2c      0x1c2 ..\Libraries\libBSP.a(carme.o)
 .debug_abbrev  0x00000dee      0x1a7 ..\Libraries\libBSP.a(stm32f4xx_gpio.o)
 .debug_abbrev  0x00000f95      0x174 ..\Libraries\libBSP.a(stm32f4xx_fsmc.o)
 .debug_abbrev  0x00001109      0x228 ..\Libraries\libFreeRTOS.a(tasks.o)
 .debug_abbrev  0x00001331      0x18c ..\Libraries\libFreeRTOS.a(heap_4.o)
 .debug_abbrev  0x000014bd      0x1b7 ..\Libraries\libFreeRTOS.a(port.o)
 .debug_abbrev  0x00001674       0xc0 ..\Libraries\libFreeRTOS.a(list.o)
 .debug_abbrev  0x00001734      0x18a ..\Libraries\libFreeRTOS.a(timers.o)
 .debug_abbrev  0x000018be      0x1bc ..\Libraries\libFreeRTOS.a(queue.o)

.debug_aranges  0x00000000      0xac0
 .debug_aranges
                0x00000000       0x60 src\tiny_printf.o
 .debug_aranges
                0x00000060       0xb0 src\syscalls.o
 .debug_aranges
                0x00000110       0x28 src\startup.o
 .debug_aranges
                0x00000138       0x30 src\main.o
 .debug_aranges
                0x00000168      0x100 ..\Libraries\libBSP.a(stm32f4xx_usart.o)
 .debug_aranges
                0x00000268      0x1b8 ..\Libraries\libBSP.a(stm32f4xx_rcc.o)
 .debug_aranges
                0x00000420       0x40 ..\Libraries\libBSP.a(misc.o)
 .debug_aranges
                0x00000460       0x48 ..\Libraries\libBSP.a(uart.o)
 .debug_aranges
                0x000004a8       0x30 ..\Libraries\libBSP.a(system_stm32f4xx.o)
 .debug_aranges
                0x000004d8       0x78 ..\Libraries\libBSP.a(carme.o)
 .debug_aranges
                0x00000550       0x88 ..\Libraries\libBSP.a(stm32f4xx_gpio.o)
 .debug_aranges
                0x000005d8       0xb0 ..\Libraries\libBSP.a(stm32f4xx_fsmc.o)
 .debug_aranges
                0x00000688      0x188 ..\Libraries\libFreeRTOS.a(tasks.o)
 .debug_aranges
                0x00000810       0x50 ..\Libraries\libFreeRTOS.a(heap_4.o)
 .debug_aranges
                0x00000860       0x98 ..\Libraries\libFreeRTOS.a(port.o)
 .debug_aranges
                0x000008f8       0x40 ..\Libraries\libFreeRTOS.a(list.o)
 .debug_aranges
                0x00000938       0x90 ..\Libraries\libFreeRTOS.a(timers.o)
 .debug_aranges
                0x000009c8       0xf8 ..\Libraries\libFreeRTOS.a(queue.o)

.debug_ranges   0x00000000      0x9a8
 .debug_ranges  0x00000000       0x50 src\tiny_printf.o
 .debug_ranges  0x00000050       0xa0 src\syscalls.o
 .debug_ranges  0x000000f0       0x20 src\startup.o
 .debug_ranges  0x00000110       0x20 src\main.o
 .debug_ranges  0x00000130       0xf0 ..\Libraries\libBSP.a(stm32f4xx_usart.o)
 .debug_ranges  0x00000220      0x1a8 ..\Libraries\libBSP.a(stm32f4xx_rcc.o)
 .debug_ranges  0x000003c8       0x30 ..\Libraries\libBSP.a(misc.o)
 .debug_ranges  0x000003f8       0x38 ..\Libraries\libBSP.a(uart.o)
 .debug_ranges  0x00000430       0x20 ..\Libraries\libBSP.a(system_stm32f4xx.o)
 .debug_ranges  0x00000450       0x68 ..\Libraries\libBSP.a(carme.o)
 .debug_ranges  0x000004b8       0x78 ..\Libraries\libBSP.a(stm32f4xx_gpio.o)
 .debug_ranges  0x00000530       0xa0 ..\Libraries\libBSP.a(stm32f4xx_fsmc.o)
 .debug_ranges  0x000005d0      0x178 ..\Libraries\libFreeRTOS.a(tasks.o)
 .debug_ranges  0x00000748       0x40 ..\Libraries\libFreeRTOS.a(heap_4.o)
 .debug_ranges  0x00000788       0x88 ..\Libraries\libFreeRTOS.a(port.o)
 .debug_ranges  0x00000810       0x30 ..\Libraries\libFreeRTOS.a(list.o)
 .debug_ranges  0x00000840       0x80 ..\Libraries\libFreeRTOS.a(timers.o)
 .debug_ranges  0x000008c0       0xe8 ..\Libraries\libFreeRTOS.a(queue.o)

.debug_line     0x00000000     0x4650
 .debug_line    0x00000000      0x2c3 src\tiny_printf.o
 .debug_line    0x000002c3      0x351 src\syscalls.o
 .debug_line    0x00000614       0x7b src\startup.o
 .debug_line    0x0000068f      0x1d1 src\main.o
 .debug_line    0x00000860      0x496 ..\Libraries\libBSP.a(stm32f4xx_usart.o)
 .debug_line    0x00000cf6      0x62f ..\Libraries\libBSP.a(stm32f4xx_rcc.o)
 .debug_line    0x00001325      0x231 ..\Libraries\libBSP.a(misc.o)
 .debug_line    0x00001556      0x2ce ..\Libraries\libBSP.a(uart.o)
 .debug_line    0x00001824      0x203 ..\Libraries\libBSP.a(system_stm32f4xx.o)
 .debug_line    0x00001a27      0x5ca ..\Libraries\libBSP.a(carme.o)
 .debug_line    0x00001ff1      0x331 ..\Libraries\libBSP.a(stm32f4xx_gpio.o)
 .debug_line    0x00002322      0x442 ..\Libraries\libBSP.a(stm32f4xx_fsmc.o)
 .debug_line    0x00002764      0xb22 ..\Libraries\libFreeRTOS.a(tasks.o)
 .debug_line    0x00003286      0x26f ..\Libraries\libFreeRTOS.a(heap_4.o)
 .debug_line    0x000034f5      0x390 ..\Libraries\libFreeRTOS.a(port.o)
 .debug_line    0x00003885      0x207 ..\Libraries\libFreeRTOS.a(list.o)
 .debug_line    0x00003a8c      0x3c9 ..\Libraries\libFreeRTOS.a(timers.o)
 .debug_line    0x00003e55      0x7fb ..\Libraries\libFreeRTOS.a(queue.o)

.debug_str      0x00000000     0x393c
 .debug_str     0x00000000      0x594 src\tiny_printf.o
                                0x61a (size before relaxing)
 .debug_str     0x00000594      0x26d src\syscalls.o
                                0x489 (size before relaxing)
 .debug_str     0x00000801       0xbe src\main.o
                                0x30a (size before relaxing)
 .debug_str     0x000008bf      0x485 ..\Libraries\libBSP.a(stm32f4xx_usart.o)
                                0x643 (size before relaxing)
 .debug_str     0x00000d44      0x707 ..\Libraries\libBSP.a(stm32f4xx_rcc.o)
                                0x949 (size before relaxing)
 .debug_str     0x0000144b      0x205 ..\Libraries\libBSP.a(misc.o)
                                0x38d (size before relaxing)
 .debug_str     0x00001650      0x272 ..\Libraries\libBSP.a(uart.o)
                                0x513 (size before relaxing)
 .debug_str     0x000018c2       0xa5 ..\Libraries\libBSP.a(system_stm32f4xx.o)
                                0x373 (size before relaxing)
 .debug_str     0x00001967      0x384 ..\Libraries\libBSP.a(carme.o)
                                0x69d (size before relaxing)
 .debug_str     0x00001ceb      0x137 ..\Libraries\libBSP.a(stm32f4xx_gpio.o)
                                0x454 (size before relaxing)
 .debug_str     0x00001e22      0x3c0 ..\Libraries\libBSP.a(stm32f4xx_fsmc.o)
                                0x748 (size before relaxing)
 .debug_str     0x000021e2      0xa55 ..\Libraries\libFreeRTOS.a(tasks.o)
                                0xbb0 (size before relaxing)
 .debug_str     0x00002c37      0x209 ..\Libraries\libFreeRTOS.a(heap_4.o)
                                0x339 (size before relaxing)
 .debug_str     0x00002e40      0x239 ..\Libraries\libFreeRTOS.a(port.o)
                                0x3c0 (size before relaxing)
 .debug_str     0x00003079       0x9c ..\Libraries\libFreeRTOS.a(list.o)
                                0x271 (size before relaxing)
 .debug_str     0x00003115      0x3d4 ..\Libraries\libFreeRTOS.a(timers.o)
                                0x609 (size before relaxing)
 .debug_str     0x000034e9      0x453 ..\Libraries\libFreeRTOS.a(queue.o)
                                0x6f0 (size before relaxing)

.comment        0x00000000      0x104
 .comment       0x00000000       0x82 src\tiny_printf.o
                                 0x83 (size before relaxing)
 .comment       0x00000000       0x83 src\syscalls.o
 .comment       0x00000000       0x83 src\main.o
 .comment       0x00000082       0x82 ..\Libraries\libBSP.a(stm32f4xx_usart.o)
                                 0x83 (size before relaxing)
 .comment       0x00000000       0x83 ..\Libraries\libBSP.a(stm32f4xx_rcc.o)
 .comment       0x00000000       0x83 ..\Libraries\libBSP.a(misc.o)
 .comment       0x00000000       0x83 ..\Libraries\libBSP.a(uart.o)
 .comment       0x00000000       0x83 ..\Libraries\libBSP.a(system_stm32f4xx.o)
 .comment       0x00000000       0x83 ..\Libraries\libBSP.a(carme.o)
 .comment       0x00000000       0x83 ..\Libraries\libBSP.a(stm32f4xx_gpio.o)
 .comment       0x00000000       0x83 ..\Libraries\libBSP.a(stm32f4xx_fsmc.o)
 .comment       0x00000000       0x83 ..\Libraries\libFreeRTOS.a(tasks.o)
 .comment       0x00000000       0x83 ..\Libraries\libFreeRTOS.a(heap_4.o)
 .comment       0x00000000       0x83 ..\Libraries\libFreeRTOS.a(port.o)
 .comment       0x00000000       0x83 ..\Libraries\libFreeRTOS.a(list.o)
 .comment       0x00000000       0x83 ..\Libraries\libFreeRTOS.a(timers.o)
 .comment       0x00000000       0x83 ..\Libraries\libFreeRTOS.a(queue.o)

.debug_frame    0x00000000     0x2228
 .debug_frame   0x00000000      0x154 src\tiny_printf.o
 .debug_frame   0x00000154      0x22c src\syscalls.o
 .debug_frame   0x00000380       0x70 src\main.o
 .debug_frame   0x000003f0       0x2c f:/atollic true studio/truestudio for arm pro 5.1.1/armtools/bin/../lib/gcc/arm-atollic-eabi/4.8.3/../../../../arm-atollic-eabi/lib/armv7e-m/softfp\libc_s.a(lib_a-init.o)
 .debug_frame   0x0000041c       0x20 f:/atollic true studio/truestudio for arm pro 5.1.1/armtools/bin/../lib/gcc/arm-atollic-eabi/4.8.3/../../../../arm-atollic-eabi/lib/armv7e-m/softfp\libc_s.a(lib_a-strlen.o)
 .debug_frame   0x0000043c      0x344 ..\Libraries\libBSP.a(stm32f4xx_usart.o)
 .debug_frame   0x00000780      0x5b8 ..\Libraries\libBSP.a(stm32f4xx_rcc.o)
 .debug_frame   0x00000d38       0x9c ..\Libraries\libBSP.a(misc.o)
 .debug_frame   0x00000dd4       0xd0 ..\Libraries\libBSP.a(uart.o)
 .debug_frame   0x00000ea4       0x64 ..\Libraries\libBSP.a(system_stm32f4xx.o)
 .debug_frame   0x00000f08      0x178 ..\Libraries\libBSP.a(carme.o)
 .debug_frame   0x00001080      0x19c ..\Libraries\libBSP.a(stm32f4xx_gpio.o)
 .debug_frame   0x0000121c      0x220 ..\Libraries\libBSP.a(stm32f4xx_fsmc.o)
 .debug_frame   0x0000143c      0x598 ..\Libraries\libFreeRTOS.a(tasks.o)
 .debug_frame   0x000019d4       0xd4 ..\Libraries\libFreeRTOS.a(heap_4.o)
 .debug_frame   0x00001aa8      0x188 ..\Libraries\libFreeRTOS.a(port.o)
 .debug_frame   0x00001c30       0x9c ..\Libraries\libFreeRTOS.a(list.o)
 .debug_frame   0x00001ccc      0x1e0 ..\Libraries\libFreeRTOS.a(timers.o)
 .debug_frame   0x00001eac      0x37c ..\Libraries\libFreeRTOS.a(queue.o)

.debug_loc      0x00000000     0x35c0
 .debug_loc     0x00000000      0x658 ..\Libraries\libBSP.a(stm32f4xx_usart.o)
 .debug_loc     0x00000658      0xb3c ..\Libraries\libBSP.a(stm32f4xx_rcc.o)
 .debug_loc     0x00001194      0x118 ..\Libraries\libBSP.a(misc.o)
 .debug_loc     0x000012ac      0x150 ..\Libraries\libBSP.a(uart.o)
 .debug_loc     0x000013fc       0x9c ..\Libraries\libBSP.a(system_stm32f4xx.o)
 .debug_loc     0x00001498      0x268 ..\Libraries\libBSP.a(carme.o)
 .debug_loc     0x00001700      0x310 ..\Libraries\libBSP.a(stm32f4xx_gpio.o)
 .debug_loc     0x00001a10      0x41c ..\Libraries\libBSP.a(stm32f4xx_fsmc.o)
 .debug_loc     0x00001e2c      0x9e0 ..\Libraries\libFreeRTOS.a(tasks.o)
 .debug_loc     0x0000280c      0x164 ..\Libraries\libFreeRTOS.a(heap_4.o)
 .debug_loc     0x00002970      0x1dc ..\Libraries\libFreeRTOS.a(port.o)
 .debug_loc     0x00002b4c      0x118 ..\Libraries\libFreeRTOS.a(list.o)
 .debug_loc     0x00002c64      0x33c ..\Libraries\libFreeRTOS.a(timers.o)
 .debug_loc     0x00002fa0      0x620 ..\Libraries\libFreeRTOS.a(queue.o)

Cross Reference Table

Symbol                                            File
ADC_IRQHandler                                    src\startup.o
AHBPrescTable                                     ..\Libraries\libBSP.a(system_stm32f4xx.o)
BusFault_Handler                                  src\startup.o
CAN1_RX0_IRQHandler                               src\startup.o
CAN1_RX1_IRQHandler                               src\startup.o
CAN1_SCE_IRQHandler                               src\startup.o
CAN1_TX_IRQHandler                                src\startup.o
CAN2_RX0_IRQHandler                               src\startup.o
CAN2_RX1_IRQHandler                               src\startup.o
CAN2_SCE_IRQHandler                               src\startup.o
CAN2_TX_IRQHandler                                src\startup.o
CARME_AGPIO_Get                                   ..\Libraries\libBSP.a(carme.o)
CARME_AGPIO_Set                                   ..\Libraries\libBSP.a(carme.o)
CARME_GPIO_Init                                   ..\Libraries\libBSP.a(carme.o)
                                                  ..\Libraries\libBSP.a(uart.o)
CARME_Init                                        ..\Libraries\libBSP.a(carme.o)
                                                  src\startup.o
CARME_LED_Green_Reset                             ..\Libraries\libBSP.a(carme.o)
                                                  src\main.o
CARME_LED_Green_Set                               ..\Libraries\libBSP.a(carme.o)
                                                  src\main.o
CARME_LED_Red_Reset                               ..\Libraries\libBSP.a(carme.o)
                                                  src\startup.o
CARME_LED_Red_Set                                 ..\Libraries\libBSP.a(carme.o)
                                                  src\startup.o
CARME_UART_GPIO_Init                              ..\Libraries\libBSP.a(uart.o)
CARME_UART_Init                                   ..\Libraries\libBSP.a(uart.o)
                                                  src\main.o
CARME_UART_ReceiveChar                            ..\Libraries\libBSP.a(uart.o)
CARME_UART_ReceiveString                          ..\Libraries\libBSP.a(uart.o)
CARME_UART_SendChar                               ..\Libraries\libBSP.a(uart.o)
CARME_UART_SendString                             ..\Libraries\libBSP.a(uart.o)
CRYP_IRQHandler                                   src\startup.o
DCMI_IRQHandler                                   src\startup.o
DMA1_Stream0_IRQHandler                           src\startup.o
DMA1_Stream1_IRQHandler                           src\startup.o
DMA1_Stream2_IRQHandler                           src\startup.o
DMA1_Stream3_IRQHandler                           src\startup.o
DMA1_Stream4_IRQHandler                           src\startup.o
DMA1_Stream5_IRQHandler                           src\startup.o
DMA1_Stream6_IRQHandler                           src\startup.o
DMA1_Stream7_IRQHandler                           src\startup.o
DMA2_Stream0_IRQHandler                           src\startup.o
DMA2_Stream1_IRQHandler                           src\startup.o
DMA2_Stream2_IRQHandler                           src\startup.o
DMA2_Stream3_IRQHandler                           src\startup.o
DMA2_Stream4_IRQHandler                           src\startup.o
DMA2_Stream5_IRQHandler                           src\startup.o
DMA2_Stream6_IRQHandler                           src\startup.o
DMA2_Stream7_IRQHandler                           src\startup.o
DebugMon_Handler                                  src\startup.o
Default_Handler                                   src\startup.o
ETH_IRQHandler                                    src\startup.o
ETH_WKUP_IRQHandler                               src\startup.o
EXTI0_IRQHandler                                  src\startup.o
EXTI15_10_IRQHandler                              src\startup.o
EXTI1_IRQHandler                                  src\startup.o
EXTI2_IRQHandler                                  src\startup.o
EXTI3_IRQHandler                                  src\startup.o
EXTI4_IRQHandler                                  src\startup.o
EXTI9_5_IRQHandler                                src\startup.o
FLASH_IRQHandler                                  src\startup.o
FPU_IRQHandler                                    src\startup.o
FSMC_ClearFlag                                    ..\Libraries\libBSP.a(stm32f4xx_fsmc.o)
FSMC_ClearITPendingBit                            ..\Libraries\libBSP.a(stm32f4xx_fsmc.o)
FSMC_GetECC                                       ..\Libraries\libBSP.a(stm32f4xx_fsmc.o)
FSMC_GetFlagStatus                                ..\Libraries\libBSP.a(stm32f4xx_fsmc.o)
FSMC_GetITStatus                                  ..\Libraries\libBSP.a(stm32f4xx_fsmc.o)
FSMC_IRQHandler                                   src\startup.o
FSMC_ITConfig                                     ..\Libraries\libBSP.a(stm32f4xx_fsmc.o)
FSMC_NANDCmd                                      ..\Libraries\libBSP.a(stm32f4xx_fsmc.o)
FSMC_NANDDeInit                                   ..\Libraries\libBSP.a(stm32f4xx_fsmc.o)
FSMC_NANDECCCmd                                   ..\Libraries\libBSP.a(stm32f4xx_fsmc.o)
FSMC_NANDInit                                     ..\Libraries\libBSP.a(stm32f4xx_fsmc.o)
FSMC_NANDStructInit                               ..\Libraries\libBSP.a(stm32f4xx_fsmc.o)
FSMC_NORSRAMCmd                                   ..\Libraries\libBSP.a(stm32f4xx_fsmc.o)
                                                  ..\Libraries\libBSP.a(carme.o)
FSMC_NORSRAMDeInit                                ..\Libraries\libBSP.a(stm32f4xx_fsmc.o)
                                                  ..\Libraries\libBSP.a(carme.o)
FSMC_NORSRAMInit                                  ..\Libraries\libBSP.a(stm32f4xx_fsmc.o)
                                                  ..\Libraries\libBSP.a(carme.o)
FSMC_NORSRAMStructInit                            ..\Libraries\libBSP.a(stm32f4xx_fsmc.o)
FSMC_PCCARDCmd                                    ..\Libraries\libBSP.a(stm32f4xx_fsmc.o)
FSMC_PCCARDDeInit                                 ..\Libraries\libBSP.a(stm32f4xx_fsmc.o)
FSMC_PCCARDInit                                   ..\Libraries\libBSP.a(stm32f4xx_fsmc.o)
FSMC_PCCARDStructInit                             ..\Libraries\libBSP.a(stm32f4xx_fsmc.o)
GPIO_DeInit                                       ..\Libraries\libBSP.a(stm32f4xx_gpio.o)
                                                  ..\Libraries\libBSP.a(carme.o)
GPIO_Init                                         ..\Libraries\libBSP.a(stm32f4xx_gpio.o)
                                                  ..\Libraries\libBSP.a(carme.o)
GPIO_PinAFConfig                                  ..\Libraries\libBSP.a(stm32f4xx_gpio.o)
                                                  ..\Libraries\libBSP.a(carme.o)
GPIO_PinLockConfig                                ..\Libraries\libBSP.a(stm32f4xx_gpio.o)
GPIO_ReadInputData                                ..\Libraries\libBSP.a(stm32f4xx_gpio.o)
GPIO_ReadInputDataBit                             ..\Libraries\libBSP.a(stm32f4xx_gpio.o)
                                                  ..\Libraries\libBSP.a(carme.o)
GPIO_ReadOutputData                               ..\Libraries\libBSP.a(stm32f4xx_gpio.o)
GPIO_ReadOutputDataBit                            ..\Libraries\libBSP.a(stm32f4xx_gpio.o)
                                                  ..\Libraries\libBSP.a(carme.o)
GPIO_ResetBits                                    ..\Libraries\libBSP.a(stm32f4xx_gpio.o)
GPIO_SetBits                                      ..\Libraries\libBSP.a(stm32f4xx_gpio.o)
GPIO_StructInit                                   ..\Libraries\libBSP.a(stm32f4xx_gpio.o)
                                                  ..\Libraries\libBSP.a(carme.o)
                                                  ..\Libraries\libBSP.a(uart.o)
GPIO_ToggleBits                                   ..\Libraries\libBSP.a(stm32f4xx_gpio.o)
GPIO_Write                                        ..\Libraries\libBSP.a(stm32f4xx_gpio.o)
GPIO_WriteBit                                     ..\Libraries\libBSP.a(stm32f4xx_gpio.o)
                                                  ..\Libraries\libBSP.a(carme.o)
GreenLEDtask                                      src\main.o
HASH_RNG_IRQHandler                               src\startup.o
HardFault_Handler                                 src\startup.o
I2C1_ER_IRQHandler                                src\startup.o
I2C1_EV_IRQHandler                                src\startup.o
I2C2_ER_IRQHandler                                src\startup.o
I2C2_EV_IRQHandler                                src\startup.o
I2C3_ER_IRQHandler                                src\startup.o
I2C3_EV_IRQHandler                                src\startup.o
MemManage_Handler                                 src\startup.o
MyEXTI9_5_IRQHandler                              src\startup.o
NMI_Handler                                       src\startup.o
NVIC_Init                                         ..\Libraries\libBSP.a(misc.o)
NVIC_PriorityGroupConfig                          ..\Libraries\libBSP.a(misc.o)
                                                  src\main.o
NVIC_SetVectorTable                               ..\Libraries\libBSP.a(misc.o)
NVIC_SystemLPConfig                               ..\Libraries\libBSP.a(misc.o)
OTG_FS_IRQHandler                                 src\startup.o
OTG_FS_WKUP_IRQHandler                            src\startup.o
OTG_HS_EP1_IN_IRQHandler                          src\startup.o
OTG_HS_EP1_OUT_IRQHandler                         src\startup.o
OTG_HS_IRQHandler                                 src\startup.o
OTG_HS_WKUP_IRQHandler                            src\startup.o
PVD_IRQHandler                                    src\startup.o
PendSV_Handler                                    ..\Libraries\libFreeRTOS.a(port.o)
                                                  src\startup.o
RCC_AHB1PeriphClockCmd                            ..\Libraries\libBSP.a(stm32f4xx_rcc.o)
                                                  ..\Libraries\libBSP.a(carme.o)
RCC_AHB1PeriphClockLPModeCmd                      ..\Libraries\libBSP.a(stm32f4xx_rcc.o)
RCC_AHB1PeriphResetCmd                            ..\Libraries\libBSP.a(stm32f4xx_rcc.o)
                                                  ..\Libraries\libBSP.a(stm32f4xx_gpio.o)
RCC_AHB2PeriphClockCmd                            ..\Libraries\libBSP.a(stm32f4xx_rcc.o)
RCC_AHB2PeriphClockLPModeCmd                      ..\Libraries\libBSP.a(stm32f4xx_rcc.o)
RCC_AHB2PeriphResetCmd                            ..\Libraries\libBSP.a(stm32f4xx_rcc.o)
RCC_AHB3PeriphClockCmd                            ..\Libraries\libBSP.a(stm32f4xx_rcc.o)
                                                  ..\Libraries\libBSP.a(carme.o)
RCC_AHB3PeriphClockLPModeCmd                      ..\Libraries\libBSP.a(stm32f4xx_rcc.o)
RCC_AHB3PeriphResetCmd                            ..\Libraries\libBSP.a(stm32f4xx_rcc.o)
RCC_APB1PeriphClockCmd                            ..\Libraries\libBSP.a(stm32f4xx_rcc.o)
                                                  ..\Libraries\libBSP.a(uart.o)
RCC_APB1PeriphClockLPModeCmd                      ..\Libraries\libBSP.a(stm32f4xx_rcc.o)
RCC_APB1PeriphResetCmd                            ..\Libraries\libBSP.a(stm32f4xx_rcc.o)
                                                  ..\Libraries\libBSP.a(stm32f4xx_usart.o)
RCC_APB2PeriphClockCmd                            ..\Libraries\libBSP.a(stm32f4xx_rcc.o)
                                                  ..\Libraries\libBSP.a(carme.o)
                                                  ..\Libraries\libBSP.a(uart.o)
RCC_APB2PeriphClockLPModeCmd                      ..\Libraries\libBSP.a(stm32f4xx_rcc.o)
RCC_APB2PeriphResetCmd                            ..\Libraries\libBSP.a(stm32f4xx_rcc.o)
                                                  ..\Libraries\libBSP.a(stm32f4xx_usart.o)
RCC_AdjustHSICalibrationValue                     ..\Libraries\libBSP.a(stm32f4xx_rcc.o)
RCC_BackupResetCmd                                ..\Libraries\libBSP.a(stm32f4xx_rcc.o)
RCC_ClearFlag                                     ..\Libraries\libBSP.a(stm32f4xx_rcc.o)
RCC_ClearITPendingBit                             ..\Libraries\libBSP.a(stm32f4xx_rcc.o)
RCC_ClockSecuritySystemCmd                        ..\Libraries\libBSP.a(stm32f4xx_rcc.o)
RCC_DeInit                                        ..\Libraries\libBSP.a(stm32f4xx_rcc.o)
RCC_GetClocksFreq                                 ..\Libraries\libBSP.a(stm32f4xx_rcc.o)
                                                  ..\Libraries\libBSP.a(stm32f4xx_usart.o)
RCC_GetFlagStatus                                 ..\Libraries\libBSP.a(stm32f4xx_rcc.o)
RCC_GetITStatus                                   ..\Libraries\libBSP.a(stm32f4xx_rcc.o)
RCC_GetSYSCLKSource                               ..\Libraries\libBSP.a(stm32f4xx_rcc.o)
RCC_HCLKConfig                                    ..\Libraries\libBSP.a(stm32f4xx_rcc.o)
RCC_HSEConfig                                     ..\Libraries\libBSP.a(stm32f4xx_rcc.o)
RCC_HSICmd                                        ..\Libraries\libBSP.a(stm32f4xx_rcc.o)
RCC_I2SCLKConfig                                  ..\Libraries\libBSP.a(stm32f4xx_rcc.o)
RCC_IRQHandler                                    src\startup.o
RCC_ITConfig                                      ..\Libraries\libBSP.a(stm32f4xx_rcc.o)
RCC_LSEConfig                                     ..\Libraries\libBSP.a(stm32f4xx_rcc.o)
RCC_LSICmd                                        ..\Libraries\libBSP.a(stm32f4xx_rcc.o)
RCC_LTDCCLKDivConfig                              ..\Libraries\libBSP.a(stm32f4xx_rcc.o)
RCC_MCO1Config                                    ..\Libraries\libBSP.a(stm32f4xx_rcc.o)
RCC_MCO2Config                                    ..\Libraries\libBSP.a(stm32f4xx_rcc.o)
RCC_PCLK1Config                                   ..\Libraries\libBSP.a(stm32f4xx_rcc.o)
RCC_PCLK2Config                                   ..\Libraries\libBSP.a(stm32f4xx_rcc.o)
RCC_PLLCmd                                        ..\Libraries\libBSP.a(stm32f4xx_rcc.o)
RCC_PLLConfig                                     ..\Libraries\libBSP.a(stm32f4xx_rcc.o)
RCC_PLLI2SCmd                                     ..\Libraries\libBSP.a(stm32f4xx_rcc.o)
RCC_PLLI2SConfig                                  ..\Libraries\libBSP.a(stm32f4xx_rcc.o)
RCC_PLLSAICmd                                     ..\Libraries\libBSP.a(stm32f4xx_rcc.o)
RCC_PLLSAIConfig                                  ..\Libraries\libBSP.a(stm32f4xx_rcc.o)
RCC_RTCCLKCmd                                     ..\Libraries\libBSP.a(stm32f4xx_rcc.o)
RCC_RTCCLKConfig                                  ..\Libraries\libBSP.a(stm32f4xx_rcc.o)
RCC_SAIBlockACLKConfig                            ..\Libraries\libBSP.a(stm32f4xx_rcc.o)
RCC_SAIBlockBCLKConfig                            ..\Libraries\libBSP.a(stm32f4xx_rcc.o)
RCC_SAIPLLI2SClkDivConfig                         ..\Libraries\libBSP.a(stm32f4xx_rcc.o)
RCC_SAIPLLSAIClkDivConfig                         ..\Libraries\libBSP.a(stm32f4xx_rcc.o)
RCC_SYSCLKConfig                                  ..\Libraries\libBSP.a(stm32f4xx_rcc.o)
RCC_TIMCLKPresConfig                              ..\Libraries\libBSP.a(stm32f4xx_rcc.o)
RCC_WaitForHSEStartUp                             ..\Libraries\libBSP.a(stm32f4xx_rcc.o)
RTC_Alarm_IRQHandler                              src\startup.o
RTC_WKUP_IRQHandler                               src\startup.o
Reset_Handler                                     src\startup.o
SDIO_IRQHandler                                   src\startup.o
SPI1_IRQHandler                                   src\startup.o
SPI2_IRQHandler                                   src\startup.o
SPI3_IRQHandler                                   src\startup.o
SVC_Handler                                       ..\Libraries\libFreeRTOS.a(port.o)
                                                  src\startup.o
Serialtask                                        src\main.o
SysTick_CLKSourceConfig                           ..\Libraries\libBSP.a(misc.o)
SysTick_Handler                                   ..\Libraries\libFreeRTOS.a(port.o)
                                                  src\startup.o
SystemCoreClock                                   ..\Libraries\libBSP.a(system_stm32f4xx.o)
                                                  ..\Libraries\libFreeRTOS.a(port.o)
SystemCoreClockUpdate                             ..\Libraries\libBSP.a(system_stm32f4xx.o)
SystemInit                                        ..\Libraries\libBSP.a(system_stm32f4xx.o)
                                                  src\startup.o
TAMP_STAMP_IRQHandler                             src\startup.o
TIM1_BRK_TIM9_IRQHandler                          src\startup.o
TIM1_CC_IRQHandler                                src\startup.o
TIM1_TRG_COM_TIM11_IRQHandler                     src\startup.o
TIM1_UP_TIM10_IRQHandler                          src\startup.o
TIM2_IRQHandler                                   src\startup.o
TIM3_IRQHandler                                   src\startup.o
TIM4_IRQHandler                                   src\startup.o
TIM5_IRQHandler                                   src\startup.o
TIM6_DAC_IRQHandler                               src\startup.o
TIM7_IRQHandler                                   src\startup.o
TIM8_BRK_TIM12_IRQHandler                         src\startup.o
TIM8_CC_IRQHandler                                src\startup.o
TIM8_TRG_COM_TIM14_IRQHandler                     src\startup.o
TIM8_UP_TIM13_IRQHandler                          src\startup.o
UART4_IRQHandler                                  src\startup.o
UART5_IRQHandler                                  src\startup.o
USART1_IRQHandler                                 src\startup.o
USART2_IRQHandler                                 src\startup.o
USART3_IRQHandler                                 src\startup.o
USART6_IRQHandler                                 src\startup.o
USART_ClearFlag                                   ..\Libraries\libBSP.a(stm32f4xx_usart.o)
USART_ClearITPendingBit                           ..\Libraries\libBSP.a(stm32f4xx_usart.o)
USART_ClockInit                                   ..\Libraries\libBSP.a(stm32f4xx_usart.o)
                                                  ..\Libraries\libBSP.a(uart.o)
USART_ClockStructInit                             ..\Libraries\libBSP.a(stm32f4xx_usart.o)
                                                  ..\Libraries\libBSP.a(uart.o)
USART_Cmd                                         ..\Libraries\libBSP.a(stm32f4xx_usart.o)
                                                  ..\Libraries\libBSP.a(uart.o)
USART_DMACmd                                      ..\Libraries\libBSP.a(stm32f4xx_usart.o)
USART_DeInit                                      ..\Libraries\libBSP.a(stm32f4xx_usart.o)
                                                  ..\Libraries\libBSP.a(uart.o)
USART_GetFlagStatus                               ..\Libraries\libBSP.a(stm32f4xx_usart.o)
                                                  ..\Libraries\libBSP.a(uart.o)
                                                  src\syscalls.o
USART_GetITStatus                                 ..\Libraries\libBSP.a(stm32f4xx_usart.o)
USART_HalfDuplexCmd                               ..\Libraries\libBSP.a(stm32f4xx_usart.o)
USART_ITConfig                                    ..\Libraries\libBSP.a(stm32f4xx_usart.o)
USART_Init                                        ..\Libraries\libBSP.a(stm32f4xx_usart.o)
                                                  ..\Libraries\libBSP.a(uart.o)
USART_IrDACmd                                     ..\Libraries\libBSP.a(stm32f4xx_usart.o)
USART_IrDAConfig                                  ..\Libraries\libBSP.a(stm32f4xx_usart.o)
USART_LINBreakDetectLengthConfig                  ..\Libraries\libBSP.a(stm32f4xx_usart.o)
USART_LINCmd                                      ..\Libraries\libBSP.a(stm32f4xx_usart.o)
USART_OneBitMethodCmd                             ..\Libraries\libBSP.a(stm32f4xx_usart.o)
USART_OverSampling8Cmd                            ..\Libraries\libBSP.a(stm32f4xx_usart.o)
USART_ReceiveData                                 ..\Libraries\libBSP.a(stm32f4xx_usart.o)
                                                  ..\Libraries\libBSP.a(uart.o)
                                                  src\syscalls.o
USART_ReceiverWakeUpCmd                           ..\Libraries\libBSP.a(stm32f4xx_usart.o)
USART_SendBreak                                   ..\Libraries\libBSP.a(stm32f4xx_usart.o)
USART_SendData                                    ..\Libraries\libBSP.a(stm32f4xx_usart.o)
                                                  ..\Libraries\libBSP.a(uart.o)
                                                  src\syscalls.o
USART_SetAddress                                  ..\Libraries\libBSP.a(stm32f4xx_usart.o)
USART_SetGuardTime                                ..\Libraries\libBSP.a(stm32f4xx_usart.o)
USART_SetPrescaler                                ..\Libraries\libBSP.a(stm32f4xx_usart.o)
USART_SmartCardCmd                                ..\Libraries\libBSP.a(stm32f4xx_usart.o)
USART_SmartCardNACKCmd                            ..\Libraries\libBSP.a(stm32f4xx_usart.o)
USART_StructInit                                  ..\Libraries\libBSP.a(stm32f4xx_usart.o)
                                                  src\main.o
USART_WakeUpConfig                                ..\Libraries\libBSP.a(stm32f4xx_usart.o)
UsageFault_Handler                                src\startup.o
WWDG_IRQHandler                                   src\startup.o
_Jv_RegisterClasses                               f:/atollic true studio/truestudio for arm pro 5.1.1/armtools/bin/../lib/gcc/arm-atollic-eabi/4.8.3/armv7e-m/softfp/crtbegin.o
_Min_Heap_Size                                    src\syscalls.o
__deregister_frame_info                           f:/atollic true studio/truestudio for arm pro 5.1.1/armtools/bin/../lib/gcc/arm-atollic-eabi/4.8.3/armv7e-m/softfp/crtbegin.o
__dso_handle                                      f:/atollic true studio/truestudio for arm pro 5.1.1/armtools/bin/../lib/gcc/arm-atollic-eabi/4.8.3/armv7e-m/softfp/crtbegin.o
__env                                             src\syscalls.o
__init_array_end                                  f:/atollic true studio/truestudio for arm pro 5.1.1/armtools/bin/../lib/gcc/arm-atollic-eabi/4.8.3/../../../../arm-atollic-eabi/lib/armv7e-m/softfp\libc_s.a(lib_a-init.o)
__init_array_start                                f:/atollic true studio/truestudio for arm pro 5.1.1/armtools/bin/../lib/gcc/arm-atollic-eabi/4.8.3/../../../../arm-atollic-eabi/lib/armv7e-m/softfp\libc_s.a(lib_a-init.o)
__libc_init_array                                 f:/atollic true studio/truestudio for arm pro 5.1.1/armtools/bin/../lib/gcc/arm-atollic-eabi/4.8.3/../../../../arm-atollic-eabi/lib/armv7e-m/softfp\libc_s.a(lib_a-init.o)
                                                  src\startup.o
__malloc_free_list                                f:/atollic true studio/truestudio for arm pro 5.1.1/armtools/bin/../lib/gcc/arm-atollic-eabi/4.8.3/../../../../arm-atollic-eabi/lib/armv7e-m/softfp\libc_s.a(lib_a-nano-mallocr.o)
                                                  f:/atollic true studio/truestudio for arm pro 5.1.1/armtools/bin/../lib/gcc/arm-atollic-eabi/4.8.3/../../../../arm-atollic-eabi/lib/armv7e-m/softfp\libc_s.a(lib_a-nano-freer.o)
__malloc_sbrk_start                               f:/atollic true studio/truestudio for arm pro 5.1.1/armtools/bin/../lib/gcc/arm-atollic-eabi/4.8.3/../../../../arm-atollic-eabi/lib/armv7e-m/softfp\libc_s.a(lib_a-nano-mallocr.o)
__preinit_array_end                               f:/atollic true studio/truestudio for arm pro 5.1.1/armtools/bin/../lib/gcc/arm-atollic-eabi/4.8.3/../../../../arm-atollic-eabi/lib/armv7e-m/softfp\libc_s.a(lib_a-init.o)
__preinit_array_start                             f:/atollic true studio/truestudio for arm pro 5.1.1/armtools/bin/../lib/gcc/arm-atollic-eabi/4.8.3/../../../../arm-atollic-eabi/lib/armv7e-m/softfp\libc_s.a(lib_a-init.o)
__register_frame_info                             f:/atollic true studio/truestudio for arm pro 5.1.1/armtools/bin/../lib/gcc/arm-atollic-eabi/4.8.3/armv7e-m/softfp/crtbegin.o
__sf_fake_stderr                                  f:/atollic true studio/truestudio for arm pro 5.1.1/armtools/bin/../lib/gcc/arm-atollic-eabi/4.8.3/../../../../arm-atollic-eabi/lib/armv7e-m/softfp\libc_s.a(lib_a-impure.o)
__sf_fake_stdin                                   f:/atollic true studio/truestudio for arm pro 5.1.1/armtools/bin/../lib/gcc/arm-atollic-eabi/4.8.3/../../../../arm-atollic-eabi/lib/armv7e-m/softfp\libc_s.a(lib_a-impure.o)
__sf_fake_stdout                                  f:/atollic true studio/truestudio for arm pro 5.1.1/armtools/bin/../lib/gcc/arm-atollic-eabi/4.8.3/../../../../arm-atollic-eabi/lib/armv7e-m/softfp\libc_s.a(lib_a-impure.o)
_close                                            src\syscalls.o
_ebss                                             src\startup.o
_edata                                            src\startup.o
_estack                                           src\startup.o
_execve                                           src\syscalls.o
_exit                                             src\syscalls.o
_fini                                             f:/atollic true studio/truestudio for arm pro 5.1.1/armtools/bin/../lib/gcc/arm-atollic-eabi/4.8.3/armv7e-m/softfp/crti.o
_fork                                             src\syscalls.o
_free_r                                           f:/atollic true studio/truestudio for arm pro 5.1.1/armtools/bin/../lib/gcc/arm-atollic-eabi/4.8.3/../../../../arm-atollic-eabi/lib/armv7e-m/softfp\libc_s.a(lib_a-nano-freer.o)
                                                  f:/atollic true studio/truestudio for arm pro 5.1.1/armtools/bin/../lib/gcc/arm-atollic-eabi/4.8.3/../../../../arm-atollic-eabi/lib/armv7e-m/softfp\libc_s.a(lib_a-reent.o)
_fstat                                            src\syscalls.o
_getpid                                           src\syscalls.o
_global_impure_ptr                                f:/atollic true studio/truestudio for arm pro 5.1.1/armtools/bin/../lib/gcc/arm-atollic-eabi/4.8.3/../../../../arm-atollic-eabi/lib/armv7e-m/softfp\libc_s.a(lib_a-impure.o)
_impure_ptr                                       f:/atollic true studio/truestudio for arm pro 5.1.1/armtools/bin/../lib/gcc/arm-atollic-eabi/4.8.3/../../../../arm-atollic-eabi/lib/armv7e-m/softfp\libc_s.a(lib_a-impure.o)
                                                  f:/atollic true studio/truestudio for arm pro 5.1.1/armtools/bin/../lib/gcc/arm-atollic-eabi/4.8.3/../../../../arm-atollic-eabi/lib/armv7e-m/softfp\libc_s.a(lib_a-reent.o)
_init                                             f:/atollic true studio/truestudio for arm pro 5.1.1/armtools/bin/../lib/gcc/arm-atollic-eabi/4.8.3/armv7e-m/softfp/crti.o
                                                  f:/atollic true studio/truestudio for arm pro 5.1.1/armtools/bin/../lib/gcc/arm-atollic-eabi/4.8.3/../../../../arm-atollic-eabi/lib/armv7e-m/softfp\libc_s.a(lib_a-init.o)
_isatty                                           src\syscalls.o
_kill                                             src\syscalls.o
_link                                             src\syscalls.o
_lseek                                            src\syscalls.o
_malloc_r                                         f:/atollic true studio/truestudio for arm pro 5.1.1/armtools/bin/../lib/gcc/arm-atollic-eabi/4.8.3/../../../../arm-atollic-eabi/lib/armv7e-m/softfp\libc_s.a(lib_a-nano-mallocr.o)
_open                                             src\syscalls.o
_read                                             src\syscalls.o
_reclaim_reent                                    f:/atollic true studio/truestudio for arm pro 5.1.1/armtools/bin/../lib/gcc/arm-atollic-eabi/4.8.3/../../../../arm-atollic-eabi/lib/armv7e-m/softfp\libc_s.a(lib_a-reent.o)
_sbrk                                             src\syscalls.o
                                                  f:/atollic true studio/truestudio for arm pro 5.1.1/armtools/bin/../lib/gcc/arm-atollic-eabi/4.8.3/../../../../arm-atollic-eabi/lib/armv7e-m/softfp\libc_s.a(lib_a-sbrkr.o)
_sbrk_r                                           f:/atollic true studio/truestudio for arm pro 5.1.1/armtools/bin/../lib/gcc/arm-atollic-eabi/4.8.3/../../../../arm-atollic-eabi/lib/armv7e-m/softfp\libc_s.a(lib_a-sbrkr.o)
                                                  f:/atollic true studio/truestudio for arm pro 5.1.1/armtools/bin/../lib/gcc/arm-atollic-eabi/4.8.3/../../../../arm-atollic-eabi/lib/armv7e-m/softfp\libc_s.a(lib_a-nano-mallocr.o)
_sbss                                             src\startup.o
_sdata                                            src\startup.o
_sidata                                           src\startup.o
_stat                                             src\syscalls.o
_times                                            src\syscalls.o
_unlink                                           src\syscalls.o
_wait                                             src\syscalls.o
_write                                            src\syscalls.o
                                                  src\tiny_printf.o
cleanup_glue                                      f:/atollic true studio/truestudio for arm pro 5.1.1/armtools/bin/../lib/gcc/arm-atollic-eabi/4.8.3/../../../../arm-atollic-eabi/lib/armv7e-m/softfp\libc_s.a(lib_a-reent.o)
end                                               src\syscalls.o
environ                                           src\syscalls.o
errno                                             f:/atollic true studio/truestudio for arm pro 5.1.1/armtools/bin/../lib/gcc/arm-atollic-eabi/4.8.3/../../../../arm-atollic-eabi/lib/armv7e-m/softfp\libc_s.a(lib_a-sbrkr.o)
                                                  f:/atollic true studio/truestudio for arm pro 5.1.1/armtools/bin/../lib/gcc/arm-atollic-eabi/4.8.3/../../../../arm-atollic-eabi/lib/armv7e-m/softfp\libc_s.a(lib_a-reent.o)
                                                  src\syscalls.o
fiprintf                                          src\tiny_printf.o
fprintf                                           src\tiny_printf.o
fputs                                             src\tiny_printf.o
fwrite                                            src\tiny_printf.o
g_pfnVectors                                      src\startup.o
initialise_monitor_handles                        src\syscalls.o
iprintf                                           src\tiny_printf.o
main                                              src\main.o
                                                  src\startup.o
memcmp                                            f:/atollic true studio/truestudio for arm pro 5.1.1/armtools/bin/../lib/gcc/arm-atollic-eabi/4.8.3/../../../../arm-atollic-eabi/lib/armv7e-m/softfp\libc.a(lib_a-memcmp.o)
                                                  ..\Libraries\libFreeRTOS.a(tasks.o)
memcpy                                            f:/atollic true studio/truestudio for arm pro 5.1.1/armtools/bin/../lib/gcc/arm-atollic-eabi/4.8.3/../../../../arm-atollic-eabi/lib/armv7e-m/softfp\libc.a(lib_a-memcpy-stub.o)
                                                  ..\Libraries\libFreeRTOS.a(queue.o)
                                                  ..\Libraries\libBSP.a(carme.o)
memset                                            f:/atollic true studio/truestudio for arm pro 5.1.1/armtools/bin/../lib/gcc/arm-atollic-eabi/4.8.3/../../../../arm-atollic-eabi/lib/armv7e-m/softfp\libc.a(lib_a-memset.o)
                                                  ..\Libraries\libFreeRTOS.a(tasks.o)
pcTaskGetTaskName                                 ..\Libraries\libFreeRTOS.a(tasks.o)
pcTimerGetTimerName                               ..\Libraries\libFreeRTOS.a(timers.o)
printf                                            src\tiny_printf.o
                                                  src\main.o
puts                                              src\tiny_printf.o
                                                  src\main.o
pvPortMalloc                                      ..\Libraries\libFreeRTOS.a(heap_4.o)
                                                  ..\Libraries\libFreeRTOS.a(queue.o)
                                                  ..\Libraries\libFreeRTOS.a(timers.o)
                                                  ..\Libraries\libFreeRTOS.a(tasks.o)
pvTimerGetTimerID                                 ..\Libraries\libFreeRTOS.a(timers.o)
pxCurrentTCB                                      ..\Libraries\libFreeRTOS.a(tasks.o)
                                                  ..\Libraries\libFreeRTOS.a(port.o)
pxPortInitialiseStack                             ..\Libraries\libFreeRTOS.a(port.o)
                                                  ..\Libraries\libFreeRTOS.a(tasks.o)
siprintf                                          src\tiny_printf.o
sprintf                                           src\tiny_printf.o
strlen                                            f:/atollic true studio/truestudio for arm pro 5.1.1/armtools/bin/../lib/gcc/arm-atollic-eabi/4.8.3/../../../../arm-atollic-eabi/lib/armv7e-m/softfp\libc_s.a(lib_a-strlen.o)
                                                  src\tiny_printf.o
ts_formatlength                                   src\tiny_printf.o
ts_formatstring                                   src\tiny_printf.o
ts_itoa                                           src\tiny_printf.o
ucQueueGetQueueType                               ..\Libraries\libFreeRTOS.a(queue.o)
ulPortSetInterruptMask                            ..\Libraries\libFreeRTOS.a(port.o)
                                                  ..\Libraries\libFreeRTOS.a(queue.o)
                                                  ..\Libraries\libFreeRTOS.a(timers.o)
                                                  ..\Libraries\libFreeRTOS.a(heap_4.o)
                                                  ..\Libraries\libFreeRTOS.a(tasks.o)
uxListRemove                                      ..\Libraries\libFreeRTOS.a(list.o)
                                                  ..\Libraries\libFreeRTOS.a(timers.o)
                                                  ..\Libraries\libFreeRTOS.a(tasks.o)
uxQueueGetQueueNumber                             ..\Libraries\libFreeRTOS.a(queue.o)
uxQueueMessagesWaiting                            ..\Libraries\libFreeRTOS.a(queue.o)
uxQueueMessagesWaitingFromISR                     ..\Libraries\libFreeRTOS.a(queue.o)
uxQueueSpacesAvailable                            ..\Libraries\libFreeRTOS.a(queue.o)
uxTaskGetNumberOfTasks                            ..\Libraries\libFreeRTOS.a(tasks.o)
uxTaskGetSystemState                              ..\Libraries\libFreeRTOS.a(tasks.o)
uxTaskGetTaskNumber                               ..\Libraries\libFreeRTOS.a(tasks.o)
uxTaskPriorityGet                                 ..\Libraries\libFreeRTOS.a(tasks.o)
uxTaskResetEventItemValue                         ..\Libraries\libFreeRTOS.a(tasks.o)
vApplicationMallocFailedHook                      src\startup.o
                                                  ..\Libraries\libFreeRTOS.a(heap_4.o)
vApplicationStackOverflowHook                     src\startup.o
                                                  ..\Libraries\libFreeRTOS.a(tasks.o)
vListInitialise                                   ..\Libraries\libFreeRTOS.a(list.o)
                                                  ..\Libraries\libFreeRTOS.a(queue.o)
                                                  ..\Libraries\libFreeRTOS.a(timers.o)
                                                  ..\Libraries\libFreeRTOS.a(tasks.o)
vListInitialiseItem                               ..\Libraries\libFreeRTOS.a(list.o)
                                                  ..\Libraries\libFreeRTOS.a(timers.o)
                                                  ..\Libraries\libFreeRTOS.a(tasks.o)
vListInsert                                       ..\Libraries\libFreeRTOS.a(list.o)
                                                  ..\Libraries\libFreeRTOS.a(timers.o)
                                                  ..\Libraries\libFreeRTOS.a(tasks.o)
vListInsertEnd                                    ..\Libraries\libFreeRTOS.a(list.o)
                                                  ..\Libraries\libFreeRTOS.a(tasks.o)
vPortClearInterruptMask                           ..\Libraries\libFreeRTOS.a(port.o)
                                                  ..\Libraries\libFreeRTOS.a(queue.o)
                                                  ..\Libraries\libFreeRTOS.a(tasks.o)
vPortEndScheduler                                 ..\Libraries\libFreeRTOS.a(port.o)
                                                  ..\Libraries\libFreeRTOS.a(tasks.o)
vPortEnterCritical                                ..\Libraries\libFreeRTOS.a(port.o)
                                                  ..\Libraries\libFreeRTOS.a(queue.o)
                                                  ..\Libraries\libFreeRTOS.a(timers.o)
                                                  ..\Libraries\libFreeRTOS.a(tasks.o)
vPortExitCritical                                 ..\Libraries\libFreeRTOS.a(port.o)
                                                  ..\Libraries\libFreeRTOS.a(queue.o)
                                                  ..\Libraries\libFreeRTOS.a(timers.o)
                                                  ..\Libraries\libFreeRTOS.a(tasks.o)
vPortFree                                         ..\Libraries\libFreeRTOS.a(heap_4.o)
                                                  ..\Libraries\libFreeRTOS.a(queue.o)
                                                  ..\Libraries\libFreeRTOS.a(timers.o)
                                                  ..\Libraries\libFreeRTOS.a(tasks.o)
vPortInitialiseBlocks                             ..\Libraries\libFreeRTOS.a(heap_4.o)
vPortSetupTimerInterrupt                          ..\Libraries\libFreeRTOS.a(port.o)
vPortValidateInterruptPriority                    ..\Libraries\libFreeRTOS.a(port.o)
                                                  ..\Libraries\libFreeRTOS.a(queue.o)
                                                  ..\Libraries\libFreeRTOS.a(tasks.o)
vPortYield                                        ..\Libraries\libFreeRTOS.a(port.o)
                                                  ..\Libraries\libFreeRTOS.a(queue.o)
                                                  ..\Libraries\libFreeRTOS.a(timers.o)
                                                  ..\Libraries\libFreeRTOS.a(tasks.o)
vQueueAddToRegistry                               ..\Libraries\libFreeRTOS.a(queue.o)
                                                  ..\Libraries\libFreeRTOS.a(timers.o)
vQueueDelete                                      ..\Libraries\libFreeRTOS.a(queue.o)
vQueueSetQueueNumber                              ..\Libraries\libFreeRTOS.a(queue.o)
vQueueUnregisterQueue                             ..\Libraries\libFreeRTOS.a(queue.o)
vQueueWaitForMessageRestricted                    ..\Libraries\libFreeRTOS.a(queue.o)
                                                  ..\Libraries\libFreeRTOS.a(timers.o)
vTaskDelay                                        ..\Libraries\libFreeRTOS.a(tasks.o)
                                                  src\main.o
vTaskDelayUntil                                   ..\Libraries\libFreeRTOS.a(tasks.o)
                                                  src\main.o
vTaskDelete                                       ..\Libraries\libFreeRTOS.a(tasks.o)
vTaskEndScheduler                                 ..\Libraries\libFreeRTOS.a(tasks.o)