Archive member included because of file (symbol)

c:/program files (x86)/atollic/truestudio for arm pro 5.1.1/armtools/bin/../lib/gcc/arm-atollic-eabi/4.8.3/../../../../arm-atollic-eabi/lib/armv7e-m/softfp\libc_s.a(lib_a-init.o)
                              src\startup.o (__libc_init_array)
c:/program files (x86)/atollic/truestudio for arm pro 5.1.1/armtools/bin/../lib/gcc/arm-atollic-eabi/4.8.3/../../../../arm-atollic-eabi/lib/armv7e-m/softfp\libc_s.a(lib_a-reent.o)
                              src\syscalls.o (errno)
c:/program files (x86)/atollic/truestudio for arm pro 5.1.1/armtools/bin/../lib/gcc/arm-atollic-eabi/4.8.3/../../../../arm-atollic-eabi/lib/armv7e-m/softfp\libc_s.a(lib_a-strcpy.o)
                              src\uartTask.o (strcpy)
c:/program files (x86)/atollic/truestudio for arm pro 5.1.1/armtools/bin/../lib/gcc/arm-atollic-eabi/4.8.3/../../../../arm-atollic-eabi/lib/armv7e-m/softfp\libc_s.a(lib_a-strlen.o)
                              src\tiny_printf.o (strlen)
c:/program files (x86)/atollic/truestudio for arm pro 5.1.1/armtools/bin/../lib/gcc/arm-atollic-eabi/4.8.3/../../../../arm-atollic-eabi/lib/armv7e-m/softfp\libc_s.a(lib_a-impure.o)
                              c:/program files (x86)/atollic/truestudio for arm pro 5.1.1/armtools/bin/../lib/gcc/arm-atollic-eabi/4.8.3/../../../../arm-atollic-eabi/lib/armv7e-m/softfp\libc_s.a(lib_a-reent.o) (_impure_ptr)
c:/program files (x86)/atollic/truestudio for arm pro 5.1.1/armtools/bin/../lib/gcc/arm-atollic-eabi/4.8.3/../../../../arm-atollic-eabi/lib/armv7e-m/softfp\libc_s.a(lib_a-nano-freer.o)
                              c:/program files (x86)/atollic/truestudio for arm pro 5.1.1/armtools/bin/../lib/gcc/arm-atollic-eabi/4.8.3/../../../../arm-atollic-eabi/lib/armv7e-m/softfp\libc_s.a(lib_a-reent.o) (_free_r)
c:/program files (x86)/atollic/truestudio for arm pro 5.1.1/armtools/bin/../lib/gcc/arm-atollic-eabi/4.8.3/../../../../arm-atollic-eabi/lib/armv7e-m/softfp\libc_s.a(lib_a-nano-mallocr.o)
                              c:/program files (x86)/atollic/truestudio for arm pro 5.1.1/armtools/bin/../lib/gcc/arm-atollic-eabi/4.8.3/../../../../arm-atollic-eabi/lib/armv7e-m/softfp\libc_s.a(lib_a-nano-freer.o) (__malloc_free_list)
c:/program files (x86)/atollic/truestudio for arm pro 5.1.1/armtools/bin/../lib/gcc/arm-atollic-eabi/4.8.3/../../../../arm-atollic-eabi/lib/armv7e-m/softfp\libc_s.a(lib_a-sbrkr.o)
                              c:/program files (x86)/atollic/truestudio for arm pro 5.1.1/armtools/bin/../lib/gcc/arm-atollic-eabi/4.8.3/../../../../arm-atollic-eabi/lib/armv7e-m/softfp\libc_s.a(lib_a-nano-mallocr.o) (_sbrk_r)
..\Libraries\libBSP.a(stm32f4xx_usart.o)
                              src\uartTask.o (USART_StructInit)
..\Libraries\libBSP.a(stm32f4xx_tim.o)
                              src\interrupt_handler.o (TIM_GetITStatus)
..\Libraries\libBSP.a(stm32f4xx_syscfg.o)
                              src\interrupt_handler.o (SYSCFG_EXTILineConfig)
..\Libraries\libBSP.a(stm32f4xx_rcc.o)
                              ..\Libraries\libBSP.a(stm32f4xx_usart.o) (RCC_GetClocksFreq)
..\Libraries\libBSP.a(stm32f4xx_exti.o)
                              src\interrupt_handler.o (EXTI_Init)
..\Libraries\libBSP.a(misc.o)
                              src\main.o (NVIC_PriorityGroupConfig)
..\Libraries\libBSP.a(uart.o)
                              src\uartTask.o (CARME_UART_Init)
..\Libraries\libBSP.a(system_stm32f4xx.o)
                              src\parserTask.o (SystemCoreClock)
..\Libraries\libBSP.a(ssd1963.o)
                              src\main.o (SSD1963_Init)
..\Libraries\libBSP.a(carme_io2.o)
                              src\parserTask.o (CARME_IO2_Init)
..\Libraries\libBSP.a(carme_io1.o)
                              src\parserTask.o (CARME_IO1_Init)
..\Libraries\libBSP.a(carme.o)
                              src\startup.o (CARME_Init)
..\Libraries\libBSP.a(stm32f4xx_spi.o)
                              ..\Libraries\libBSP.a(carme_io2.o) (SPI_I2S_DeInit)
..\Libraries\libBSP.a(stm32f4xx_gpio.o)
                              ..\Libraries\libBSP.a(carme.o) (GPIO_DeInit)
..\Libraries\libBSP.a(stm32f4xx_fsmc.o)
                              ..\Libraries\libBSP.a(carme.o) (FSMC_NORSRAMDeInit)
..\Libraries\libBSP.a(stm32f4xx_adc.o)
                              ..\Libraries\libBSP.a(carme_io2.o) (ADC_DeInit)
..\Libraries\libBSP.a(ssd1963_lld.o)
                              ..\Libraries\libBSP.a(ssd1963.o) (SSD1963_LLD_Init)
..\Libraries\libsGUI.a(text.o)
                              src\main.o (LCD_SetFont)
..\Libraries\libsGUI.a(geometry.o)
                              ..\Libraries\libsGUI.a(text.o) (LCD_DrawRectF)
..\Libraries\libsGUI.a(font.o)
                              ..\Libraries\libsGUI.a(text.o) (font_5x8)
..\Libraries\libFreeRTOS.a(memPoolService.o)
                              src\uartTask.o (eMemCreateMemoryPool)
..\Libraries\libFreeRTOS.a(tasks.o)
[...]
Memory Configuration

Name             Origin             Length             Attributes
FLASH            0x08000000         0x00100000         xr
RAM              0x20000000         0x00020000         xrw
MEMORY_B1        0x60000000         0x00000000         xr
CCMRAM           0x10000000         0x00010000         rw
*default*        0x00000000         0xffffffff

Linker script and memory map

LOAD c:/program files (x86)/atollic/truestudio for arm pro 5.1.1/armtools/bin/../lib/gcc/arm-atollic-eabi/4.8.3/armv7e-m/softfp/crti.o
LOAD c:/program files (x86)/atollic/truestudio for arm pro 5.1.1/armtools/bin/../lib/gcc/arm-atollic-eabi/4.8.3/armv7e-m/softfp/crtbegin.o
LOAD src\uartTask.o
LOAD src\tiny_printf.o
LOAD src\syscalls.o
LOAD src\startup.o
LOAD src\parserTask.o
LOAD src\outputTask.o
LOAD src\main.o
LOAD src\lookup.o
LOAD src\lcdTask.o
LOAD src\interrupt_handler.o
START GROUP
LOAD c:/program files (x86)/atollic/truestudio for arm pro 5.1.1/armtools/bin/../lib/gcc/arm-atollic-eabi/4.8.3/../../../../arm-atollic-eabi/lib/armv7e-m/softfp\libc_s.a
LOAD c:/program files (x86)/atollic/truestudio for arm pro 5.1.1/armtools/bin/../lib/gcc/arm-atollic-eabi/4.8.3/../../../../arm-atollic-eabi/lib/armv7e-m/softfp\libm.a
END GROUP
                0x00001000                malloc_getpagesize_P = 0x1000
START GROUP
LOAD c:/program files (x86)/atollic/truestudio for arm pro 5.1.1/armtools/bin/../lib/gcc/arm-atollic-eabi/4.8.3/armv7e-m/softfp\libgcc.a
LOAD c:/program files (x86)/atollic/truestudio for arm pro 5.1.1/armtools/bin/../lib/gcc/arm-atollic-eabi/4.8.3/../../../../arm-atollic-eabi/lib/armv7e-m/softfp\libc.a
END GROUP
LOAD c:/program files (x86)/atollic/truestudio for arm pro 5.1.1/armtools/bin/../lib/gcc/arm-atollic-eabi/4.8.3/armv7e-m/softfp/crtend.o
LOAD c:/program files (x86)/atollic/truestudio for arm pro 5.1.1/armtools/bin/../lib/gcc/arm-atollic-eabi/4.8.3/armv7e-m/softfp/crtn.o
LOAD ..\Libraries\libBSP.a
LOAD ..\Libraries\libsGUI.a
LOAD ..\Libraries\libFreeRTOS.a
                0x20020000                _estack = 0x20020000
                0x00001000                _Min_Heap_Size = 0x1000
                0x00001000                _Min_Stack_Size = 0x1000

.isr_vector     0x08000000      0x188
                0x08000000                . = ALIGN (0x4)
 *(.isr_vector)
 .isr_vector    0x08000000      0x188 src\startup.o
                0x08000000                g_pfnVectors
                0x08000188                . = ALIGN (0x4)

.text           0x08000188     0x7a2c
                0x08000188                . = ALIGN (0x4)
 *(.text)
 .text          0x08000188       0x54 c:/program files (x86)/atollic/truestudio for arm pro 5.1.1/armtools/bin/../lib/gcc/arm-atollic-eabi/4.8.3/armv7e-m/softfp/crtbegin.o
 .text          0x080001dc       0x2c c:/program files (x86)/atollic/truestudio for arm pro 5.1.1/armtools/bin/../lib/gcc/arm-atollic-eabi/4.8.3/armv7e-m/softfp\libgcc.a(_aeabi_uldivmod.o)
                0x080001dc                __aeabi_uldivmod
 .text          0x08000208       0x60 c:/program files (x86)/atollic/truestudio for arm pro 5.1.1/armtools/bin/../lib/gcc/arm-atollic-eabi/4.8.3/armv7e-m/softfp\libgcc.a(bpabi.o)
                0x08000208                __gnu_ldivmod_helper
                0x08000238                __gnu_uldivmod_helper
 .text          0x08000268        0x4 c:/program files (x86)/atollic/truestudio for arm pro 5.1.1/armtools/bin/../lib/gcc/arm-atollic-eabi/4.8.3/armv7e-m/softfp\libgcc.a(_dvmd_tls.o)
                0x08000268                __aeabi_idiv0
                0x08000268                __aeabi_ldiv0
 .text          0x0800026c      0x298 c:/program files (x86)/atollic/truestudio for arm pro 5.1.1/armtools/bin/../lib/gcc/arm-atollic-eabi/4.8.3/armv7e-m/softfp\libgcc.a(_divdi3.o)
                0x0800026c                __divdi3
 .text          0x08000504      0x284 c:/program files (x86)/atollic/truestudio for arm pro 5.1.1/armtools/bin/../lib/gcc/arm-atollic-eabi/4.8.3/armv7e-m/softfp\libgcc.a(_udivdi3.o)
                0x08000504                __udivdi3
 *(.text*)
 .text.UartTask
                0x08000788      0x168 src\uartTask.o
                0x08000788                UartTask
 .text.completedString
                0x080008f0       0xcc src\uartTask.o
                0x080008f0                completedString
 .text.uart_init
                0x080009bc       0x60 src\uartTask.o
                0x080009bc                uart_init
 .text.USART1_IRQHandler
                0x08000a1c       0x48 src\uartTask.o
                0x08000a1c                USART1_IRQHandler
 .text.ts_itoa  0x08000a64       0x90 src\tiny_printf.o
                0x08000a64                ts_itoa
 .text.ts_formatstring
                0x08000af4      0x134 src\tiny_printf.o
                0x08000af4                ts_formatstring
 .text.siprintf
                0x08000c28       0x2c src\tiny_printf.o
                0x08000c28                siprintf
                0x08000c28                sprintf
 .text.Reset_Handler
                0x08000c54       0x58 src\startup.o
                0x08000c54                Reset_Handler
 .text.Default_Handler
                0x08000cac       0x24 src\startup.o
                0x08000cb6                RTC_Alarm_IRQHandler
                0x08000cb6                HASH_RNG_IRQHandler
                0x08000cb6                EXTI2_IRQHandler
                0x08000cb6                TIM8_CC_IRQHandler
                0x08000cb6                DebugMon_Handler
                0x08000cb6                TIM1_CC_IRQHandler
                0x08000cb6                DMA2_Stream5_IRQHandler
                0x08000cb6                HardFault_Handler
                0x08000cb6                DMA1_Stream5_IRQHandler
                0x08000cb6                PVD_IRQHandler
                0x08000cb6                SDIO_IRQHandler
                0x08000cb6                TAMP_STAMP_IRQHandler
                0x08000cb6                NMI_Handler
                0x08000cb6                CAN2_RX1_IRQHandler
                0x08000cb6                EXTI3_IRQHandler
                0x08000cb6                TIM8_TRG_COM_TIM14_IRQHandler
                0x08000cb6                TIM1_UP_TIM10_IRQHandler
                0x08000cb6                TIM8_UP_TIM13_IRQHandler
                0x08000cb6                I2C3_ER_IRQHandler
                0x08000cb6                EXTI0_IRQHandler
                0x08000cb6                I2C2_EV_IRQHandler
                0x08000cb6                DMA1_Stream2_IRQHandler
                0x08000cb6                CAN1_RX0_IRQHandler
                0x08000cb6                FPU_IRQHandler
                0x08000cb6                OTG_HS_WKUP_IRQHandler
                0x08000cb6                UsageFault_Handler
                0x08000cb6                CAN2_SCE_IRQHandler
                0x08000cb6                DMA2_Stream2_IRQHandler
                0x08000cb6                SPI1_IRQHandler
                0x08000cb6                TIM6_DAC_IRQHandler
                0x08000cb6                TIM1_BRK_TIM9_IRQHandler
                0x08000cb6                DCMI_IRQHandler
                0x08000cb6                CAN2_RX0_IRQHandler
                0x08000cb6                DMA2_Stream3_IRQHandler
                0x08000cb6                USART6_IRQHandler
                0x08000cb6                USART3_IRQHandler
                0x08000cb6                CRYP_IRQHandler
                0x08000cb6                CAN1_RX1_IRQHandler
                0x08000cb6                UART5_IRQHandler
                0x08000cb6                DMA2_Stream0_IRQHandler
                0x08000cb6                vApplicationMallocFailedHook
                0x08000cb6                I2C1_EV_IRQHandler
                0x08000cb6                DMA1_Stream6_IRQHandler
                0x08000cb6                DMA1_Stream1_IRQHandler
                0x08000cb6                UART4_IRQHandler
                0x08000cb6                TIM3_IRQHandler
                0x08000cb6                RCC_IRQHandler
                0x08000cb6                TIM8_BRK_TIM12_IRQHandler
                0x08000cb6                Default_Handler
                0x08000cb6                EXTI15_10_IRQHandler
                0x08000cb6                ADC_IRQHandler
                0x08000cb6                DMA1_Stream7_IRQHandler
                0x08000cb6                TIM7_IRQHandler
                0x08000cb6                CAN2_TX_IRQHandler
                0x08000cb6                TIM5_IRQHandler
                0x08000cb6                DMA2_Stream7_IRQHandler
                0x08000cb6                I2C3_EV_IRQHandler
                0x08000cb6                vApplicationStackOverflowHook
                0x08000cb6                RTC_WKUP_IRQHandler
                0x08000cb6                ETH_WKUP_IRQHandler
                0x08000cb6                SPI2_IRQHandler
                0x08000cb6                OTG_HS_EP1_IN_IRQHandler
                0x08000cb6                MemManage_Handler
                0x08000cb6                DMA1_Stream0_IRQHandler
                0x08000cb6                CAN1_TX_IRQHandler
                0x08000cb6                EXTI4_IRQHandler
                0x08000cb6                MyEXTI9_5_IRQHandler
                0x08000cb6                FSMC_IRQHandler
                0x08000cb6                ETH_IRQHandler
                0x08000cb6                OTG_HS_EP1_OUT_IRQHandler
                0x08000cb6                WWDG_IRQHandler
                0x08000cb6                TIM2_IRQHandler
                0x08000cb6                OTG_FS_WKUP_IRQHandler
                0x08000cb6                TIM1_TRG_COM_TIM11_IRQHandler
                0x08000cb6                OTG_HS_IRQHandler
                0x08000cb6                EXTI1_IRQHandler
                0x08000cb6                USART2_IRQHandler
                0x08000cb6                I2C2_ER_IRQHandler
                0x08000cb6                DMA2_Stream1_IRQHandler
                0x08000cb6                CAN1_SCE_IRQHandler
                0x08000cb6                FLASH_IRQHandler
                0x08000cb6                DMA2_Stream4_IRQHandler
                0x08000cb6                BusFault_Handler
                0x08000cb6                OTG_FS_IRQHandler
                0x08000cb6                SPI3_IRQHandler
                0x08000cb6                DMA1_Stream4_IRQHandler
                0x08000cb6                I2C1_ER_IRQHandler
                0x08000cb6                DMA2_Stream6_IRQHandler
                0x08000cb6                DMA1_Stream3_IRQHandler
 .text.parserTask
                0x08000cd0      0x1c8 src\parserTask.o
                0x08000cd0                parserTask
 .text.OutputTask
                0x08000e98       0x84 src\outputTask.o
                0x08000e98                OutputTask
 .text.LCD_Init
                0x08000f1c        0xc src\main.o
 .text.main     0x08000f28       0xc4 src\main.o
                0x08000f28                main
 .text.lookup   0x08000fec       0x5c src\lookup.o
                0x08000fec                lookup
 .text.lcdTask  0x08001048       0xbc src\lcdTask.o
                0x08001048                lcdTask
 .text.encoder_Interrupts_Setup
                0x08001104       0x94 src\interrupt_handler.o
                0x08001104                encoder_Interrupts_Setup
 .text.TIM4_IRQHandler
                0x08001198       0x2c src\interrupt_handler.o
                0x08001198                TIM4_IRQHandler
 .text.EXTI9_5_IRQHandler
                0x080011c4       0x50 src\interrupt_handler.o
                0x080011c4                EXTI9_5_IRQHandler
 .text.EncoderChannelA_IRQ
                0x08001214       0x4c src\interrupt_handler.o
                0x08001214                EncoderChannelA_IRQ
 .text.EncoderChannelB_IRQ
                0x08001260       0x18 src\interrupt_handler.o
                0x08001260                EncoderChannelB_IRQ
 .text.EncoderChannelI_IRQ
                0x08001278       0x18 src\interrupt_handler.o
                0x08001278                EncoderChannelI_IRQ
 .text.__libc_init_array
                0x08001290       0x4c c:/program files (x86)/atollic/truestudio for arm pro 5.1.1/armtools/bin/../lib/gcc/arm-atollic-eabi/4.8.3/../../../../arm-atollic-eabi/lib/armv7e-m/softfp\libc_s.a(lib_a-init.o)
                0x08001290                __libc_init_array
 .text.strcpy   0x080012dc       0x10 c:/program files (x86)/atollic/truestudio for arm pro 5.1.1/armtools/bin/../lib/gcc/arm-atollic-eabi/4.8.3/../../../../arm-atollic-eabi/lib/armv7e-m/softfp\libc_s.a(lib_a-strcpy.o)
                0x080012dc                strcpy
 .text.USART_DeInit
                0x080012ec      0x150 ..\Libraries\libBSP.a(stm32f4xx_usart.o)
                0x080012ec                USART_DeInit
 .text.USART_Init
                0x0800143c      0x1ac ..\Libraries\libBSP.a(stm32f4xx_usart.o)
                0x0800143c                USART_Init
 .text.USART_StructInit
                0x080015e8       0x44 ..\Libraries\libBSP.a(stm32f4xx_usart.o)
                0x080015e8                USART_StructInit
 .text.USART_ClockInit
                0x0800162c       0x54 ..\Libraries\libBSP.a(stm32f4xx_usart.o)
                0x0800162c                USART_ClockInit
 .text.USART_ClockStructInit
                0x08001680       0x34 ..\Libraries\libBSP.a(stm32f4xx_usart.o)
                0x08001680                USART_ClockStructInit
 .text.USART_Cmd
                0x080016b4       0x40 ..\Libraries\libBSP.a(stm32f4xx_usart.o)
                0x080016b4                USART_Cmd
 .text.USART_SendData
                0x080016f4       0x28 ..\Libraries\libBSP.a(stm32f4xx_usart.o)
                0x080016f4                USART_SendData
 .text.USART_ReceiveData
                0x0800171c       0x24 ..\Libraries\libBSP.a(stm32f4xx_usart.o)
                0x0800171c                USART_ReceiveData
 .text.USART_ITConfig
                0x08001740       0xa4 ..\Libraries\libBSP.a(stm32f4xx_usart.o)
                0x08001740                USART_ITConfig
 .text.USART_GetFlagStatus
                0x080017e4       0x40 ..\Libraries\libBSP.a(stm32f4xx_usart.o)
                0x080017e4                USART_GetFlagStatus
 .text.USART_GetITStatus
                0x08001824       0xc4 ..\Libraries\libBSP.a(stm32f4xx_usart.o)
                0x08001824                USART_GetITStatus
 .text.TIM_DeInit
                0x080018e8      0x238 ..\Libraries\libBSP.a(stm32f4xx_tim.o)
                0x080018e8                TIM_DeInit
 .text.TIM_TimeBaseInit
                0x08001b20       0xf4 ..\Libraries\libBSP.a(stm32f4xx_tim.o)
                0x08001b20                TIM_TimeBaseInit
 .text.TIM_ARRPreloadConfig
                0x08001c14       0x40 ..\Libraries\libBSP.a(stm32f4xx_tim.o)
                0x08001c14                TIM_ARRPreloadConfig
 .text.TIM_Cmd  0x08001c54       0x40 ..\Libraries\libBSP.a(stm32f4xx_tim.o)
                0x08001c54                TIM_Cmd
 .text.TIM_OC1Init
                0x08001c94       0xfc ..\Libraries\libBSP.a(stm32f4xx_tim.o)
                0x08001c94                TIM_OC1Init
 .text.TIM_OC2Init
                0x08001d90      0x128 ..\Libraries\libBSP.a(stm32f4xx_tim.o)
                0x08001d90                TIM_OC2Init
 .text.TIM_OC3Init
                0x08001eb8      0x120 ..\Libraries\libBSP.a(stm32f4xx_tim.o)
                0x08001eb8                TIM_OC3Init
 .text.TIM_OC4Init
                0x08001fd8       0xe0 ..\Libraries\libBSP.a(stm32f4xx_tim.o)
                0x08001fd8                TIM_OC4Init
 .text.TIM_OC1PreloadConfig
                0x080020b8       0x38 ..\Libraries\libBSP.a(stm32f4xx_tim.o)
                0x080020b8                TIM_OC1PreloadConfig
 .text.TIM_OC2PreloadConfig
                0x080020f0       0x40 ..\Libraries\libBSP.a(stm32f4xx_tim.o)
                0x080020f0                TIM_OC2PreloadConfig
 .text.TIM_OC3PreloadConfig
                0x08002130       0x38 ..\Libraries\libBSP.a(stm32f4xx_tim.o)
                0x08002130                TIM_OC3PreloadConfig
 .text.TIM_OC4PreloadConfig
                0x08002168       0x40 ..\Libraries\libBSP.a(stm32f4xx_tim.o)
                0x08002168                TIM_OC4PreloadConfig
 .text.TIM_GetITStatus
                0x080021a8       0x60 ..\Libraries\libBSP.a(stm32f4xx_tim.o)
                0x080021a8                TIM_GetITStatus
 .text.TIM_ClearITPendingBit
                0x08002208       0x24 ..\Libraries\libBSP.a(stm32f4xx_tim.o)
                0x08002208                TIM_ClearITPendingBit
 .text.SYSCFG_EXTILineConfig
                0x0800222c       0xb0 ..\Libraries\libBSP.a(stm32f4xx_syscfg.o)
                0x0800222c                SYSCFG_EXTILineConfig
 .text.RCC_GetClocksFreq
                0x080022dc      0x1cc ..\Libraries\libBSP.a(stm32f4xx_rcc.o)
                0x080022dc                RCC_GetClocksFreq
 .text.RCC_AHB1PeriphClockCmd
                0x080024a8       0x54 ..\Libraries\libBSP.a(stm32f4xx_rcc.o)
                0x080024a8                RCC_AHB1PeriphClockCmd
 .text.RCC_AHB3PeriphClockCmd
                0x080024fc       0x54 ..\Libraries\libBSP.a(stm32f4xx_rcc.o)
                0x080024fc                RCC_AHB3PeriphClockCmd
 .text.RCC_APB1PeriphClockCmd
                0x08002550       0x54 ..\Libraries\libBSP.a(stm32f4xx_rcc.o)
                0x08002550                RCC_APB1PeriphClockCmd
 .text.RCC_APB2PeriphClockCmd
                0x080025a4       0x54 ..\Libraries\libBSP.a(stm32f4xx_rcc.o)
                0x080025a4                RCC_APB2PeriphClockCmd
 .text.RCC_AHB1PeriphResetCmd
                0x080025f8       0x54 ..\Libraries\libBSP.a(stm32f4xx_rcc.o)
                0x080025f8                RCC_AHB1PeriphResetCmd
 .text.RCC_APB1PeriphResetCmd
                0x0800264c       0x54 ..\Libraries\libBSP.a(stm32f4xx_rcc.o)
                0x0800264c                RCC_APB1PeriphResetCmd
 .text.RCC_APB2PeriphResetCmd
                0x080026a0       0x54 ..\Libraries\libBSP.a(stm32f4xx_rcc.o)
                0x080026a0                RCC_APB2PeriphResetCmd
 .text.EXTI_Init
                0x080026f4      0x138 ..\Libraries\libBSP.a(stm32f4xx_exti.o)
                0x080026f4                EXTI_Init
 .text.EXTI_GetITStatus
                0x0800282c       0x3c ..\Libraries\libBSP.a(stm32f4xx_exti.o)
                0x0800282c                EXTI_GetITStatus
 .text.EXTI_ClearITPendingBit
                0x08002868       0x20 ..\Libraries\libBSP.a(stm32f4xx_exti.o)
                0x08002868                EXTI_ClearITPendingBit
 .text.NVIC_PriorityGroupConfig
                0x08002888       0x28 ..\Libraries\libBSP.a(misc.o)
                0x08002888                NVIC_PriorityGroupConfig
 .text.NVIC_Init
                0x080028b0       0xe4 ..\Libraries\libBSP.a(misc.o)
                0x080028b0                NVIC_Init
 .text.CARME_UART_Init
                0x08002994       0xb4 ..\Libraries\libBSP.a(uart.o)
                0x08002994                CARME_UART_Init
 .text.CARME_UART_GPIO_Init
                0x08002a48       0x38 ..\Libraries\libBSP.a(uart.o)
                0x08002a48                CARME_UART_GPIO_Init
 .text.SystemInit
                0x08002a80       0xb0 ..\Libraries\libBSP.a(system_stm32f4xx.o)
                0x08002a80                SystemInit
 .text.SetSysClock
                0x08002b30      0x188 ..\Libraries\libBSP.a(system_stm32f4xx.o)
 .text.SSD1963_WriteCommand
                0x08002cb8       0x1c ..\Libraries\libBSP.a(ssd1963.o)
 .text.SSD1963_WriteData
                0x08002cd4       0x1c ..\Libraries\libBSP.a(ssd1963.o)
 .text.SSD1963_ReadData
                0x08002cf0       0x14 ..\Libraries\libBSP.a(ssd1963.o)
 .text.SSD1963_DisplayOn
                0x08002d04       0x10 ..\Libraries\libBSP.a(ssd1963.o)
 .text.SSD1963_Delay
                0x08002d14       0x38 ..\Libraries\libBSP.a(ssd1963.o)
 .text.SSD1963_Init
                0x08002d4c      0x1a8 ..\Libraries\libBSP.a(ssd1963.o)
                0x08002d4c                SSD1963_Init
 .text.SSD1963_SetArea
                0x08002ef4       0x90 ..\Libraries\libBSP.a(ssd1963.o)
                0x08002ef4                SSD1963_SetArea
 .text.SSD1963_FillArea
                0x08002f84       0x64 ..\Libraries\libBSP.a(ssd1963.o)
                0x08002f84                SSD1963_FillArea
 .text.SSD1963_WriteArea
                0x08002fe8       0x6c ..\Libraries\libBSP.a(ssd1963.o)
                0x08002fe8                SSD1963_WriteArea
 .text.SSD1963_GetDeviceDescriptorBlock
                0x08003054       0x40 ..\Libraries\libBSP.a(ssd1963.o)
                0x08003054                SSD1963_GetDeviceDescriptorBlock
 .text.CARME_IO2_Init
                0x08003094      0x178 ..\Libraries\libBSP.a(carme_io2.o)
                0x08003094                CARME_IO2_Init
 .text.CARME_IO2_GPIO_Out_Settings
                0x0800320c       0x8c ..\Libraries\libBSP.a(carme_io2.o)
                0x0800320c                CARME_IO2_GPIO_Out_Settings
 .text.CARME_IO2_ADC_Get
                0x08003298       0x78 ..\Libraries\libBSP.a(carme_io2.o)
                0x08003298                CARME_IO2_ADC_Get
 .text.CARME_IO2_SPI_Select
                0x08003310       0x2c ..\Libraries\libBSP.a(carme_io2.o)
                0x08003310                CARME_IO2_SPI_Select
 .text.CARME_IO2_SPI_CS_Out
                0x0800333c       0x28 ..\Libraries\libBSP.a(carme_io2.o)
                0x0800333c                CARME_IO2_SPI_CS_Out
 .text.CARME_IO2_SPI_Send
                0x08003364       0x6c ..\Libraries\libBSP.a(carme_io2.o)
                0x08003364                CARME_IO2_SPI_Send
 .text.CARME_IO2_PWM_Settings
                0x080033d0       0x4c ..\Libraries\libBSP.a(carme_io2.o)
                0x080033d0                CARME_IO2_PWM_Settings
 .text.CARME_IO2_PWM_Set
                0x0800341c       0xfc ..\Libraries\libBSP.a(carme_io2.o)
                0x0800341c                CARME_IO2_PWM_Set
 .text.CARME_IO2_PWM_Phase
                0x08003518       0x2c ..\Libraries\libBSP.a(carme_io2.o)
                0x08003518                CARME_IO2_PWM_Phase
 .text.CARME_IO2_GPIO_OUT_Set
                0x08003544       0x6c ..\Libraries\libBSP.a(carme_io2.o)
                0x08003544                CARME_IO2_GPIO_OUT_Set
 .text.CARME_IO1_Init
                0x080035b0       0x2c ..\Libraries\libBSP.a(carme_io1.o)
                0x080035b0                CARME_IO1_Init
 .text.CARME_IO1_LED_Set
                0x080035dc       0xc4 ..\Libraries\libBSP.a(carme_io1.o)
                0x080035dc                CARME_IO1_LED_Set
 .text.CARME_IO1_SWITCH_Get
                0x080036a0       0x24 ..\Libraries\libBSP.a(carme_io1.o)
                0x080036a0                CARME_IO1_SWITCH_Get
 .text.CARME_Init
                0x080036c4       0xf8 ..\Libraries\libBSP.a(carme.o)
                0x080036c4                CARME_Init
 .text.CARME_FSMC_GPIO_Init
                0x080037bc       0x60 ..\Libraries\libBSP.a(carme.o)
 .text.CARME_FSMC_Init
                0x0800381c      0x160 ..\Libraries\libBSP.a(carme.o)
 .text.CARME_AGPIO_Init
                0x0800397c       0x2c ..\Libraries\libBSP.a(carme.o)
 .text.CARME_GPIO_Init
                0x080039a8      0x248 ..\Libraries\libBSP.a(carme.o)
                0x080039a8                CARME_GPIO_Init
 .text.CARME_AGPIO_Set
                0x08003bf0       0x84 ..\Libraries\libBSP.a(carme.o)
                0x08003bf0                CARME_AGPIO_Set
 .text.CARME_LED_Red_Set
                0x08003c74       0x14 ..\Libraries\libBSP.a(carme.o)
                0x08003c74                CARME_LED_Red_Set
 .text.CARME_LED_Red_Reset
                0x08003c88       0x14 ..\Libraries\libBSP.a(carme.o)
                0x08003c88                CARME_LED_Red_Reset
 .text.SPI_I2S_DeInit
                0x08003c9c      0x100 ..\Libraries\libBSP.a(stm32f4xx_spi.o)
                0x08003c9c                SPI_I2S_DeInit
 .text.SPI_Init
                0x08003d9c       0x88 ..\Libraries\libBSP.a(stm32f4xx_spi.o)
                0x08003d9c                SPI_Init
 .text.SPI_StructInit
                0x08003e24       0x5c ..\Libraries\libBSP.a(stm32f4xx_spi.o)
                0x08003e24                SPI_StructInit
 .text.SPI_Cmd  0x08003e80       0x40 ..\Libraries\libBSP.a(stm32f4xx_spi.o)
                0x08003e80                SPI_Cmd
 .text.SPI_I2S_SendData
                0x08003ec0       0x1c ..\Libraries\libBSP.a(stm32f4xx_spi.o)
                0x08003ec0                SPI_I2S_SendData
 .text.SPI_I2S_GetFlagStatus
                0x08003edc       0x40 ..\Libraries\libBSP.a(stm32f4xx_spi.o)
                0x08003edc                SPI_I2S_GetFlagStatus
 .text.GPIO_DeInit
                0x08003f1c      0x1c8 ..\Libraries\libBSP.a(stm32f4xx_gpio.o)
                0x08003f1c                GPIO_DeInit
 .text.GPIO_Init
                0x080040e4      0x144 ..\Libraries\libBSP.a(stm32f4xx_gpio.o)
                0x080040e4                GPIO_Init
 .text.GPIO_StructInit
                0x08004228       0x3c ..\Libraries\libBSP.a(stm32f4xx_gpio.o)
                0x08004228                GPIO_StructInit
 .text.GPIO_WriteBit
                0x08004264       0x30 ..\Libraries\libBSP.a(stm32f4xx_gpio.o)
                0x08004264                GPIO_WriteBit
 .text.GPIO_PinAFConfig
                0x08004294       0xa8 ..\Libraries\libBSP.a(stm32f4xx_gpio.o)
                0x08004294                GPIO_PinAFConfig
 .text.FSMC_NORSRAMDeInit
                0x0800433c       0x5c ..\Libraries\libBSP.a(stm32f4xx_fsmc.o)
                0x0800433c                FSMC_NORSRAMDeInit
 .text.FSMC_NORSRAMInit
                0x08004398      0x150 ..\Libraries\libBSP.a(stm32f4xx_fsmc.o)
                0x08004398                FSMC_NORSRAMInit
 .text.FSMC_NORSRAMCmd
                0x080044e8       0x54 ..\Libraries\libBSP.a(stm32f4xx_fsmc.o)
                0x080044e8                FSMC_NORSRAMCmd
 .text.ADC_DeInit
                0x0800453c       0x20 ..\Libraries\libBSP.a(stm32f4xx_adc.o)
                0x0800453c                ADC_DeInit
 .text.ADC_Init
                0x0800455c       0xb8 ..\Libraries\libBSP.a(stm32f4xx_adc.o)
                0x0800455c                ADC_Init
 .text.ADC_StructInit
                0x08004614       0x4c ..\Libraries\libBSP.a(stm32f4xx_adc.o)
                0x08004614                ADC_StructInit
 .text.ADC_CommonInit
                0x08004660       0x5c ..\Libraries\libBSP.a(stm32f4xx_adc.o)
                0x08004660                ADC_CommonInit
 .text.ADC_Cmd  0x080046bc       0x38 ..\Libraries\libBSP.a(stm32f4xx_adc.o)
                0x080046bc                ADC_Cmd
 .text.ADC_RegularChannelConfig
                0x080046f4      0x1bc ..\Libraries\libBSP.a(stm32f4xx_adc.o)
                0x080046f4                ADC_RegularChannelConfig
 .text.ADC_SoftwareStartConv
                0x080048b0       0x20 ..\Libraries\libBSP.a(stm32f4xx_adc.o)
                0x080048b0                ADC_SoftwareStartConv
 .text.ADC_GetConversionValue
                0x080048d0       0x1c ..\Libraries\libBSP.a(stm32f4xx_adc.o)
                0x080048d0                ADC_GetConversionValue
 .text.ADC_GetFlagStatus
                0x080048ec       0x3c ..\Libraries\libBSP.a(stm32f4xx_adc.o)
                0x080048ec                ADC_GetFlagStatus
 .text.SSD1963_LLD_Init
                0x08004928       0x50 ..\Libraries\libBSP.a(ssd1963_lld.o)
                0x08004928                SSD1963_LLD_Init
 .text.LCD_WriteArea
                0x08004978       0x28 ..\Libraries\libsGUI.a(text.o)
 .text.LCD_DrawChar
                0x080049a0      0x134 ..\Libraries\libsGUI.a(text.o)
 .text.LCD_SetFont
                0x08004ad4       0x20 ..\Libraries\libsGUI.a(text.o)
                0x08004ad4                LCD_SetFont
 .text.LCD_ClearLine
                0x08004af4       0x58 ..\Libraries\libsGUI.a(text.o)
                0x08004af4                LCD_ClearLine
 .text.LCD_DisplayCharXY
                0x08004b4c       0x84 ..\Libraries\libsGUI.a(text.o)
                0x08004b4c                LCD_DisplayCharXY
 .text.LCD_DisplayCharLine
                0x08004bd0       0x54 ..\Libraries\libsGUI.a(text.o)
                0x08004bd0                LCD_DisplayCharLine
 .text.LCD_DisplayStringLine
                0x08004c24      0x158 ..\Libraries\libsGUI.a(text.o)
                0x08004c24                LCD_DisplayStringLine
 .text.LCD_FillArea
                0x08004d7c       0x28 ..\Libraries\libsGUI.a(geometry.o)
 .text.LCD_DrawRectF
                0x08004da4       0x34 ..\Libraries\libsGUI.a(geometry.o)
                0x08004da4                LCD_DrawRectF
 .text.eMemCreateMemoryPool
                0x08004dd8      0x144 ..\Libraries\libFreeRTOS.a(memPoolService.o)
                0x08004dd8                eMemCreateMemoryPool
 .text.eMemTakeBlock
                0x08004f1c       0xa4 ..\Libraries\libFreeRTOS.a(memPoolService.o)
                0x08004f1c                eMemTakeBlock
 .text.eMemGiveBlock
                0x08004fc0       0x94 ..\Libraries\libFreeRTOS.a(memPoolService.o)
                0x08004fc0                eMemGiveBlock
 .text.xTaskGenericCreate
                0x08005054      0x1c0 ..\Libraries\libFreeRTOS.a(tasks.o)
                0x08005054                xTaskGenericCreate
 .text.vTaskDelay
                0x08005214       0x70 ..\Libraries\libFreeRTOS.a(tasks.o)
                0x08005214                vTaskDelay
 .text.vTaskStartScheduler
                0x08005284       0x88 ..\Libraries\libFreeRTOS.a(tasks.o)
                0x08005284                vTaskStartScheduler
 .text.vTaskSuspendAll
                0x0800530c       0x24 ..\Libraries\libFreeRTOS.a(tasks.o)
                0x0800530c                vTaskSuspendAll
 .text.xTaskResumeAll
                0x08005330      0x174 ..\Libraries\libFreeRTOS.a(tasks.o)
                0x08005330                xTaskResumeAll
 .text.xTaskGetTickCount
                0x080054a4       0x28 ..\Libraries\libFreeRTOS.a(tasks.o)
                0x080054a4                xTaskGetTickCount
 .text.xTaskIncrementTick
                0x080054cc      0x200 ..\Libraries\libFreeRTOS.a(tasks.o)
                0x080054cc                xTaskIncrementTick
 .text.vTaskSwitchContext
                0x080056cc      0x164 ..\Libraries\libFreeRTOS.a(tasks.o)
                0x080056cc                vTaskSwitchContext
 .text.vTaskPlaceOnEventList
                0x08005830       0x84 ..\Libraries\libFreeRTOS.a(tasks.o)
                0x08005830                vTaskPlaceOnEventList
 .text.vTaskPlaceOnEventListRestricted
                0x080058b4       0x60 ..\Libraries\libFreeRTOS.a(tasks.o)
                0x080058b4                vTaskPlaceOnEventListRestricted
 .text.xTaskRemoveFromEventList
                0x08005914       0xdc ..\Libraries\libFreeRTOS.a(tasks.o)
                0x08005914                xTaskRemoveFromEventList
 .text.vTaskSetTimeOutState
                0x080059f0       0x38 ..\Libraries\libFreeRTOS.a(tasks.o)
                0x080059f0                vTaskSetTimeOutState
 .text.xTaskCheckForTimeOut
                0x08005a28       0xb0 ..\Libraries\libFreeRTOS.a(tasks.o)
                0x08005a28                xTaskCheckForTimeOut
 .text.vTaskMissedYield
                0x08005ad8       0x18 ..\Libraries\libFreeRTOS.a(tasks.o)
                0x08005ad8                vTaskMissedYield
 .text.prvIdleTask
                0x08005af0       0x24 ..\Libraries\libFreeRTOS.a(tasks.o)
 .text.prvInitialiseTCBVariables
                0x08005b14       0xa0 ..\Libraries\libFreeRTOS.a(tasks.o)
 .text.prvInitialiseTaskLists
                0x08005bb4       0xa4 ..\Libraries\libFreeRTOS.a(tasks.o)
 .text.prvCheckTasksWaitingTermination
                0x08005c58       0x9c ..\Libraries\libFreeRTOS.a(tasks.o)
 .text.prvAddCurrentTaskToDelayedList
                0x08005cf4       0x8c ..\Libraries\libFreeRTOS.a(tasks.o)
 .text.prvAllocateTCBAndStack
                0x08005d80       0x70 ..\Libraries\libFreeRTOS.a(tasks.o)
 .text.prvDeleteTCB
                0x08005df0       0x20 ..\Libraries\libFreeRTOS.a(tasks.o)
 .text.prvResetNextTaskUnblockTime
                0x08005e10       0x5c ..\Libraries\libFreeRTOS.a(tasks.o)
 .text.xTaskGetCurrentTaskHandle
                0x08005e6c       0x20 ..\Libraries\libFreeRTOS.a(tasks.o)
                0x08005e6c                xTaskGetCurrentTaskHandle
 .text.xTaskGetSchedulerState
                0x08005e8c       0x48 ..\Libraries\libFreeRTOS.a(tasks.o)
                0x08005e8c                xTaskGetSchedulerState
 .text.vTaskPriorityInherit
                0x08005ed4       0xf0 ..\Libraries\libFreeRTOS.a(tasks.o)
                0x08005ed4                vTaskPriorityInherit
 .text.vTaskPriorityDisinherit
                0x08005fc4       0x98 ..\Libraries\libFreeRTOS.a(tasks.o)
                0x08005fc4                vTaskPriorityDisinherit
 .text.xQueueGenericReset
                0x0800605c       0xc0 ..\Libraries\libFreeRTOS.a(queue.o)
                0x0800605c                xQueueGenericReset
 .text.xQueueGenericCreate
                0x0800611c       0x90 ..\Libraries\libFreeRTOS.a(queue.o)
                0x0800611c                xQueueGenericCreate
 .text.xQueueCreateCountingSemaphore
                0x080061ac       0x58 ..\Libraries\libFreeRTOS.a(queue.o)
                0x080061ac                xQueueCreateCountingSemaphore
 .text.xQueueGenericSend
                0x08006204      0x19c ..\Libraries\libFreeRTOS.a(queue.o)
                0x08006204                xQueueGenericSend
 .text.xQueueGenericSendFromISR
                0x080063a0       0xe8 ..\Libraries\libFreeRTOS.a(queue.o)
                0x080063a0                xQueueGenericSendFromISR
 .text.xQueueGenericReceive
                0x08006488      0x1dc ..\Libraries\libFreeRTOS.a(queue.o)
                0x08006488                xQueueGenericReceive
 .text.prvCopyDataToQueue
                0x08006664       0xdc ..\Libraries\libFreeRTOS.a(queue.o)
 .text.prvCopyDataFromQueue
                0x08006740       0x50 ..\Libraries\libFreeRTOS.a(queue.o)
 .text.prvUnlockQueue
                0x08006790       0xa0 ..\Libraries\libFreeRTOS.a(queue.o)
 .text.prvIsQueueEmpty
                0x08006830       0x34 ..\Libraries\libFreeRTOS.a(queue.o)
 .text.prvIsQueueFull
                0x08006864       0x38 ..\Libraries\libFreeRTOS.a(queue.o)
 .text.vQueueAddToRegistry
                0x0800689c       0x64 ..\Libraries\libFreeRTOS.a(queue.o)
                0x0800689c                vQueueAddToRegistry
 .text.vQueueWaitForMessageRestricted
                0x08006900       0x60 ..\Libraries\libFreeRTOS.a(queue.o)
                0x08006900                vQueueWaitForMessageRestricted
 .text.pvPortMalloc
                0x08006960      0x190 ..\Libraries\libFreeRTOS.a(heap_4.o)
                0x08006960                pvPortMalloc
 .text.vPortFree
                0x08006af0       0xb8 ..\Libraries\libFreeRTOS.a(heap_4.o)
                0x08006af0                vPortFree
 .text.prvHeapInit
                0x08006ba8       0xf8 ..\Libraries\libFreeRTOS.a(heap_4.o)
 .text.prvInsertBlockIntoFreeList
                0x08006ca0       0xbc ..\Libraries\libFreeRTOS.a(heap_4.o)
 .text.pxPortInitialiseStack
                0x08006d5c       0x74 ..\Libraries\libFreeRTOS.a(port.o)
                0x08006d5c                pxPortInitialiseStack
 .text.prvTaskExitError
                0x08006dd0       0x20 ..\Libraries\libFreeRTOS.a(port.o)
 .text.SVC_Handler
                0x08006df0       0x20 ..\Libraries\libFreeRTOS.a(port.o)
                0x08006df0                SVC_Handler
 .text.prvPortStartFirstTask
                0x08006e10       0x1c ..\Libraries\libFreeRTOS.a(port.o)
 .text.xPortStartScheduler
                0x08006e2c      0x128 ..\Libraries\libFreeRTOS.a(port.o)
                0x08006e2c                xPortStartScheduler
 .text.vPortYield
                0x08006f54       0x20 ..\Libraries\libFreeRTOS.a(port.o)
                0x08006f54                vPortYield
 .text.vPortEnterCritical
                0x08006f74       0x2c ..\Libraries\libFreeRTOS.a(port.o)
                0x08006f74                vPortEnterCritical
 .text.vPortExitCritical
                0x08006fa0       0x48 ..\Libraries\libFreeRTOS.a(port.o)
                0x08006fa0                vPortExitCritical
 .text.ulPortSetInterruptMask
                0x08006fe8       0x14 ..\Libraries\libFreeRTOS.a(port.o)
                0x08006fe8                ulPortSetInterruptMask
 .text.vPortClearInterruptMask
                0x08006ffc        0x8 ..\Libraries\libFreeRTOS.a(port.o)
                0x08006ffc                vPortClearInterruptMask
 .text.PendSV_Handler
                0x08007004       0x58 ..\Libraries\libFreeRTOS.a(port.o)
                0x08007004                PendSV_Handler
 .text.SysTick_Handler
                0x0800705c       0x2c ..\Libraries\libFreeRTOS.a(port.o)
                0x0800705c                SysTick_Handler
 .text.vPortSetupTimerInterrupt
                0x08007088       0x40 ..\Libraries\libFreeRTOS.a(port.o)
                0x08007088                vPortSetupTimerInterrupt
 .text.vPortEnableVFP
                0x080070c8       0x14 ..\Libraries\libFreeRTOS.a(port.o)
 .text.vPortValidateInterruptPriority
                0x080070dc       0x64 ..\Libraries\libFreeRTOS.a(port.o)
                0x080070dc                vPortValidateInterruptPriority
 .text.vListInitialise
                0x08007140       0x40 ..\Libraries\libFreeRTOS.a(list.o)
                0x08007140                vListInitialise
 .text.vListInitialiseItem
                0x08007180       0x1c ..\Libraries\libFreeRTOS.a(list.o)
                0x08007180                vListInitialiseItem
 .text.vListInsertEnd
                0x0800719c       0x48 ..\Libraries\libFreeRTOS.a(list.o)
                0x0800719c                vListInsertEnd
 .text.vListInsert
                0x080071e4       0x74 ..\Libraries\libFreeRTOS.a(list.o)
                0x080071e4                vListInsert
 .text.uxListRemove
                0x08007258       0x58 ..\Libraries\libFreeRTOS.a(list.o)
                0x08007258                uxListRemove
 .text.xTimerCreateTimerTask
                0x080072b0       0x6c ..\Libraries\libFreeRTOS.a(timers.o)
                0x080072b0                xTimerCreateTimerTask
 .text.xTimerGenericCommand
                0x0800731c       0xac ..\Libraries\libFreeRTOS.a(timers.o)
                0x0800731c                xTimerGenericCommand
 .text.prvProcessExpiredTimer
                0x080073c8       0x7c ..\Libraries\libFreeRTOS.a(timers.o)
 .text.prvTimerTask
                0x08007444       0x24 ..\Libraries\libFreeRTOS.a(timers.o)
 .text.prvProcessTimerOrBlockTask
                0x08007468       0x74 ..\Libraries\libFreeRTOS.a(timers.o)
 .text.prvGetNextExpireTime
                0x080074dc       0x54 ..\Libraries\libFreeRTOS.a(timers.o)
 .text.prvSampleTimeNow
                0x08007530       0x4c ..\Libraries\libFreeRTOS.a(timers.o)
 .text.prvInsertTimerInActiveList
                0x0800757c       0x94 ..\Libraries\libFreeRTOS.a(timers.o)
 .text.prvProcessReceivedCommands
                0x08007610      0x124 ..\Libraries\libFreeRTOS.a(timers.o)
 .text.prvSwitchTimerLists
                0x08007734       0xe4 ..\Libraries\libFreeRTOS.a(timers.o)
 .text.prvCheckForValidListAndQueue
                0x08007818       0xb0 ..\Libraries\libFreeRTOS.a(timers.o)
 .text.memcmp   0x080078c8       0x1e c:/program files (x86)/atollic/truestudio for arm pro 5.1.1/armtools/bin/../lib/gcc/arm-atollic-eabi/4.8.3/../../../../arm-atollic-eabi/lib/armv7e-m/softfp\libc.a(lib_a-memcmp.o)
                0x080078c8                memcmp
 .text.memcpy   0x080078e6       0x12 c:/program files (x86)/atollic/truestudio for arm pro 5.1.1/armtools/bin/../lib/gcc/arm-atollic-eabi/4.8.3/../../../../arm-atollic-eabi/lib/armv7e-m/softfp\libc.a(lib_a-memcpy-stub.o)
                0x080078e6                memcpy
 .text.memset   0x080078f8       0x10 c:/program files (x86)/atollic/truestudio for arm pro 5.1.1/armtools/bin/../lib/gcc/arm-atollic-eabi/4.8.3/../../../../arm-atollic-eabi/lib/armv7e-m/softfp\libc.a(lib_a-memset.o)
                0x080078f8                memset
 *(.rodata)
 .rodata        0x08007908       0x2c src\uartTask.o
 .rodata        0x08007934       0x10 src\parserTask.o
 .rodata        0x08007944       0x1c src\main.o
 .rodata        0x08007960       0x20 src\lcdTask.o
 .rodata        0x08007980      0x1a8 ..\Libraries\libBSP.a(carme.o)
 .rodata        0x08007b28        0x8 ..\Libraries\libFreeRTOS.a(tasks.o)
 .rodata        0x08007b30       0x10 ..\Libraries\libFreeRTOS.a(timers.o)
 *(.rodata*)
 .rodata.letters.4995
                0x08007b40       0x3c src\lookup.o
 .rodata.ucExpectedStackBytes.5284
                0x08007b7c       0x14 ..\Libraries\libFreeRTOS.a(tasks.o)
 .rodata.heapSTRUCT_SIZE
                0x08007b90        0x2 ..\Libraries\libFreeRTOS.a(heap_4.o)
 *fill*         0x08007b92        0x2 
 .rodata.xTotalHeapSize
                0x08007b94        0x4 ..\Libraries\libFreeRTOS.a(heap_4.o)
 .rodata.pcInterruptPriorityRegisters
                0x08007b98        0x4 ..\Libraries\libFreeRTOS.a(port.o)
 *(.glue_7)
 .glue_7        0x00000000        0x0 linker stubs
 *(.glue_7t)
 .glue_7t       0x00000000        0x0 linker stubs
 *(.eh_frame)
 .eh_frame      0x08007b9c        0x0 c:/program files (x86)/atollic/truestudio for arm pro 5.1.1/armtools/bin/../lib/gcc/arm-atollic-eabi/4.8.3/armv7e-m/softfp/crtbegin.o
 *(.init)
 .init          0x08007b9c        0x4 c:/program files (x86)/atollic/truestudio for arm pro 5.1.1/armtools/bin/../lib/gcc/arm-atollic-eabi/4.8.3/armv7e-m/softfp/crti.o
                0x08007b9c                _init
 .init          0x08007ba0        0x8 c:/program files (x86)/atollic/truestudio for arm pro 5.1.1/armtools/bin/../lib/gcc/arm-atollic-eabi/4.8.3/armv7e-m/softfp/crtn.o
 *(.fini)
 .fini          0x08007ba8        0x4 c:/program files (x86)/atollic/truestudio for arm pro 5.1.1/armtools/bin/../lib/gcc/arm-atollic-eabi/4.8.3/armv7e-m/softfp/crti.o
                0x08007ba8                _fini
 .fini          0x08007bac        0x8 c:/program files (x86)/atollic/truestudio for arm pro 5.1.1/armtools/bin/../lib/gcc/arm-atollic-eabi/4.8.3/armv7e-m/softfp/crtn.o
                0x08007bb4                . = ALIGN (0x4)
                0x08007bb4                _etext = .

.vfp11_veneer   0x08007bb4        0x0
 .vfp11_veneer  0x00000000        0x0 linker stubs

.v4_bx          0x08007bb4        0x0
 .v4_bx         0x00000000        0x0 linker stubs

.iplt           0x08007bb4        0x0
 .iplt          0x00000000        0x0 c:/program files (x86)/atollic/truestudio for arm pro 5.1.1/armtools/bin/../lib/gcc/arm-atollic-eabi/4.8.3/armv7e-m/softfp/crtbegin.o

.ARM.extab
 *(.ARM.extab* .gnu.linkonce.armextab.*)

.ARM            0x08007bb4        0x8
                0x08007bb4                __exidx_start = .
 *(.ARM.exidx*)
 .ARM.exidx     0x08007bb4        0x8 c:/program files (x86)/atollic/truestudio for arm pro 5.1.1/armtools/bin/../lib/gcc/arm-atollic-eabi/4.8.3/armv7e-m/softfp\libgcc.a(_divdi3.o)
 .ARM.exidx     0x08007bbc        0x0 c:/program files (x86)/atollic/truestudio for arm pro 5.1.1/armtools/bin/../lib/gcc/arm-atollic-eabi/4.8.3/armv7e-m/softfp\libgcc.a(_udivdi3.o)
                                  0x8 (size before relaxing)
                0x08007bbc                __exidx_end = .

.rel.dyn        0x08007bbc        0x0
 .rel.iplt      0x00000000        0x0 c:/program files (x86)/atollic/truestudio for arm pro 5.1.1/armtools/bin/../lib/gcc/arm-atollic-eabi/4.8.3/armv7e-m/softfp/crtbegin.o

.preinit_array  0x08007bbc        0x0
                0x08007bbc                PROVIDE (__preinit_array_start, .)
 *(.preinit_array*)
                0x08007bbc                PROVIDE (__preinit_array_end, .)

.init_array     0x08007bbc        0x4
                0x08007bbc                PROVIDE (__init_array_start, .)
 *(SORT(.init_array.*))
 *(.init_array*)
 .init_array    0x08007bbc        0x4 c:/program files (x86)/atollic/truestudio for arm pro 5.1.1/armtools/bin/../lib/gcc/arm-atollic-eabi/4.8.3/armv7e-m/softfp/crtbegin.o
                0x08007bc0                PROVIDE (__init_array_end, .)

.fini_array     0x08007bc0        0x4
                0x08007bc0                PROVIDE (__fini_array_start, .)
 *(SORT(.fini_array.*))
 *(.fini_array*)
 .fini_array    0x08007bc0        0x4 c:/program files (x86)/atollic/truestudio for arm pro 5.1.1/armtools/bin/../lib/gcc/arm-atollic-eabi/4.8.3/armv7e-m/softfp/crtbegin.o
                0x08007bc4                PROVIDE (__fini_array_end, .)
                0x08007bc4                _sidata = LOADADDR (.data)

.data           0x20000000      0x88c load address 0x08007bc4
                0x20000000                . = ALIGN (0x4)
                0x20000000                _sdata = .
 *(.data)
 *(.data*)
 .data.encoderMatch
                0x20000000        0x2 src\main.o
                0x20000000                encoderMatch
 *fill*         0x20000002        0x2 
 .data.APBAHBPrescTable
                0x20000004       0x10 ..\Libraries\libBSP.a(stm32f4xx_rcc.o)
 .data.CARME_UART_Port_Pin
                0x20000014       0x58 ..\Libraries\libBSP.a(uart.o)
 .data.SystemCoreClock
                0x2000006c        0x4 ..\Libraries\libBSP.a(system_stm32f4xx.o)
                0x2000006c                SystemCoreClock
 .data.CARME_IO2_Port_Pin
                0x20000070       0x88 ..\Libraries\libBSP.a(carme_io2.o)
 .data.CARME_IO2_GPIO_Out_Port_Pin
                0x200000f8       0x20 ..\Libraries\libBSP.a(carme_io2.o)
 .data.CARME_IO2_OPTO_Out_Port_Pin
                0x20000118       0x10 ..\Libraries\libBSP.a(carme_io2.o)
 .data.CARME_IO2_OPTO_In_Port_Pin
                0x20000128       0x10 ..\Libraries\libBSP.a(carme_io2.o)
 .data.CARME_IO2_ADC_Channels
                0x20000138        0x4 ..\Libraries\libBSP.a(carme_io2.o)
 .data.LED_Port
                0x2000013c        0x4 ..\Libraries\libBSP.a(carme_io1.o)
 .data.Switch_Port
                0x20000140        0x4 ..\Libraries\libBSP.a(carme_io1.o)
 .data.CARME_IO1_Port_Pin
                0x20000144       0x20 ..\Libraries\libBSP.a(carme_io1.o)
 .data.CARME_AGPIO_Port_Pin
                0x20000164       0xa0 ..\Libraries\libBSP.a(carme.o)
 .data.LCD_Port_Pin
                0x20000204       0x10 ..\Libraries\libBSP.a(ssd1963_lld.o)
 .data.TextColor
                0x20000214        0x2 ..\Libraries\libsGUI.a(text.o)
 *fill*         0x20000216        0x2 
 .data.CurrentFont
                0x20000218        0x4 ..\Libraries\libsGUI.a(text.o)
 .data.font_5x8_data
                0x2000021c      0x1dc ..\Libraries\libsGUI.a(font.o)
 .data.font_5x8
                0x200003f8        0x8 ..\Libraries\libsGUI.a(font.o)
                0x200003f8                font_5x8
 .data.font_6x12_data
                0x20000400      0x474 ..\Libraries\libsGUI.a(font.o)
 .data.font_6x12
                0x20000874        0x8 ..\Libraries\libsGUI.a(font.o)
                0x20000874                font_6x12
 .data.xNextTaskUnblockTime
                0x2000087c        0x4 ..\Libraries\libFreeRTOS.a(tasks.o)
 .data.xFreeBytesRemaining
                0x20000880        0x4 ..\Libraries\libFreeRTOS.a(heap_4.o)
 .data.xMinimumEverFreeBytesRemaining
                0x20000884        0x4 ..\Libraries\libFreeRTOS.a(heap_4.o)
 .data.uxCriticalNesting
                0x20000888        0x4 ..\Libraries\libFreeRTOS.a(port.o)
                0x2000088c                . = ALIGN (0x4)
                0x2000088c                _edata = .
                0x08008450                _siccmram = LOADADDR (.ccmram)

.jcr            0x2000088c        0x0 load address 0x08008450
 .jcr           0x2000088c        0x0 c:/program files (x86)/atollic/truestudio for arm pro 5.1.1/armtools/bin/../lib/gcc/arm-atollic-eabi/4.8.3/armv7e-m/softfp/crtbegin.o

.igot.plt       0x2000088c        0x0 load address 0x08008450
 .igot.plt      0x00000000        0x0 c:/program files (x86)/atollic/truestudio for arm pro 5.1.1/armtools/bin/../lib/gcc/arm-atollic-eabi/4.8.3/armv7e-m/softfp/crtbegin.o

.ccmram         0x10000000        0x0 load address 0x08008450
                0x10000000                . = ALIGN (0x4)
                0x10000000                _sccmram = .
 *(.ccmram)
 *(.ccmram*)
                0x10000000                . = ALIGN (0x4)
                0x10000000                _eccmram = .
                0x10000000                . = ALIGN (0x4)

.bss            0x2000088c    0x13b20
                0x2000088c                _sbss = .
                0x2000088c                __bss_start__ = _sbss
 *(.bss)
 .bss           0x2000088c       0x1c c:/program files (x86)/atollic/truestudio for arm pro 5.1.1/armtools/bin/../lib/gcc/arm-atollic-eabi/4.8.3/armv7e-m/softfp/crtbegin.o
 *(.bss*)
 .bss.queueUart
                0x200008a8        0x4 src\uartTask.o
 .bss.oneshotA  0x200008ac        0x1 src\interrupt_handler.o
 *fill*         0x200008ad        0x3 
 .bss.deviceDescriptorBlock
                0x200008b0        0x8 ..\Libraries\libBSP.a(ssd1963.o)
 .bss.LED_Value
                0x200008b8        0x1 ..\Libraries\libBSP.a(carme_io1.o)
 *fill*         0x200008b9        0x1 
 .bss.BackColor
                0x200008ba        0x2 ..\Libraries\libsGUI.a(text.o)
 .bss.pxCurrentTCB
                0x200008bc        0x4 ..\Libraries\libFreeRTOS.a(tasks.o)
                0x200008bc                pxCurrentTCB
 .bss.pxReadyTasksLists
                0x200008c0       0x64 ..\Libraries\libFreeRTOS.a(tasks.o)
 .bss.xDelayedTaskList1
                0x20000924       0x14 ..\Libraries\libFreeRTOS.a(tasks.o)
 .bss.xDelayedTaskList2
                0x20000938       0x14 ..\Libraries\libFreeRTOS.a(tasks.o)
 .bss.pxDelayedTaskList
                0x2000094c        0x4 ..\Libraries\libFreeRTOS.a(tasks.o)
 .bss.pxOverflowDelayedTaskList
                0x20000950        0x4 ..\Libraries\libFreeRTOS.a(tasks.o)
 .bss.xPendingReadyList
                0x20000954       0x14 ..\Libraries\libFreeRTOS.a(tasks.o)
 .bss.xTasksWaitingTermination
                0x20000968       0x14 ..\Libraries\libFreeRTOS.a(tasks.o)
 .bss.uxTasksDeleted
                0x2000097c        0x4 ..\Libraries\libFreeRTOS.a(tasks.o)
 .bss.xSuspendedTaskList
                0x20000980       0x14 ..\Libraries\libFreeRTOS.a(tasks.o)
 .bss.uxCurrentNumberOfTasks
                0x20000994        0x4 ..\Libraries\libFreeRTOS.a(tasks.o)
 .bss.xTickCount
                0x20000998        0x4 ..\Libraries\libFreeRTOS.a(tasks.o)
 .bss.uxTopReadyPriority
                0x2000099c        0x4 ..\Libraries\libFreeRTOS.a(tasks.o)
 .bss.xSchedulerRunning
                0x200009a0        0x4 ..\Libraries\libFreeRTOS.a(tasks.o)
 .bss.uxPendedTicks
                0x200009a4        0x4 ..\Libraries\libFreeRTOS.a(tasks.o)
 .bss.xYieldPending
                0x200009a8        0x4 ..\Libraries\libFreeRTOS.a(tasks.o)
 .bss.xNumOfOverflows
                0x200009ac        0x4 ..\Libraries\libFreeRTOS.a(tasks.o)
 .bss.uxTaskNumber
                0x200009b0        0x4 ..\Libraries\libFreeRTOS.a(tasks.o)
 .bss.uxSchedulerSuspended
                0x200009b4        0x4 ..\Libraries\libFreeRTOS.a(tasks.o)
 .bss.ucHeap    0x200009b8    0x12c00 ..\Libraries\libFreeRTOS.a(heap_4.o)
 .bss.xStart    0x200135b8        0x8 ..\Libraries\libFreeRTOS.a(heap_4.o)
 .bss.pxEnd     0x200135c0        0x4 ..\Libraries\libFreeRTOS.a(heap_4.o)
 .bss.xBlockAllocatedBit
                0x200135c4        0x4 ..\Libraries\libFreeRTOS.a(heap_4.o)
 .bss.ucMaxSysCallPriority
                0x200135c8        0x1 ..\Libraries\libFreeRTOS.a(port.o)
 *fill*         0x200135c9        0x3 
 .bss.ulMaxPRIGROUPValue
                0x200135cc        0x4 ..\Libraries\libFreeRTOS.a(port.o)
 .bss.xActiveTimerList1
                0x200135d0       0x14 ..\Libraries\libFreeRTOS.a(timers.o)
 .bss.xActiveTimerList2
                0x200135e4       0x14 ..\Libraries\libFreeRTOS.a(timers.o)
 .bss.pxCurrentTimerList
                0x200135f8        0x4 ..\Libraries\libFreeRTOS.a(timers.o)
 .bss.pxOverflowTimerList
                0x200135fc        0x4 ..\Libraries\libFreeRTOS.a(timers.o)
 .bss.xTimerQueue
                0x20013600        0x4 ..\Libraries\libFreeRTOS.a(timers.o)
 .bss.xLastTime.5138
                0x20013604        0x4 ..\Libraries\libFreeRTOS.a(timers.o)
 *(COMMON)
 COMMON         0x20013608      0xd04 src\uartTask.o
                0x20013608                memStringMsg
                0x200142b0                sMemPoolStringMsg
                0x20014308                queueString
 COMMON         0x2001430c       0x5c src\parserTask.o
                0x2001430c                queueLCD
                0x20014310                sMemPoolParser
 COMMON         0x20014368        0x2 src\main.o
                0x20014368                encoderCount
 *fill*         0x2001436a        0x2 
 COMMON         0x2001436c       0x40 ..\Libraries\libFreeRTOS.a(queue.o)
                0x2001436c                xQueueRegistry
                0x200143ac                . = ALIGN (0x4)
                0x200143ac                _ebss = .
                0x200143ac                __bss_end__ = _ebss

._user_heap_stack
                0x200143ac     0x2000
                0x200143ac                . = ALIGN (0x4)
                0x200143ac                PROVIDE (end, .)
                0x200143ac                PROVIDE (_end, .)
                0x200153ac                . = (. + _Min_Heap_Size)
 *fill*         0x200143ac     0x1000 
                0x200163ac                . = (. + _Min_Stack_Size)
 *fill*         0x200153ac     0x1000 
                0x200163ac                . = ALIGN (0x4)

.memory_b1_text
 *(.mb1text)
 *(.mb1text*)
 *(.mb1rodata)
 *(.mb1rodata*)

/DISCARD/
 libc.a(*)
 libm.a(*)
 libgcc.a(*)

.ARM.attributes
                0x00000000       0x30
 *(.ARM.attributes)
 .ARM.attributes
                0x00000000       0x22 c:/program files (x86)/atollic/truestudio for arm pro 5.1.1/armtools/bin/../lib/gcc/arm-atollic-eabi/4.8.3/armv7e-m/softfp/crti.o
 .ARM.attributes
                0x00000022       0x32 c:/program files (x86)/atollic/truestudio for arm pro 5.1.1/armtools/bin/../lib/gcc/arm-atollic-eabi/4.8.3/armv7e-m/softfp/crtbegin.o
 .ARM.attributes
                0x00000054       0x37 src\uartTask.o
 .ARM.attributes
                0x0000008b       0x37 src\tiny_printf.o
 .ARM.attributes
                0x000000c2       0x21 src\startup.o
 .ARM.attributes
                0x000000e3       0x37 src\parserTask.o
 .ARM.attributes
                0x0000011a       0x37 src\outputTask.o
 .ARM.attributes
                0x00000151       0x37 src\main.o
 .ARM.attributes
                0x00000188       0x37 src\lookup.o
 .ARM.attributes
                0x000001bf       0x37 src\lcdTask.o
 .ARM.attributes
                0x000001f6       0x37 src\interrupt_handler.o
 .ARM.attributes
                0x0000022d       0x32 c:/program files (x86)/atollic/truestudio for arm pro 5.1.1/armtools/bin/../lib/gcc/arm-atollic-eabi/4.8.3/../../../../arm-atollic-eabi/lib/armv7e-m/softfp\libc_s.a(lib_a-init.o)
 .ARM.attributes
                0x0000025f       0x32 c:/program files (x86)/atollic/truestudio for arm pro 5.1.1/armtools/bin/../lib/gcc/arm-atollic-eabi/4.8.3/../../../../arm-atollic-eabi/lib/armv7e-m/softfp\libc_s.a(lib_a-strcpy.o)
 .ARM.attributes
                0x00000291       0x22 c:/program files (x86)/atollic/truestudio for arm pro 5.1.1/armtools/bin/../lib/gcc/arm-atollic-eabi/4.8.3/armv7e-m/softfp/crtn.o
 .ARM.attributes
                0x000002b3       0x39 ..\Libraries\libBSP.a(stm32f4xx_usart.o)
 .ARM.attributes
                0x000002ec       0x39 ..\Libraries\libBSP.a(stm32f4xx_tim.o)
 .ARM.attributes
                0x00000325       0x39 ..\Libraries\libBSP.a(stm32f4xx_syscfg.o)
 .ARM.attributes
                0x0000035e       0x39 ..\Libraries\libBSP.a(stm32f4xx_rcc.o)
 .ARM.attributes
                0x00000397       0x39 ..\Libraries\libBSP.a(stm32f4xx_exti.o)
 .ARM.attributes
                0x000003d0       0x39 ..\Libraries\libBSP.a(misc.o)
 .ARM.attributes
                0x00000409       0x39 ..\Libraries\libBSP.a(uart.o)
 .ARM.attributes
                0x00000442       0x39 ..\Libraries\libBSP.a(system_stm32f4xx.o)
 .ARM.attributes
                0x0000047b       0x39 ..\Libraries\libBSP.a(ssd1963.o)
 .ARM.attributes
                0x000004b4       0x39 ..\Libraries\libBSP.a(carme_io2.o)
 .ARM.attributes
                0x000004ed       0x39 ..\Libraries\libBSP.a(carme_io1.o)
 .ARM.attributes
                0x00000526       0x39 ..\Libraries\libBSP.a(carme.o)
 .ARM.attributes
                0x0000055f       0x39 ..\Libraries\libBSP.a(stm32f4xx_spi.o)
 .ARM.attributes
                0x00000598       0x39 ..\Libraries\libBSP.a(stm32f4xx_gpio.o)
 .ARM.attributes
                0x000005d1       0x39 ..\Libraries\libBSP.a(stm32f4xx_fsmc.o)
 .ARM.attributes
                0x0000060a       0x39 ..\Libraries\libBSP.a(stm32f4xx_adc.o)
 .ARM.attributes
                0x00000643       0x39 ..\Libraries\libBSP.a(ssd1963_lld.o)
 .ARM.attributes
                0x0000067c       0x39 ..\Libraries\libsGUI.a(text.o)
 .ARM.attributes
                0x000006b5       0x39 ..\Libraries\libsGUI.a(geometry.o)
 .ARM.attributes
                0x000006ee       0x39 ..\Libraries\libsGUI.a(font.o)
 .ARM.attributes
                0x00000727       0x39 ..\Libraries\libFreeRTOS.a(memPoolService.o)
 .ARM.attributes
                0x00000760       0x39 ..\Libraries\libFreeRTOS.a(tasks.o)
 .ARM.attributes
                0x00000799       0x39 ..\Libraries\libFreeRTOS.a(queue.o)
 .ARM.attributes
                0x000007d2       0x39 ..\Libraries\libFreeRTOS.a(heap_4.o)
 .ARM.attributes
                0x0000080b       0x39 ..\Libraries\libFreeRTOS.a(port.o)
 .ARM.attributes
                0x00000844       0x39 ..\Libraries\libFreeRTOS.a(list.o)
 .ARM.attributes
                0x0000087d       0x39 ..\Libraries\libFreeRTOS.a(timers.o)
OUTPUT(Miniproject_RTOS.elf elf32-littlearm)

.debug_info     0x00000000    0x104ed
 .debug_info    0x00000000      0x78f src\uartTask.o
 .debug_info    0x0000078f      0xbc2 src\tiny_printf.o
 .debug_info    0x00001351       0x56 src\startup.o
 .debug_info    0x000013a7      0x3c7 src\parserTask.o
 .debug_info    0x0000176e      0x23d src\outputTask.o
 .debug_info    0x000019ab      0x1ad src\main.o
 .debug_info    0x00001b58       0xf8 src\lookup.o
 .debug_info    0x00001c50      0x284 src\lcdTask.o
 .debug_info    0x00001ed4      0x712 src\interrupt_handler.o
 .debug_info    0x000025e6      0xa69 ..\Libraries\libBSP.a(stm32f4xx_usart.o)
 .debug_info    0x0000304f     0x1e81 ..\Libraries\libBSP.a(stm32f4xx_tim.o)
 .debug_info    0x00004ed0      0x2a6 ..\Libraries\libBSP.a(stm32f4xx_syscfg.o)
 .debug_info    0x00005176      0xf30 ..\Libraries\libBSP.a(stm32f4xx_rcc.o)
 .debug_info    0x000060a6      0x368 ..\Libraries\libBSP.a(stm32f4xx_exti.o)
 .debug_info    0x0000640e      0x596 ..\Libraries\libBSP.a(misc.o)
 .debug_info    0x000069a4      0x676 ..\Libraries\libBSP.a(uart.o)
 .debug_info    0x0000701a      0x62b ..\Libraries\libBSP.a(system_stm32f4xx.o)
 .debug_info    0x00007645      0x3f1 ..\Libraries\libBSP.a(ssd1963.o)
 .debug_info    0x00007a36      0xf16 ..\Libraries\libBSP.a(carme_io2.o)
 .debug_info    0x0000894c      0x634 ..\Libraries\libBSP.a(carme_io1.o)
 .debug_info    0x00008f80      0x6f9 ..\Libraries\libBSP.a(carme.o)
 .debug_info    0x00009679      0xc02 ..\Libraries\libBSP.a(stm32f4xx_spi.o)
 .debug_info    0x0000a27b      0x647 ..\Libraries\libBSP.a(stm32f4xx_gpio.o)
 .debug_info    0x0000a8c2      0x9b5 ..\Libraries\libBSP.a(stm32f4xx_fsmc.o)
 .debug_info    0x0000b277      0xd18 ..\Libraries\libBSP.a(stm32f4xx_adc.o)
 .debug_info    0x0000bf8f      0x319 ..\Libraries\libBSP.a(ssd1963_lld.o)
 .debug_info    0x0000c2a8      0x4d0 ..\Libraries\libsGUI.a(text.o)
 .debug_info    0x0000c778      0x3ba ..\Libraries\libsGUI.a(geometry.o)
 .debug_info    0x0000cb32      0x49a ..\Libraries\libsGUI.a(font.o)
 .debug_info    0x0000cfcc      0x405 ..\Libraries\libFreeRTOS.a(memPoolService.o)
 .debug_info    0x0000d3d1     0x1323 ..\Libraries\libFreeRTOS.a(tasks.o)
 .debug_info    0x0000e6f4      0xc4e ..\Libraries\libFreeRTOS.a(queue.o)
 .debug_info    0x0000f342      0x336 ..\Libraries\libFreeRTOS.a(heap_4.o)
 .debug_info    0x0000f678      0x36d ..\Libraries\libFreeRTOS.a(port.o)
 .debug_info    0x0000f9e5      0x2c5 ..\Libraries\libFreeRTOS.a(list.o)
 .debug_info    0x0000fcaa      0x843 ..\Libraries\libFreeRTOS.a(timers.o)

.debug_abbrev   0x00000000     0x30a0
 .debug_abbrev  0x00000000      0x189 src\uartTask.o
 .debug_abbrev  0x00000189      0x248 src\tiny_printf.o
 .debug_abbrev  0x000003d1       0x12 src\startup.o
 .debug_abbrev  0x000003e3      0x11b src\parserTask.o
 .debug_abbrev  0x000004fe       0xf2 src\outputTask.o
 .debug_abbrev  0x000005f0       0xdc src\main.o
 .debug_abbrev  0x000006cc       0x99 src\lookup.o
 .debug_abbrev  0x00000765       0xe5 src\lcdTask.o
 .debug_abbrev  0x0000084a      0x159 src\interrupt_handler.o
 .debug_abbrev  0x000009a3      0x159 ..\Libraries\libBSP.a(stm32f4xx_usart.o)
 .debug_abbrev  0x00000afc      0x18b ..\Libraries\libBSP.a(stm32f4xx_tim.o)
 .debug_abbrev  0x00000c87      0x135 ..\Libraries\libBSP.a(stm32f4xx_syscfg.o)
 .debug_abbrev  0x00000dbc      0x1be ..\Libraries\libBSP.a(stm32f4xx_rcc.o)
 .debug_abbrev  0x00000f7a      0x1a9 ..\Libraries\libBSP.a(stm32f4xx_exti.o)
 .debug_abbrev  0x00001123      0x12b ..\Libraries\libBSP.a(misc.o)
 .debug_abbrev  0x0000124e      0x16d ..\Libraries\libBSP.a(uart.o)
 .debug_abbrev  0x000013bb      0x13a ..\Libraries\libBSP.a(system_stm32f4xx.o)
 .debug_abbrev  0x000014f5      0x1a1 ..\Libraries\libBSP.a(ssd1963.o)
 .debug_abbrev  0x00001696      0x1c3 ..\Libraries\libBSP.a(carme_io2.o)
 .debug_abbrev  0x00001859      0x1ab ..\Libraries\libBSP.a(carme_io1.o)
 .debug_abbrev  0x00001a04      0x1c2 ..\Libraries\libBSP.a(carme.o)
 .debug_abbrev  0x00001bc6      0x16b ..\Libraries\libBSP.a(stm32f4xx_spi.o)
 .debug_abbrev  0x00001d31      0x1a7 ..\Libraries\libBSP.a(stm32f4xx_gpio.o)
 .debug_abbrev  0x00001ed8      0x174 ..\Libraries\libBSP.a(stm32f4xx_fsmc.o)
 .debug_abbrev  0x0000204c      0x19a ..\Libraries\libBSP.a(stm32f4xx_adc.o)
 .debug_abbrev  0x000021e6      0x10e ..\Libraries\libBSP.a(ssd1963_lld.o)
 .debug_abbrev  0x000022f4      0x1a1 ..\Libraries\libsGUI.a(text.o)
 .debug_abbrev  0x00002495       0xbf ..\Libraries\libsGUI.a(geometry.o)
 .debug_abbrev  0x00002554       0xaa ..\Libraries\libsGUI.a(font.o)
 .debug_abbrev  0x000025fe      0x131 ..\Libraries\libFreeRTOS.a(memPoolService.o)
 .debug_abbrev  0x0000272f      0x228 ..\Libraries\libFreeRTOS.a(tasks.o)
 .debug_abbrev  0x00002957      0x1bc ..\Libraries\libFreeRTOS.a(queue.o)
 .debug_abbrev  0x00002b13      0x18c ..\Libraries\libFreeRTOS.a(heap_4.o)
 .debug_abbrev  0x00002c9f      0x1b7 ..\Libraries\libFreeRTOS.a(port.o)
 .debug_abbrev  0x00002e56       0xc0 ..\Libraries\libFreeRTOS.a(list.o)
 .debug_abbrev  0x00002f16      0x18a ..\Libraries\libFreeRTOS.a(timers.o)

.debug_aranges  0x00000000     0x1398
 .debug_aranges
                0x00000000       0x38 src\uartTask.o
 .debug_aranges
                0x00000038       0x60 src\tiny_printf.o
 .debug_aranges
                0x00000098       0x28 src\startup.o
 .debug_aranges
                0x000000c0       0x20 src\parserTask.o
 .debug_aranges
                0x000000e0       0x20 src\outputTask.o
 .debug_aranges
                0x00000100       0x28 src\main.o
 .debug_aranges
                0x00000128       0x20 src\lookup.o
 .debug_aranges
                0x00000148       0x20 src\lcdTask.o
 .debug_aranges
                0x00000168       0x48 src\interrupt_handler.o
 .debug_aranges
                0x000001b0      0x100 ..\Libraries\libBSP.a(stm32f4xx_usart.o)
 .debug_aranges
                0x000002b0      0x2f8 ..\Libraries\libBSP.a(stm32f4xx_tim.o)
 .debug_aranges
                0x000005a8       0x50 ..\Libraries\libBSP.a(stm32f4xx_syscfg.o)
 .debug_aranges
                0x000005f8      0x1b8 ..\Libraries\libBSP.a(stm32f4xx_rcc.o)
 .debug_aranges
                0x000007b0       0x58 ..\Libraries\libBSP.a(stm32f4xx_exti.o)
 .debug_aranges
                0x00000808       0x40 ..\Libraries\libBSP.a(misc.o)
 .debug_aranges
                0x00000848       0x48 ..\Libraries\libBSP.a(uart.o)
 .debug_aranges
                0x00000890       0x30 ..\Libraries\libBSP.a(system_stm32f4xx.o)
 .debug_aranges
                0x000008c0       0x80 ..\Libraries\libBSP.a(ssd1963.o)
 .debug_aranges
                0x00000940       0x90 ..\Libraries\libBSP.a(carme_io2.o)
 .debug_aranges
                0x000009d0       0x68 ..\Libraries\libBSP.a(carme_io1.o)
 .debug_aranges
                0x00000a38       0x78 ..\Libraries\libBSP.a(carme.o)
 .debug_aranges
                0x00000ab0       0xe0 ..\Libraries\libBSP.a(stm32f4xx_spi.o)
 .debug_aranges
                0x00000b90       0x88 ..\Libraries\libBSP.a(stm32f4xx_gpio.o)
 .debug_aranges
                0x00000c18       0xb0 ..\Libraries\libBSP.a(stm32f4xx_fsmc.o)
 .debug_aranges
                0x00000cc8      0x148 ..\Libraries\libBSP.a(stm32f4xx_adc.o)
 .debug_aranges
                0x00000e10       0x20 ..\Libraries\libBSP.a(ssd1963_lld.o)
 .debug_aranges
                0x00000e30       0x80 ..\Libraries\libsGUI.a(text.o)
 .debug_aranges
                0x00000eb0       0x50 ..\Libraries\libsGUI.a(geometry.o)
 .debug_aranges
                0x00000f00       0x18 ..\Libraries\libsGUI.a(font.o)
 .debug_aranges
                0x00000f18       0x48 ..\Libraries\libFreeRTOS.a(memPoolService.o)
 .debug_aranges
                0x00000f60      0x188 ..\Libraries\libFreeRTOS.a(tasks.o)
 .debug_aranges
                0x000010e8       0xf8 ..\Libraries\libFreeRTOS.a(queue.o)
 .debug_aranges
                0x000011e0       0x50 ..\Libraries\libFreeRTOS.a(heap_4.o)
 .debug_aranges
                0x00001230       0x98 ..\Libraries\libFreeRTOS.a(port.o)
 .debug_aranges
                0x000012c8       0x40 ..\Libraries\libFreeRTOS.a(list.o)
 .debug_aranges
                0x00001308       0x90 ..\Libraries\libFreeRTOS.a(timers.o)

.debug_ranges   0x00000000     0x1158
 .debug_ranges  0x00000000       0x28 src\uartTask.o
 .debug_ranges  0x00000028       0x50 src\tiny_printf.o
 .debug_ranges  0x00000078       0x20 src\startup.o
 .debug_ranges  0x00000098       0x10 src\parserTask.o
 .debug_ranges  0x000000a8       0x10 src\outputTask.o
 .debug_ranges  0x000000b8       0x18 src\main.o
 .debug_ranges  0x000000d0       0x10 src\lookup.o
 .debug_ranges  0x000000e0       0x10 src\lcdTask.o
 .debug_ranges  0x000000f0       0x38 src\interrupt_handler.o
 .debug_ranges  0x00000128       0xf0 ..\Libraries\libBSP.a(stm32f4xx_usart.o)
 .debug_ranges  0x00000218      0x2e8 ..\Libraries\libBSP.a(stm32f4xx_tim.o)
 .debug_ranges  0x00000500       0x40 ..\Libraries\libBSP.a(stm32f4xx_syscfg.o)
 .debug_ranges  0x00000540      0x1a8 ..\Libraries\libBSP.a(stm32f4xx_rcc.o)
 .debug_ranges  0x000006e8       0x48 ..\Libraries\libBSP.a(stm32f4xx_exti.o)
 .debug_ranges  0x00000730       0x30 ..\Libraries\libBSP.a(misc.o)
 .debug_ranges  0x00000760       0x38 ..\Libraries\libBSP.a(uart.o)
 .debug_ranges  0x00000798       0x20 ..\Libraries\libBSP.a(system_stm32f4xx.o)
 .debug_ranges  0x000007b8       0x70 ..\Libraries\libBSP.a(ssd1963.o)
 .debug_ranges  0x00000828       0x80 ..\Libraries\libBSP.a(carme_io2.o)
 .debug_ranges  0x000008a8       0x58 ..\Libraries\libBSP.a(carme_io1.o)
 .debug_ranges  0x00000900       0x68 ..\Libraries\libBSP.a(carme.o)
 .debug_ranges  0x00000968       0xd0 ..\Libraries\libBSP.a(stm32f4xx_spi.o)
 .debug_ranges  0x00000a38       0x78 ..\Libraries\libBSP.a(stm32f4xx_gpio.o)
 .debug_ranges  0x00000ab0       0xa0 ..\Libraries\libBSP.a(stm32f4xx_fsmc.o)
 .debug_ranges  0x00000b50      0x138 ..\Libraries\libBSP.a(stm32f4xx_adc.o)
 .debug_ranges  0x00000c88       0x10 ..\Libraries\libBSP.a(ssd1963_lld.o)
 .debug_ranges  0x00000c98       0x70 ..\Libraries\libsGUI.a(text.o)
 .debug_ranges  0x00000d08       0x40 ..\Libraries\libsGUI.a(geometry.o)
 .debug_ranges  0x00000d48       0x38 ..\Libraries\libFreeRTOS.a(memPoolService.o)
 .debug_ranges  0x00000d80      0x178 ..\Libraries\libFreeRTOS.a(tasks.o)
 .debug_ranges  0x00000ef8       0xe8 ..\Libraries\libFreeRTOS.a(queue.o)
 .debug_ranges  0x00000fe0       0x40 ..\Libraries\libFreeRTOS.a(heap_4.o)
 .debug_ranges  0x00001020       0x88 ..\Libraries\libFreeRTOS.a(port.o)
 .debug_ranges  0x000010a8       0x30 ..\Libraries\libFreeRTOS.a(list.o)
 .debug_ranges  0x000010d8       0x80 ..\Libraries\libFreeRTOS.a(timers.o)

.debug_line     0x00000000     0x7c78
 .debug_line    0x00000000      0x25e src\uartTask.o
 .debug_line    0x0000025e      0x2db src\tiny_printf.o
 .debug_line    0x00000539       0x7b src\startup.o
 .debug_line    0x000005b4      0x219 src\parserTask.o
 .debug_line    0x000007cd      0x1bb src\outputTask.o
 .debug_line    0x00000988      0x1b8 src\main.o
 .debug_line    0x00000b40      0x13d src\lookup.o
 .debug_line    0x00000c7d      0x1c2 src\lcdTask.o
 .debug_line    0x00000e3f      0x22e src\interrupt_handler.o
 .debug_line    0x0000106d      0x496 ..\Libraries\libBSP.a(stm32f4xx_usart.o)
 .debug_line    0x00001503      0xa65 ..\Libraries\libBSP.a(stm32f4xx_tim.o)
 .debug_line    0x00001f68      0x20f ..\Libraries\libBSP.a(stm32f4xx_syscfg.o)
 .debug_line    0x00002177      0x62f ..\Libraries\libBSP.a(stm32f4xx_rcc.o)
 .debug_line    0x000027a6      0x288 ..\Libraries\libBSP.a(stm32f4xx_exti.o)
 .debug_line    0x00002a2e      0x231 ..\Libraries\libBSP.a(misc.o)
 .debug_line    0x00002c5f      0x2ce ..\Libraries\libBSP.a(uart.o)
 .debug_line    0x00002f2d      0x203 ..\Libraries\libBSP.a(system_stm32f4xx.o)
 .debug_line    0x00003130      0x2e0 ..\Libraries\libBSP.a(ssd1963.o)
 .debug_line    0x00003410      0x47d ..\Libraries\libBSP.a(carme_io2.o)
 .debug_line    0x0000388d      0x363 ..\Libraries\libBSP.a(carme_io1.o)
 .debug_line    0x00003bf0      0x5ca ..\Libraries\libBSP.a(carme.o)
 .debug_line    0x000041ba      0x448 ..\Libraries\libBSP.a(stm32f4xx_spi.o)
 .debug_line    0x00004602      0x331 ..\Libraries\libBSP.a(stm32f4xx_gpio.o)
 .debug_line    0x00004933      0x442 ..\Libraries\libBSP.a(stm32f4xx_fsmc.o)
 .debug_line    0x00004d75      0x540 ..\Libraries\libBSP.a(stm32f4xx_adc.o)
 .debug_line    0x000052b5      0x223 ..\Libraries\libBSP.a(ssd1963_lld.o)
 .debug_line    0x000054d8      0x2ae ..\Libraries\libsGUI.a(text.o)
 .debug_line    0x00005786      0x211 ..\Libraries\libsGUI.a(geometry.o)
 .debug_line    0x00005997       0xd5 ..\Libraries\libsGUI.a(font.o)
 .debug_line    0x00005a6c      0x320 ..\Libraries\libFreeRTOS.a(memPoolService.o)
 .debug_line    0x00005d8c      0xb22 ..\Libraries\libFreeRTOS.a(tasks.o)
 .debug_line    0x000068ae      0x7fb ..\Libraries\libFreeRTOS.a(queue.o)
 .debug_line    0x000070a9      0x26f ..\Libraries\libFreeRTOS.a(heap_4.o)
 .debug_line    0x00007318      0x390 ..\Libraries\libFreeRTOS.a(port.o)
 .debug_line    0x000076a8      0x207 ..\Libraries\libFreeRTOS.a(list.o)
 .debug_line    0x000078af      0x3c9 ..\Libraries\libFreeRTOS.a(timers.o)

.debug_str      0x00000000     0x6582
 .debug_str     0x00000000      0x971 src\uartTask.o
                                0xa28 (size before relaxing)
 .debug_str     0x00000971      0x43b src\tiny_printf.o
                                0x5ee (size before relaxing)
 .debug_str     0x00000dac      0x280 src\parserTask.o
                                0x579 (size before relaxing)
 .debug_str     0x0000102c       0x3d src\outputTask.o
                                0x301 (size before relaxing)
 .debug_str     0x00001069       0x51 src\main.o
                                0x26d (size before relaxing)
 .debug_str     0x000010ba       0x32 src\lookup.o
                                0x1b3 (size before relaxing)
 .debug_str     0x000010ec       0x46 src\lcdTask.o
                                0x320 (size before relaxing)
 .debug_str     0x00001132      0x232 src\interrupt_handler.o
                                0xa31 (size before relaxing)
 .debug_str     0x00001364      0x466 ..\Libraries\libBSP.a(stm32f4xx_usart.o)
                                0x643 (size before relaxing)
 .debug_str     0x000017ca      0xa65 ..\Libraries\libBSP.a(stm32f4xx_tim.o)
                                0xd84 (size before relaxing)
 .debug_str     0x0000222f      0x15c ..\Libraries\libBSP.a(stm32f4xx_syscfg.o)
                                0x2cd (size before relaxing)
 .debug_str     0x0000238b      0x701 ..\Libraries\libBSP.a(stm32f4xx_rcc.o)
                                0x949 (size before relaxing)
 .debug_str     0x00002a8c       0xdf ..\Libraries\libBSP.a(stm32f4xx_exti.o)
                                0x315 (size before relaxing)
 .debug_str     0x00002b6b      0x17d ..\Libraries\libBSP.a(misc.o)
                                0x38d (size before relaxing)
 .debug_str     0x00002ce8      0x237 ..\Libraries\libBSP.a(uart.o)
                                0x513 (size before relaxing)
 .debug_str     0x00002f1f       0x95 ..\Libraries\libBSP.a(system_stm32f4xx.o)
                                0x373 (size before relaxing)
 .debug_str     0x00002fb4      0x149 ..\Libraries\libBSP.a(ssd1963.o)
                                0x29b (size before relaxing)
 .debug_str     0x000030fd      0x4ad ..\Libraries\libBSP.a(carme_io2.o)
                                0xbe7 (size before relaxing)
 .debug_str     0x000035aa      0x278 ..\Libraries\libBSP.a(carme_io1.o)
                                0x5cb (size before relaxing)
 .debug_str     0x00003822      0x34f ..\Libraries\libBSP.a(carme.o)
                                0x69d (size before relaxing)
 .debug_str     0x00003b71      0x2cd ..\Libraries\libBSP.a(stm32f4xx_spi.o)
                                0x651 (size before relaxing)
 .debug_str     0x00003e3e      0x137 ..\Libraries\libBSP.a(stm32f4xx_gpio.o)
                                0x454 (size before relaxing)
 .debug_str     0x00003f75      0x3b7 ..\Libraries\libBSP.a(stm32f4xx_fsmc.o)
                                0x748 (size before relaxing)
 .debug_str     0x0000432c      0x49e ..\Libraries\libBSP.a(stm32f4xx_adc.o)
                                0x7b8 (size before relaxing)
 .debug_str     0x000047ca       0x39 ..\Libraries\libBSP.a(ssd1963_lld.o)
                                0x333 (size before relaxing)
 .debug_str     0x00004803      0x15f ..\Libraries\libsGUI.a(text.o)
                                0x2ca (size before relaxing)
 .debug_str     0x00004962       0xa5 ..\Libraries\libsGUI.a(geometry.o)
                                0x204 (size before relaxing)
 .debug_str     0x00004a07      0x242 ..\Libraries\libsGUI.a(font.o)
                                0x390 (size before relaxing)
 .debug_str     0x00004c49      0x228 ..\Libraries\libFreeRTOS.a(memPoolService.o)
                                0x3d3 (size before relaxing)
 .debug_str     0x00004e71      0xa1a ..\Libraries\libFreeRTOS.a(tasks.o)
                                0xbb0 (size before relaxing)
 .debug_str     0x0000588b      0x46d ..\Libraries\libFreeRTOS.a(queue.o)
                                0x6f0 (size before relaxing)
 .debug_str     0x00005cf8      0x209 ..\Libraries\libFreeRTOS.a(heap_4.o)
                                0x339 (size before relaxing)
 .debug_str     0x00005f01      0x239 ..\Libraries\libFreeRTOS.a(port.o)
                                0x3c0 (size before relaxing)
 .debug_str     0x0000613a       0x9c ..\Libraries\libFreeRTOS.a(list.o)
                                0x271 (size before relaxing)
 .debug_str     0x000061d6      0x3ac ..\Libraries\libFreeRTOS.a(timers.o)
                                0x609 (size before relaxing)

.comment        0x00000000      0x104
 .comment       0x00000000       0x82 src\uartTask.o
                                 0x83 (size before relaxing)
 .comment       0x00000000       0x83 src\tiny_printf.o
 .comment       0x00000000       0x83 src\parserTask.o
 .comment       0x00000000       0x83 src\outputTask.o
 .comment       0x00000000       0x83 src\main.o
 .comment       0x00000000       0x83 src\lookup.o
 .comment       0x00000000       0x83 src\lcdTask.o
 .comment       0x00000000       0x83 src\interrupt_handler.o
 .comment       0x00000082       0x82 ..\Libraries\libBSP.a(stm32f4xx_usart.o)
                                 0x83 (size before relaxing)
 .comment       0x00000000       0x83 ..\Libraries\libBSP.a(stm32f4xx_tim.o)
 .comment       0x00000000       0x83 ..\Libraries\libBSP.a(stm32f4xx_syscfg.o)
 .comment       0x00000000       0x83 ..\Libraries\libBSP.a(stm32f4xx_rcc.o)
 .comment       0x00000000       0x83 ..\Libraries\libBSP.a(stm32f4xx_exti.o)
 .comment       0x00000000       0x83 ..\Libraries\libBSP.a(misc.o)
 .comment       0x00000000       0x83 ..\Libraries\libBSP.a(uart.o)
 .comment       0x00000000       0x83 ..\Libraries\libBSP.a(system_stm32f4xx.o)
 .comment       0x00000000       0x83 ..\Libraries\libBSP.a(ssd1963.o)
 .comment       0x00000000       0x83 ..\Libraries\libBSP.a(carme_io2.o)
 .comment       0x00000000       0x83 ..\Libraries\libBSP.a(carme_io1.o)
 .comment       0x00000000       0x83 ..\Libraries\libBSP.a(carme.o)
 .comment       0x00000000       0x83 ..\Libraries\libBSP.a(stm32f4xx_spi.o)
 .comment       0x00000000       0x83 ..\Libraries\libBSP.a(stm32f4xx_gpio.o)
 .comment       0x00000000       0x83 ..\Libraries\libBSP.a(stm32f4xx_fsmc.o)
 .comment       0x00000000       0x83 ..\Libraries\libBSP.a(stm32f4xx_adc.o)
 .comment       0x00000000       0x83 ..\Libraries\libBSP.a(ssd1963_lld.o)
 .comment       0x00000000       0x83 ..\Libraries\libsGUI.a(text.o)
 .comment       0x00000000       0x83 ..\Libraries\libsGUI.a(geometry.o)
 .comment       0x00000000       0x83 ..\Libraries\libsGUI.a(font.o)
 .comment       0x00000000       0x83 ..\Libraries\libFreeRTOS.a(memPoolService.o)
 .comment       0x00000000       0x83 ..\Libraries\libFreeRTOS.a(tasks.o)
 .comment       0x00000000       0x83 ..\Libraries\libFreeRTOS.a(queue.o)
 .comment       0x00000000       0x83 ..\Libraries\libFreeRTOS.a(heap_4.o)
 .comment       0x00000000       0x83 ..\Libraries\libFreeRTOS.a(port.o)
 .comment       0x00000000       0x83 ..\Libraries\libFreeRTOS.a(list.o)
 .comment       0x00000000       0x83 ..\Libraries\libFreeRTOS.a(timers.o)

.debug_frame    0x00000000     0x3d28
 .debug_frame   0x00000000       0x90 src\uartTask.o
 .debug_frame   0x00000090      0x154 src\tiny_printf.o
 .debug_frame   0x000001e4       0x30 src\parserTask.o
 .debug_frame   0x00000214       0x30 src\outputTask.o
 .debug_frame   0x00000244       0x4c src\main.o
 .debug_frame   0x00000290       0x2c src\lookup.o
 .debug_frame   0x000002bc       0x30 src\lcdTask.o
 .debug_frame   0x000002ec       0xb4 src\interrupt_handler.o
 .debug_frame   0x000003a0       0x2c c:/program files (x86)/atollic/truestudio for arm pro 5.1.1/armtools/bin/../lib/gcc/arm-atollic-eabi/4.8.3/../../../../arm-atollic-eabi/lib/armv7e-m/softfp\libc_s.a(lib_a-init.o)
 .debug_frame   0x000003cc       0x20 c:/program files (x86)/atollic/truestudio for arm pro 5.1.1/armtools/bin/../lib/gcc/arm-atollic-eabi/4.8.3/../../../../arm-atollic-eabi/lib/armv7e-m/softfp\libc_s.a(lib_a-strcpy.o)
 .debug_frame   0x000003ec      0x344 ..\Libraries\libBSP.a(stm32f4xx_usart.o)
 .debug_frame   0x00000730      0xa3c ..\Libraries\libBSP.a(stm32f4xx_tim.o)
 .debug_frame   0x0000116c       0xd8 ..\Libraries\libBSP.a(stm32f4xx_syscfg.o)
 .debug_frame   0x00001244      0x5b8 ..\Libraries\libBSP.a(stm32f4xx_rcc.o)
 .debug_frame   0x000017fc       0xec ..\Libraries\libBSP.a(stm32f4xx_exti.o)
 .debug_frame   0x000018e8       0x9c ..\Libraries\libBSP.a(misc.o)
 .debug_frame   0x00001984       0xd0 ..\Libraries\libBSP.a(uart.o)
 .debug_frame   0x00001a54       0x64 ..\Libraries\libBSP.a(system_stm32f4xx.o)
 .debug_frame   0x00001ab8      0x198 ..\Libraries\libBSP.a(ssd1963.o)
 .debug_frame   0x00001c50      0x1f0 ..\Libraries\libBSP.a(carme_io2.o)
 .debug_frame   0x00001e40      0x130 ..\Libraries\libBSP.a(carme_io1.o)
 .debug_frame   0x00001f70      0x178 ..\Libraries\libBSP.a(carme.o)
 .debug_frame   0x000020e8      0x2d0 ..\Libraries\libBSP.a(stm32f4xx_spi.o)
 .debug_frame   0x000023b8      0x19c ..\Libraries\libBSP.a(stm32f4xx_gpio.o)
 .debug_frame   0x00002554      0x220 ..\Libraries\libBSP.a(stm32f4xx_fsmc.o)
 .debug_frame   0x00002774      0x434 ..\Libraries\libBSP.a(stm32f4xx_adc.o)
 .debug_frame   0x00002ba8       0x30 ..\Libraries\libBSP.a(ssd1963_lld.o)
 .debug_frame   0x00002bd8      0x1a4 ..\Libraries\libsGUI.a(text.o)
 .debug_frame   0x00002d7c       0xf0 ..\Libraries\libsGUI.a(geometry.o)
 .debug_frame   0x00002e6c       0xd0 ..\Libraries\libFreeRTOS.a(memPoolService.o)
 .debug_frame   0x00002f3c      0x598 ..\Libraries\libFreeRTOS.a(tasks.o)
 .debug_frame   0x000034d4      0x37c ..\Libraries\libFreeRTOS.a(queue.o)
 .debug_frame   0x00003850       0xd4 ..\Libraries\libFreeRTOS.a(heap_4.o)
 .debug_frame   0x00003924      0x188 ..\Libraries\libFreeRTOS.a(port.o)
 .debug_frame   0x00003aac       0x9c ..\Libraries\libFreeRTOS.a(list.o)
 .debug_frame   0x00003b48      0x1e0 ..\Libraries\libFreeRTOS.a(timers.o)

.debug_loc      0x00000000     0x68cc
 .debug_loc     0x00000000      0x658 ..\Libraries\libBSP.a(stm32f4xx_usart.o)
 .debug_loc     0x00000658     0x1420 ..\Libraries\libBSP.a(stm32f4xx_tim.o)
 .debug_loc     0x00001a78      0x17c ..\Libraries\libBSP.a(stm32f4xx_syscfg.o)
 .debug_loc     0x00001bf4      0xb3c ..\Libraries\libBSP.a(stm32f4xx_rcc.o)
 .debug_loc     0x00002730      0x1b4 ..\Libraries\libBSP.a(stm32f4xx_exti.o)
 .debug_loc     0x000028e4      0x118 ..\Libraries\libBSP.a(misc.o)
 .debug_loc     0x000029fc      0x150 ..\Libraries\libBSP.a(uart.o)
 .debug_loc     0x00002b4c       0x9c ..\Libraries\libBSP.a(system_stm32f4xx.o)
 .debug_loc     0x00002be8      0x2c0 ..\Libraries\libBSP.a(ssd1963.o)
 .debug_loc     0x00002ea8      0x34a ..\Libraries\libBSP.a(carme_io2.o)
 .debug_loc     0x000031f2      0x230 ..\Libraries\libBSP.a(carme_io1.o)
 .debug_loc     0x00003422      0x268 ..\Libraries\libBSP.a(carme.o)
 .debug_loc     0x0000368a      0x578 ..\Libraries\libBSP.a(stm32f4xx_spi.o)
 .debug_loc     0x00003c02      0x310 ..\Libraries\libBSP.a(stm32f4xx_gpio.o)
 .debug_loc     0x00003f12      0x41c ..\Libraries\libBSP.a(stm32f4xx_fsmc.o)
 .debug_loc     0x0000432e      0x838 ..\Libraries\libBSP.a(stm32f4xx_adc.o)
 .debug_loc     0x00004b66       0x38 ..\Libraries\libBSP.a(ssd1963_lld.o)
 .debug_loc     0x00004b9e      0x2c2 ..\Libraries\libsGUI.a(text.o)
 .debug_loc     0x00004e60      0x188 ..\Libraries\libsGUI.a(geometry.o)
 .debug_loc     0x00004fe8      0x150 ..\Libraries\libFreeRTOS.a(memPoolService.o)
 .debug_loc     0x00005138      0x9e0 ..\Libraries\libFreeRTOS.a(tasks.o)
 .debug_loc     0x00005b18      0x620 ..\Libraries\libFreeRTOS.a(queue.o)
 .debug_loc     0x00006138      0x164 ..\Libraries\libFreeRTOS.a(heap_4.o)
 .debug_loc     0x0000629c      0x1dc ..\Libraries\libFreeRTOS.a(port.o)
 .debug_loc     0x00006478      0x118 ..\Libraries\libFreeRTOS.a(list.o)
 .debug_loc     0x00006590      0x33c ..\Libraries\libFreeRTOS.a(timers.o)

Cross Reference Table

Symbol                                            File
ADC_AnalogWatchdogCmd                             ..\Libraries\libBSP.a(stm32f4xx_adc.o)
ADC_AnalogWatchdogSingleChannelConfig             ..\Libraries\libBSP.a(stm32f4xx_adc.o)
ADC_AnalogWatchdogThresholdsConfig                ..\Libraries\libBSP.a(stm32f4xx_adc.o)
ADC_AutoInjectedConvCmd                           ..\Libraries\libBSP.a(stm32f4xx_adc.o)
ADC_ClearFlag                                     ..\Libraries\libBSP.a(stm32f4xx_adc.o)
ADC_ClearITPendingBit                             ..\Libraries\libBSP.a(stm32f4xx_adc.o)
ADC_Cmd                                           ..\Libraries\libBSP.a(stm32f4xx_adc.o)
                                                  ..\Libraries\libBSP.a(carme_io2.o)
ADC_CommonInit                                    ..\Libraries\libBSP.a(stm32f4xx_adc.o)
                                                  ..\Libraries\libBSP.a(carme_io2.o)
ADC_CommonStructInit                              ..\Libraries\libBSP.a(stm32f4xx_adc.o)
ADC_ContinuousModeCmd                             ..\Libraries\libBSP.a(stm32f4xx_adc.o)
ADC_DMACmd                                        ..\Libraries\libBSP.a(stm32f4xx_adc.o)
ADC_DMARequestAfterLastTransferCmd                ..\Libraries\libBSP.a(stm32f4xx_adc.o)
ADC_DeInit                                        ..\Libraries\libBSP.a(stm32f4xx_adc.o)
                                                  ..\Libraries\libBSP.a(carme_io2.o)
ADC_DiscModeChannelCountConfig                    ..\Libraries\libBSP.a(stm32f4xx_adc.o)
ADC_DiscModeCmd                                   ..\Libraries\libBSP.a(stm32f4xx_adc.o)
ADC_EOCOnEachRegularChannelCmd                    ..\Libraries\libBSP.a(stm32f4xx_adc.o)
ADC_ExternalTrigInjectedConvConfig                ..\Libraries\libBSP.a(stm32f4xx_adc.o)
ADC_ExternalTrigInjectedConvEdgeConfig            ..\Libraries\libBSP.a(stm32f4xx_adc.o)
ADC_GetConversionValue                            ..\Libraries\libBSP.a(stm32f4xx_adc.o)
                                                  ..\Libraries\libBSP.a(carme_io2.o)
ADC_GetFlagStatus                                 ..\Libraries\libBSP.a(stm32f4xx_adc.o)
                                                  ..\Libraries\libBSP.a(carme_io2.o)
ADC_GetITStatus                                   ..\Libraries\libBSP.a(stm32f4xx_adc.o)
ADC_GetInjectedConversionValue                    ..\Libraries\libBSP.a(stm32f4xx_adc.o)
ADC_GetMultiModeConversionValue                   ..\Libraries\libBSP.a(stm32f4xx_adc.o)
ADC_GetSoftwareStartConvStatus                    ..\Libraries\libBSP.a(stm32f4xx_adc.o)
ADC_GetSoftwareStartInjectedConvCmdStatus         ..\Libraries\libBSP.a(stm32f4xx_adc.o)
ADC_IRQHandler                                    src\startup.o
ADC_ITConfig                                      ..\Libraries\libBSP.a(stm32f4xx_adc.o)
ADC_Init                                          ..\Libraries\libBSP.a(stm32f4xx_adc.o)
                                                  ..\Libraries\libBSP.a(carme_io2.o)
ADC_InjectedChannelConfig                         ..\Libraries\libBSP.a(stm32f4xx_adc.o)
ADC_InjectedDiscModeCmd                           ..\Libraries\libBSP.a(stm32f4xx_adc.o)
ADC_InjectedSequencerLengthConfig                 ..\Libraries\libBSP.a(stm32f4xx_adc.o)
ADC_MultiModeDMARequestAfterLastTransferCmd       ..\Libraries\libBSP.a(stm32f4xx_adc.o)
ADC_RegularChannelConfig                          ..\Libraries\libBSP.a(stm32f4xx_adc.o)
                                                  ..\Libraries\libBSP.a(carme_io2.o)
ADC_SetInjectedOffset                             ..\Libraries\libBSP.a(stm32f4xx_adc.o)
ADC_SoftwareStartConv                             ..\Libraries\libBSP.a(stm32f4xx_adc.o)
                                                  ..\Libraries\libBSP.a(carme_io2.o)
ADC_SoftwareStartInjectedConv                     ..\Libraries\libBSP.a(stm32f4xx_adc.o)
ADC_StructInit                                    ..\Libraries\libBSP.a(stm32f4xx_adc.o)
                                                  ..\Libraries\libBSP.a(carme_io2.o)
ADC_TempSensorVrefintCmd                          ..\Libraries\libBSP.a(stm32f4xx_adc.o)
ADC_VBATCmd                                       ..\Libraries\libBSP.a(stm32f4xx_adc.o)
AHBPrescTable                                     ..\Libraries\libBSP.a(system_stm32f4xx.o)
BusFault_Handler                                  src\startup.o
CAN1_RX0_IRQHandler                               src\startup.o
CAN1_RX1_IRQHandler                               src\startup.o
CAN1_SCE_IRQHandler                               src\startup.o
CAN1_TX_IRQHandler                                src\startup.o
CAN2_RX0_IRQHandler                               src\startup.o
CAN2_RX1_IRQHandler                               src\startup.o
CAN2_SCE_IRQHandler                               src\startup.o
CAN2_TX_IRQHandler                                src\startup.o
CARME_AGPIO_Get                                   ..\Libraries\libBSP.a(carme.o)
                                                  ..\Libraries\libBSP.a(carme_io1.o)
                                                  ..\Libraries\libBSP.a(carme_io2.o)
CARME_AGPIO_Set                                   ..\Libraries\libBSP.a(carme.o)
                                                  ..\Libraries\libBSP.a(carme_io2.o)
CARME_GPIO_Init                                   ..\Libraries\libBSP.a(carme.o)
                                                  ..\Libraries\libBSP.a(ssd1963_lld.o)
                                                  ..\Libraries\libBSP.a(carme_io1.o)
                                                  ..\Libraries\libBSP.a(carme_io2.o)
                                                  ..\Libraries\libBSP.a(uart.o)
CARME_IO1_BUTTON_Get                              ..\Libraries\libBSP.a(carme_io1.o)
CARME_IO1_Init                                    ..\Libraries\libBSP.a(carme_io1.o)
                                                  src\parserTask.o
CARME_IO1_LED_Get                                 ..\Libraries\libBSP.a(carme_io1.o)
CARME_IO1_LED_Set                                 ..\Libraries\libBSP.a(carme_io1.o)
                                                  src\parserTask.o
CARME_IO1_PIO_Clear                               ..\Libraries\libBSP.a(carme_io1.o)
CARME_IO1_PIO_Control                             ..\Libraries\libBSP.a(carme_io1.o)
CARME_IO1_PIO_Read                                ..\Libraries\libBSP.a(carme_io1.o)
CARME_IO1_PIO_Set                                 ..\Libraries\libBSP.a(carme_io1.o)
CARME_IO1_PIO_Write                               ..\Libraries\libBSP.a(carme_io1.o)
CARME_IO1_SWITCH_Get                              ..\Libraries\libBSP.a(carme_io1.o)
                                                  src\parserTask.o
CARME_IO2_ADC_Get                                 ..\Libraries\libBSP.a(carme_io2.o)
                                                  src\parserTask.o
CARME_IO2_DAC_Set                                 ..\Libraries\libBSP.a(carme_io2.o)
CARME_IO2_GPIO_IN_Get                             ..\Libraries\libBSP.a(carme_io2.o)
CARME_IO2_GPIO_OUT_Set                            ..\Libraries\libBSP.a(carme_io2.o)
                                                  src\interrupt_handler.o
CARME_IO2_GPIO_Out_Settings                       ..\Libraries\libBSP.a(carme_io2.o)
                                                  src\parserTask.o
CARME_IO2_Init                                    ..\Libraries\libBSP.a(carme_io2.o)
                                                  src\interrupt_handler.o
                                                  src\parserTask.o
CARME_IO2_OPTO_IN_Get                             ..\Libraries\libBSP.a(carme_io2.o)
CARME_IO2_OPTO_OUT_Set                            ..\Libraries\libBSP.a(carme_io2.o)
CARME_IO2_PWM_Phase                               ..\Libraries\libBSP.a(carme_io2.o)
                                                  src\parserTask.o
CARME_IO2_PWM_Set                                 ..\Libraries\libBSP.a(carme_io2.o)
                                                  src\parserTask.o
CARME_IO2_PWM_Settings                            ..\Libraries\libBSP.a(carme_io2.o)
                                                  src\parserTask.o
CARME_IO2_SPI_CS_Out                              ..\Libraries\libBSP.a(carme_io2.o)
                                                  src\parserTask.o
CARME_IO2_SPI_Receive                             ..\Libraries\libBSP.a(carme_io2.o)
CARME_IO2_SPI_Select                              ..\Libraries\libBSP.a(carme_io2.o)
                                                  src\parserTask.o
CARME_IO2_SPI_Send                                ..\Libraries\libBSP.a(carme_io2.o)
                                                  src\parserTask.o
CARME_Init                                        ..\Libraries\libBSP.a(carme.o)
                                                  src\main.o
                                                  src\startup.o
CARME_LED_Green_Reset                             ..\Libraries\libBSP.a(carme.o)
CARME_LED_Green_Set                               ..\Libraries\libBSP.a(carme.o)
CARME_LED_Red_Reset                               ..\Libraries\libBSP.a(carme.o)
                                                  src\startup.o