Archive member included because of file (symbol)

c:/program files (x86)/atollic/truestudio for arm pro 5.1.1/armtools/bin/../lib/gcc/arm-atollic-eabi/4.8.3/../../../../arm-atollic-eabi/lib/armv7e-m/softfp\libc_s.a(lib_a-init.o)
                              src\startup.o (__libc_init_array)
c:/program files (x86)/atollic/truestudio for arm pro 5.1.1/armtools/bin/../lib/gcc/arm-atollic-eabi/4.8.3/../../../../arm-atollic-eabi/lib/armv7e-m/softfp\libc_s.a(lib_a-reent.o)
                              src\syscalls.o (errno)
c:/program files (x86)/atollic/truestudio for arm pro 5.1.1/armtools/bin/../lib/gcc/arm-atollic-eabi/4.8.3/../../../../arm-atollic-eabi/lib/armv7e-m/softfp\libc_s.a(lib_a-strlen.o)
                              src\tiny_printf.o (strlen)
c:/program files (x86)/atollic/truestudio for arm pro 5.1.1/armtools/bin/../lib/gcc/arm-atollic-eabi/4.8.3/../../../../arm-atollic-eabi/lib/armv7e-m/softfp\libc_s.a(lib_a-impure.o)
                              c:/program files (x86)/atollic/truestudio for arm pro 5.1.1/armtools/bin/../lib/gcc/arm-atollic-eabi/4.8.3/../../../../arm-atollic-eabi/lib/armv7e-m/softfp\libc_s.a(lib_a-reent.o) (_impure_ptr)
c:/program files (x86)/atollic/truestudio for arm pro 5.1.1/armtools/bin/../lib/gcc/arm-atollic-eabi/4.8.3/../../../../arm-atollic-eabi/lib/armv7e-m/softfp\libc_s.a(lib_a-nano-freer.o)
                              c:/program files (x86)/atollic/truestudio for arm pro 5.1.1/armtools/bin/../lib/gcc/arm-atollic-eabi/4.8.3/../../../../arm-atollic-eabi/lib/armv7e-m/softfp\libc_s.a(lib_a-reent.o) (_free_r)
c:/program files (x86)/atollic/truestudio for arm pro 5.1.1/armtools/bin/../lib/gcc/arm-atollic-eabi/4.8.3/../../../../arm-atollic-eabi/lib/armv7e-m/softfp\libc_s.a(lib_a-nano-mallocr.o)
                              c:/program files (x86)/atollic/truestudio for arm pro 5.1.1/armtools/bin/../lib/gcc/arm-atollic-eabi/4.8.3/../../../../arm-atollic-eabi/lib/armv7e-m/softfp\libc_s.a(lib_a-nano-freer.o) (__malloc_free_list)
c:/program files (x86)/atollic/truestudio for arm pro 5.1.1/armtools/bin/../lib/gcc/arm-atollic-eabi/4.8.3/../../../../arm-atollic-eabi/lib/armv7e-m/softfp\libc_s.a(lib_a-sbrkr.o)
                              c:/program files (x86)/atollic/truestudio for arm pro 5.1.1/armtools/bin/../lib/gcc/arm-atollic-eabi/4.8.3/../../../../arm-atollic-eabi/lib/armv7e-m/softfp\libc_s.a(lib_a-nano-mallocr.o) (_sbrk_r)
..\Libraries\libBSP.a(stm32f4xx_usart.o)
                              src\uartTask.o (USART_StructInit)
..\Libraries\libBSP.a(stm32f4xx_syscfg.o)
                              src\interrupt_handler.o (SYSCFG_EXTILineConfig)
..\Libraries\libBSP.a(stm32f4xx_rcc.o)
                              ..\Libraries\libBSP.a(stm32f4xx_usart.o) (RCC_GetClocksFreq)
..\Libraries\libBSP.a(stm32f4xx_exti.o)
                              src\interrupt_handler.o (EXTI_Init)
..\Libraries\libBSP.a(misc.o)
                              src\main.o (NVIC_PriorityGroupConfig)
..\Libraries\libBSP.a(uart.o)
                              src\uartTask.o (CARME_UART_Init)
..\Libraries\libBSP.a(system_stm32f4xx.o)
                              src\parserTask.o (SystemCoreClock)
..\Libraries\libBSP.a(carme_io2.o)
                              src\parserTask.o (CARME_IO2_Init)
..\Libraries\libBSP.a(carme.o)
                              src\startup.o (CARME_Init)
..\Libraries\libBSP.a(stm32f4xx_tim.o)
                              ..\Libraries\libBSP.a(carme_io2.o) (TIM_DeInit)
..\Libraries\libBSP.a(stm32f4xx_spi.o)
                              ..\Libraries\libBSP.a(carme_io2.o) (SPI_I2S_DeInit)
..\Libraries\libBSP.a(stm32f4xx_gpio.o)
                              ..\Libraries\libBSP.a(carme.o) (GPIO_DeInit)
..\Libraries\libBSP.a(stm32f4xx_fsmc.o)
                              ..\Libraries\libBSP.a(carme.o) (FSMC_NORSRAMDeInit)
..\Libraries\libBSP.a(stm32f4xx_adc.o)
                              ..\Libraries\libBSP.a(carme_io2.o) (ADC_DeInit)
..\Libraries\libFreeRTOS.a(tasks.o)
                              src\main.o (xTaskGenericCreate)
..\Libraries\libFreeRTOS.a(queue.o)
                              src\uartTask.o (xQueueGenericCreate)
..\Libraries\libFreeRTOS.a(heap_4.o)
                              ..\Libraries\libFreeRTOS.a(tasks.o) (pvPortMalloc)
..\Libraries\libFreeRTOS.a(port.o)
                              ..\Libraries\libFreeRTOS.a(tasks.o) (pxPortInitialiseStack)
..\Libraries\libFreeRTOS.a(list.o)
                              ..\Libraries\libFreeRTOS.a(tasks.o) (vListInitialise)
..\Libraries\libFreeRTOS.a(timers.o)
                              ..\Libraries\libFreeRTOS.a(tasks.o) (xTimerCreateTimerTask)
c:/program files (x86)/atollic/truestudio for arm pro 5.1.1/armtools/bin/../lib/gcc/arm-atollic-eabi/4.8.3/../../../../arm-atollic-eabi/lib/armv7e-m/softfp\libc.a(lib_a-memcmp.o)
                              ..\Libraries\libFreeRTOS.a(tasks.o) (memcmp)
[...]
Memory Configuration

Name             Origin             Length             Attributes
FLASH            0x08000000         0x00100000         xr
RAM              0x20000000         0x00020000         xrw
MEMORY_B1        0x60000000         0x00000000         xr
CCMRAM           0x10000000         0x00010000         rw
*default*        0x00000000         0xffffffff

Linker script and memory map

LOAD c:/program files (x86)/atollic/truestudio for arm pro 5.1.1/armtools/bin/../lib/gcc/arm-atollic-eabi/4.8.3/armv7e-m/softfp/crti.o
LOAD c:/program files (x86)/atollic/truestudio for arm pro 5.1.1/armtools/bin/../lib/gcc/arm-atollic-eabi/4.8.3/armv7e-m/softfp/crtbegin.o
LOAD src\uartTask.o
LOAD src\tiny_printf.o
LOAD src\syscalls.o
LOAD src\startup.o
LOAD src\parserTask.o
LOAD src\main.o
LOAD src\lookup.o
LOAD src\interrupt_handler.o
START GROUP
LOAD c:/program files (x86)/atollic/truestudio for arm pro 5.1.1/armtools/bin/../lib/gcc/arm-atollic-eabi/4.8.3/../../../../arm-atollic-eabi/lib/armv7e-m/softfp\libc_s.a
LOAD c:/program files (x86)/atollic/truestudio for arm pro 5.1.1/armtools/bin/../lib/gcc/arm-atollic-eabi/4.8.3/../../../../arm-atollic-eabi/lib/armv7e-m/softfp\libm.a
END GROUP
                0x00001000                malloc_getpagesize_P = 0x1000
START GROUP
LOAD c:/program files (x86)/atollic/truestudio for arm pro 5.1.1/armtools/bin/../lib/gcc/arm-atollic-eabi/4.8.3/armv7e-m/softfp\libgcc.a
LOAD c:/program files (x86)/atollic/truestudio for arm pro 5.1.1/armtools/bin/../lib/gcc/arm-atollic-eabi/4.8.3/../../../../arm-atollic-eabi/lib/armv7e-m/softfp\libc.a
END GROUP
LOAD c:/program files (x86)/atollic/truestudio for arm pro 5.1.1/armtools/bin/../lib/gcc/arm-atollic-eabi/4.8.3/armv7e-m/softfp/crtend.o
LOAD c:/program files (x86)/atollic/truestudio for arm pro 5.1.1/armtools/bin/../lib/gcc/arm-atollic-eabi/4.8.3/armv7e-m/softfp/crtn.o
LOAD ..\Libraries\libBSP.a
LOAD ..\Libraries\libsGUI.a
LOAD ..\Libraries\libFreeRTOS.a
                0x20020000                _estack = 0x20020000
                0x00001000                _Min_Heap_Size = 0x1000
                0x00001000                _Min_Stack_Size = 0x1000

.isr_vector     0x08000000      0x188
                0x08000000                . = ALIGN (0x4)
 *(.isr_vector)
 .isr_vector    0x08000000      0x188 src\startup.o
                0x08000000                g_pfnVectors
                0x08000188                . = ALIGN (0x4)

.text           0x08000188     0x5de4
                0x08000188                . = ALIGN (0x4)
 *(.text)
 .text          0x08000188       0x54 c:/program files (x86)/atollic/truestudio for arm pro 5.1.1/armtools/bin/../lib/gcc/arm-atollic-eabi/4.8.3/armv7e-m/softfp/crtbegin.o
 *(.text*)
 .text.UartTask
                0x080001dc       0x64 src\uartTask.o
                0x080001dc                UartTask
 .text.uart_init
                0x08000240       0x60 src\uartTask.o
                0x08000240                uart_init
 .text.USART1_IRQHandler
                0x080002a0       0x48 src\uartTask.o
                0x080002a0                USART1_IRQHandler
 .text.Reset_Handler
                0x080002e8       0x58 src\startup.o
                0x080002e8                Reset_Handler
 .text.Default_Handler
                0x08000340       0x24 src\startup.o
                0x0800034a                RTC_Alarm_IRQHandler
                0x0800034a                HASH_RNG_IRQHandler
                0x0800034a                EXTI2_IRQHandler
                0x0800034a                TIM8_CC_IRQHandler
                0x0800034a                DebugMon_Handler
                0x0800034a                TIM1_CC_IRQHandler
                0x0800034a                DMA2_Stream5_IRQHandler
                0x0800034a                HardFault_Handler
                0x0800034a                DMA1_Stream5_IRQHandler
                0x0800034a                PVD_IRQHandler
                0x0800034a                SDIO_IRQHandler
                0x0800034a                TAMP_STAMP_IRQHandler
                0x0800034a                NMI_Handler
                0x0800034a                CAN2_RX1_IRQHandler
                0x0800034a                EXTI3_IRQHandler
                0x0800034a                TIM8_TRG_COM_TIM14_IRQHandler
                0x0800034a                TIM1_UP_TIM10_IRQHandler
                0x0800034a                TIM8_UP_TIM13_IRQHandler
                0x0800034a                I2C3_ER_IRQHandler
                0x0800034a                EXTI0_IRQHandler
                0x0800034a                I2C2_EV_IRQHandler
                0x0800034a                DMA1_Stream2_IRQHandler
                0x0800034a                CAN1_RX0_IRQHandler
                0x0800034a                FPU_IRQHandler
                0x0800034a                OTG_HS_WKUP_IRQHandler
                0x0800034a                UsageFault_Handler
                0x0800034a                CAN2_SCE_IRQHandler
                0x0800034a                DMA2_Stream2_IRQHandler
                0x0800034a                SPI1_IRQHandler
                0x0800034a                TIM6_DAC_IRQHandler
                0x0800034a                TIM1_BRK_TIM9_IRQHandler
                0x0800034a                DCMI_IRQHandler
                0x0800034a                CAN2_RX0_IRQHandler
                0x0800034a                DMA2_Stream3_IRQHandler
                0x0800034a                USART6_IRQHandler
                0x0800034a                USART3_IRQHandler
                0x0800034a                CRYP_IRQHandler
                0x0800034a                CAN1_RX1_IRQHandler
                0x0800034a                UART5_IRQHandler
                0x0800034a                DMA2_Stream0_IRQHandler
                0x0800034a                vApplicationMallocFailedHook
                0x0800034a                TIM4_IRQHandler
                0x0800034a                I2C1_EV_IRQHandler
                0x0800034a                DMA1_Stream6_IRQHandler
                0x0800034a                DMA1_Stream1_IRQHandler
                0x0800034a                UART4_IRQHandler
                0x0800034a                TIM3_IRQHandler
                0x0800034a                RCC_IRQHandler
                0x0800034a                TIM8_BRK_TIM12_IRQHandler
                0x0800034a                Default_Handler
                0x0800034a                EXTI15_10_IRQHandler
                0x0800034a                ADC_IRQHandler
                0x0800034a                DMA1_Stream7_IRQHandler
                0x0800034a                TIM7_IRQHandler
                0x0800034a                CAN2_TX_IRQHandler
                0x0800034a                TIM5_IRQHandler
                0x0800034a                DMA2_Stream7_IRQHandler
                0x0800034a                I2C3_EV_IRQHandler
                0x0800034a                vApplicationStackOverflowHook
                0x0800034a                EXTI9_5_IRQHandler
                0x0800034a                RTC_WKUP_IRQHandler
                0x0800034a                ETH_WKUP_IRQHandler
                0x0800034a                SPI2_IRQHandler
                0x0800034a                OTG_HS_EP1_IN_IRQHandler
                0x0800034a                MemManage_Handler
                0x0800034a                DMA1_Stream0_IRQHandler
                0x0800034a                CAN1_TX_IRQHandler
                0x0800034a                EXTI4_IRQHandler
                0x0800034a                FSMC_IRQHandler
                0x0800034a                ETH_IRQHandler
                0x0800034a                OTG_HS_EP1_OUT_IRQHandler
                0x0800034a                WWDG_IRQHandler
                0x0800034a                TIM2_IRQHandler
                0x0800034a                OTG_FS_WKUP_IRQHandler
                0x0800034a                TIM1_TRG_COM_TIM11_IRQHandler
                0x0800034a                OTG_HS_IRQHandler
                0x0800034a                EXTI1_IRQHandler
                0x0800034a                USART2_IRQHandler
                0x0800034a                I2C2_ER_IRQHandler
                0x0800034a                DMA2_Stream1_IRQHandler
                0x0800034a                CAN1_SCE_IRQHandler
                0x0800034a                FLASH_IRQHandler
                0x0800034a                DMA2_Stream4_IRQHandler
                0x0800034a                BusFault_Handler
                0x0800034a                OTG_FS_IRQHandler
                0x0800034a                SPI3_IRQHandler
                0x0800034a                DMA1_Stream4_IRQHandler
                0x0800034a                I2C1_ER_IRQHandler
                0x0800034a                DMA2_Stream6_IRQHandler
                0x0800034a                DMA1_Stream3_IRQHandler
 .text.parserTask
                0x08000364       0xc4 src\parserTask.o
                0x08000364                parserTask
 .text.main     0x08000428       0x64 src\main.o
                0x08000428                main
 .text.encoder_Interrupts_Setup
                0x0800048c       0x90 src\interrupt_handler.o
                0x0800048c                encoder_Interrupts_Setup
 .text.__libc_init_array
                0x0800051c       0x4c c:/program files (x86)/atollic/truestudio for arm pro 5.1.1/armtools/bin/../lib/gcc/arm-atollic-eabi/4.8.3/../../../../arm-atollic-eabi/lib/armv7e-m/softfp\libc_s.a(lib_a-init.o)
                0x0800051c                __libc_init_array
 .text.USART_DeInit
                0x08000568      0x150 ..\Libraries\libBSP.a(stm32f4xx_usart.o)
                0x08000568                USART_DeInit
 .text.USART_Init
                0x080006b8      0x1ac ..\Libraries\libBSP.a(stm32f4xx_usart.o)
                0x080006b8                USART_Init
 .text.USART_StructInit
                0x08000864       0x44 ..\Libraries\libBSP.a(stm32f4xx_usart.o)
                0x08000864                USART_StructInit
 .text.USART_ClockInit
                0x080008a8       0x54 ..\Libraries\libBSP.a(stm32f4xx_usart.o)
                0x080008a8                USART_ClockInit
 .text.USART_ClockStructInit
                0x080008fc       0x34 ..\Libraries\libBSP.a(stm32f4xx_usart.o)
                0x080008fc                USART_ClockStructInit
 .text.USART_Cmd
                0x08000930       0x40 ..\Libraries\libBSP.a(stm32f4xx_usart.o)
                0x08000930                USART_Cmd
 .text.USART_SendData
                0x08000970       0x28 ..\Libraries\libBSP.a(stm32f4xx_usart.o)
                0x08000970                USART_SendData
 .text.USART_ReceiveData
                0x08000998       0x24 ..\Libraries\libBSP.a(stm32f4xx_usart.o)
                0x08000998                USART_ReceiveData
 .text.USART_ITConfig
                0x080009bc       0xa4 ..\Libraries\libBSP.a(stm32f4xx_usart.o)
                0x080009bc                USART_ITConfig
 .text.USART_GetFlagStatus
                0x08000a60       0x40 ..\Libraries\libBSP.a(stm32f4xx_usart.o)
                0x08000a60                USART_GetFlagStatus
 .text.USART_GetITStatus
                0x08000aa0       0xc4 ..\Libraries\libBSP.a(stm32f4xx_usart.o)
                0x08000aa0                USART_GetITStatus
 .text.SYSCFG_EXTILineConfig
                0x08000b64       0xb0 ..\Libraries\libBSP.a(stm32f4xx_syscfg.o)
                0x08000b64                SYSCFG_EXTILineConfig
 .text.RCC_GetClocksFreq
                0x08000c14      0x1cc ..\Libraries\libBSP.a(stm32f4xx_rcc.o)
                0x08000c14                RCC_GetClocksFreq
 .text.RCC_AHB1PeriphClockCmd
                0x08000de0       0x54 ..\Libraries\libBSP.a(stm32f4xx_rcc.o)
                0x08000de0                RCC_AHB1PeriphClockCmd
 .text.RCC_AHB3PeriphClockCmd
                0x08000e34       0x54 ..\Libraries\libBSP.a(stm32f4xx_rcc.o)
                0x08000e34                RCC_AHB3PeriphClockCmd
 .text.RCC_APB1PeriphClockCmd
                0x08000e88       0x54 ..\Libraries\libBSP.a(stm32f4xx_rcc.o)
                0x08000e88                RCC_APB1PeriphClockCmd
 .text.RCC_APB2PeriphClockCmd
                0x08000edc       0x54 ..\Libraries\libBSP.a(stm32f4xx_rcc.o)
                0x08000edc                RCC_APB2PeriphClockCmd
 .text.RCC_AHB1PeriphResetCmd
                0x08000f30       0x54 ..\Libraries\libBSP.a(stm32f4xx_rcc.o)
                0x08000f30                RCC_AHB1PeriphResetCmd
 .text.RCC_APB1PeriphResetCmd
                0x08000f84       0x54 ..\Libraries\libBSP.a(stm32f4xx_rcc.o)
                0x08000f84                RCC_APB1PeriphResetCmd
 .text.RCC_APB2PeriphResetCmd
                0x08000fd8       0x54 ..\Libraries\libBSP.a(stm32f4xx_rcc.o)
                0x08000fd8                RCC_APB2PeriphResetCmd
 .text.EXTI_Init
                0x0800102c      0x138 ..\Libraries\libBSP.a(stm32f4xx_exti.o)
                0x0800102c                EXTI_Init
 .text.NVIC_PriorityGroupConfig
                0x08001164       0x28 ..\Libraries\libBSP.a(misc.o)
                0x08001164                NVIC_PriorityGroupConfig
 .text.NVIC_Init
                0x0800118c       0xe4 ..\Libraries\libBSP.a(misc.o)
                0x0800118c                NVIC_Init
 .text.CARME_UART_Init
                0x08001270       0xb4 ..\Libraries\libBSP.a(uart.o)
                0x08001270                CARME_UART_Init
 .text.CARME_UART_GPIO_Init
                0x08001324       0x38 ..\Libraries\libBSP.a(uart.o)
                0x08001324                CARME_UART_GPIO_Init
 .text.SystemInit
                0x0800135c       0xb0 ..\Libraries\libBSP.a(system_stm32f4xx.o)
                0x0800135c                SystemInit
 .text.SetSysClock
                0x0800140c      0x188 ..\Libraries\libBSP.a(system_stm32f4xx.o)
 .text.CARME_IO2_Init
                0x08001594      0x178 ..\Libraries\libBSP.a(carme_io2.o)
                0x08001594                CARME_IO2_Init
 .text.CARME_IO2_GPIO_Out_Settings
                0x0800170c       0x8c ..\Libraries\libBSP.a(carme_io2.o)
                0x0800170c                CARME_IO2_GPIO_Out_Settings
 .text.CARME_IO2_ADC_Get
                0x08001798       0x78 ..\Libraries\libBSP.a(carme_io2.o)
                0x08001798                CARME_IO2_ADC_Get
 .text.CARME_IO2_SPI_Select
                0x08001810       0x2c ..\Libraries\libBSP.a(carme_io2.o)
                0x08001810                CARME_IO2_SPI_Select
 .text.CARME_IO2_SPI_CS_Out
                0x0800183c       0x28 ..\Libraries\libBSP.a(carme_io2.o)
                0x0800183c                CARME_IO2_SPI_CS_Out
 .text.CARME_IO2_SPI_Send
                0x08001864       0x6c ..\Libraries\libBSP.a(carme_io2.o)
                0x08001864                CARME_IO2_SPI_Send
 .text.CARME_IO2_PWM_Settings
                0x080018d0       0x4c ..\Libraries\libBSP.a(carme_io2.o)
                0x080018d0                CARME_IO2_PWM_Settings
 .text.CARME_IO2_PWM_Set
                0x0800191c       0xfc ..\Libraries\libBSP.a(carme_io2.o)
                0x0800191c                CARME_IO2_PWM_Set
 .text.CARME_IO2_PWM_Phase
                0x08001a18       0x2c ..\Libraries\libBSP.a(carme_io2.o)
                0x08001a18                CARME_IO2_PWM_Phase
 .text.CARME_Init
                0x08001a44       0xf8 ..\Libraries\libBSP.a(carme.o)
                0x08001a44                CARME_Init
 .text.CARME_FSMC_GPIO_Init
                0x08001b3c       0x60 ..\Libraries\libBSP.a(carme.o)
 .text.CARME_FSMC_Init
                0x08001b9c      0x160 ..\Libraries\libBSP.a(carme.o)
 .text.CARME_AGPIO_Init
                0x08001cfc       0x2c ..\Libraries\libBSP.a(carme.o)
 .text.CARME_GPIO_Init
                0x08001d28      0x248 ..\Libraries\libBSP.a(carme.o)
                0x08001d28                CARME_GPIO_Init
 .text.CARME_AGPIO_Set
                0x08001f70       0x84 ..\Libraries\libBSP.a(carme.o)
                0x08001f70                CARME_AGPIO_Set
 .text.CARME_LED_Red_Set
                0x08001ff4       0x14 ..\Libraries\libBSP.a(carme.o)
                0x08001ff4                CARME_LED_Red_Set
 .text.CARME_LED_Red_Reset
                0x08002008       0x14 ..\Libraries\libBSP.a(carme.o)
                0x08002008                CARME_LED_Red_Reset
 .text.TIM_DeInit
                0x0800201c      0x238 ..\Libraries\libBSP.a(stm32f4xx_tim.o)
                0x0800201c                TIM_DeInit
 .text.TIM_TimeBaseInit
                0x08002254       0xf4 ..\Libraries\libBSP.a(stm32f4xx_tim.o)
                0x08002254                TIM_TimeBaseInit
 .text.TIM_ARRPreloadConfig
                0x08002348       0x40 ..\Libraries\libBSP.a(stm32f4xx_tim.o)
                0x08002348                TIM_ARRPreloadConfig
 .text.TIM_Cmd  0x08002388       0x40 ..\Libraries\libBSP.a(stm32f4xx_tim.o)
                0x08002388                TIM_Cmd
 .text.TIM_OC1Init
                0x080023c8       0xfc ..\Libraries\libBSP.a(stm32f4xx_tim.o)
                0x080023c8                TIM_OC1Init
 .text.TIM_OC2Init
                0x080024c4      0x128 ..\Libraries\libBSP.a(stm32f4xx_tim.o)
                0x080024c4                TIM_OC2Init
 .text.TIM_OC3Init
                0x080025ec      0x120 ..\Libraries\libBSP.a(stm32f4xx_tim.o)
                0x080025ec                TIM_OC3Init
 .text.TIM_OC4Init
                0x0800270c       0xe0 ..\Libraries\libBSP.a(stm32f4xx_tim.o)
                0x0800270c                TIM_OC4Init
 .text.TIM_OC1PreloadConfig
                0x080027ec       0x38 ..\Libraries\libBSP.a(stm32f4xx_tim.o)
                0x080027ec                TIM_OC1PreloadConfig
 .text.TIM_OC2PreloadConfig
                0x08002824       0x40 ..\Libraries\libBSP.a(stm32f4xx_tim.o)
                0x08002824                TIM_OC2PreloadConfig
 .text.TIM_OC3PreloadConfig
                0x08002864       0x38 ..\Libraries\libBSP.a(stm32f4xx_tim.o)
                0x08002864                TIM_OC3PreloadConfig
 .text.TIM_OC4PreloadConfig
                0x0800289c       0x40 ..\Libraries\libBSP.a(stm32f4xx_tim.o)
                0x0800289c                TIM_OC4PreloadConfig
 .text.SPI_I2S_DeInit
                0x080028dc      0x100 ..\Libraries\libBSP.a(stm32f4xx_spi.o)
                0x080028dc                SPI_I2S_DeInit
 .text.SPI_Init
                0x080029dc       0x88 ..\Libraries\libBSP.a(stm32f4xx_spi.o)
                0x080029dc                SPI_Init
 .text.SPI_StructInit
                0x08002a64       0x5c ..\Libraries\libBSP.a(stm32f4xx_spi.o)
                0x08002a64                SPI_StructInit
 .text.SPI_Cmd  0x08002ac0       0x40 ..\Libraries\libBSP.a(stm32f4xx_spi.o)
                0x08002ac0                SPI_Cmd
 .text.SPI_I2S_SendData
                0x08002b00       0x1c ..\Libraries\libBSP.a(stm32f4xx_spi.o)
                0x08002b00                SPI_I2S_SendData
 .text.SPI_I2S_GetFlagStatus
                0x08002b1c       0x40 ..\Libraries\libBSP.a(stm32f4xx_spi.o)
                0x08002b1c                SPI_I2S_GetFlagStatus
 .text.GPIO_DeInit
                0x08002b5c      0x1c8 ..\Libraries\libBSP.a(stm32f4xx_gpio.o)
                0x08002b5c                GPIO_DeInit
 .text.GPIO_Init
                0x08002d24      0x144 ..\Libraries\libBSP.a(stm32f4xx_gpio.o)
                0x08002d24                GPIO_Init
 .text.GPIO_StructInit
                0x08002e68       0x3c ..\Libraries\libBSP.a(stm32f4xx_gpio.o)
                0x08002e68                GPIO_StructInit
 .text.GPIO_WriteBit
                0x08002ea4       0x30 ..\Libraries\libBSP.a(stm32f4xx_gpio.o)
                0x08002ea4                GPIO_WriteBit
 .text.GPIO_PinAFConfig
                0x08002ed4       0xa8 ..\Libraries\libBSP.a(stm32f4xx_gpio.o)
                0x08002ed4                GPIO_PinAFConfig
 .text.FSMC_NORSRAMDeInit
                0x08002f7c       0x5c ..\Libraries\libBSP.a(stm32f4xx_fsmc.o)
                0x08002f7c                FSMC_NORSRAMDeInit
 .text.FSMC_NORSRAMInit
                0x08002fd8      0x150 ..\Libraries\libBSP.a(stm32f4xx_fsmc.o)
                0x08002fd8                FSMC_NORSRAMInit
 .text.FSMC_NORSRAMCmd
                0x08003128       0x54 ..\Libraries\libBSP.a(stm32f4xx_fsmc.o)
                0x08003128                FSMC_NORSRAMCmd
 .text.ADC_DeInit
                0x0800317c       0x20 ..\Libraries\libBSP.a(stm32f4xx_adc.o)
                0x0800317c                ADC_DeInit
 .text.ADC_Init
                0x0800319c       0xb8 ..\Libraries\libBSP.a(stm32f4xx_adc.o)
                0x0800319c                ADC_Init
 .text.ADC_StructInit
                0x08003254       0x4c ..\Libraries\libBSP.a(stm32f4xx_adc.o)
                0x08003254                ADC_StructInit
 .text.ADC_CommonInit
                0x080032a0       0x5c ..\Libraries\libBSP.a(stm32f4xx_adc.o)
                0x080032a0                ADC_CommonInit
 .text.ADC_Cmd  0x080032fc       0x38 ..\Libraries\libBSP.a(stm32f4xx_adc.o)
                0x080032fc                ADC_Cmd
 .text.ADC_RegularChannelConfig
                0x08003334      0x1bc ..\Libraries\libBSP.a(stm32f4xx_adc.o)
                0x08003334                ADC_RegularChannelConfig
 .text.ADC_SoftwareStartConv
                0x080034f0       0x20 ..\Libraries\libBSP.a(stm32f4xx_adc.o)
                0x080034f0                ADC_SoftwareStartConv
 .text.ADC_GetConversionValue
                0x08003510       0x1c ..\Libraries\libBSP.a(stm32f4xx_adc.o)
                0x08003510                ADC_GetConversionValue
 .text.ADC_GetFlagStatus
                0x0800352c       0x3c ..\Libraries\libBSP.a(stm32f4xx_adc.o)
                0x0800352c                ADC_GetFlagStatus
 .text.xTaskGenericCreate
                0x08003568      0x1c0 ..\Libraries\libFreeRTOS.a(tasks.o)
                0x08003568                xTaskGenericCreate
 .text.vTaskStartScheduler
                0x08003728       0x88 ..\Libraries\libFreeRTOS.a(tasks.o)
                0x08003728                vTaskStartScheduler
 .text.vTaskSuspendAll
                0x080037b0       0x24 ..\Libraries\libFreeRTOS.a(tasks.o)
                0x080037b0                vTaskSuspendAll
 .text.xTaskResumeAll
                0x080037d4      0x174 ..\Libraries\libFreeRTOS.a(tasks.o)
                0x080037d4                xTaskResumeAll
 .text.xTaskGetTickCount
                0x08003948       0x28 ..\Libraries\libFreeRTOS.a(tasks.o)
                0x08003948                xTaskGetTickCount
 .text.xTaskIncrementTick
                0x08003970      0x200 ..\Libraries\libFreeRTOS.a(tasks.o)
                0x08003970                xTaskIncrementTick
 .text.vTaskSwitchContext
                0x08003b70      0x164 ..\Libraries\libFreeRTOS.a(tasks.o)
                0x08003b70                vTaskSwitchContext
 .text.vTaskPlaceOnEventList
                0x08003cd4       0x84 ..\Libraries\libFreeRTOS.a(tasks.o)
                0x08003cd4                vTaskPlaceOnEventList
 .text.vTaskPlaceOnEventListRestricted
                0x08003d58       0x60 ..\Libraries\libFreeRTOS.a(tasks.o)
                0x08003d58                vTaskPlaceOnEventListRestricted
 .text.xTaskRemoveFromEventList
                0x08003db8       0xdc ..\Libraries\libFreeRTOS.a(tasks.o)
                0x08003db8                xTaskRemoveFromEventList
 .text.vTaskSetTimeOutState
                0x08003e94       0x38 ..\Libraries\libFreeRTOS.a(tasks.o)
                0x08003e94                vTaskSetTimeOutState
 .text.xTaskCheckForTimeOut
                0x08003ecc       0xb0 ..\Libraries\libFreeRTOS.a(tasks.o)
                0x08003ecc                xTaskCheckForTimeOut
 .text.vTaskMissedYield
                0x08003f7c       0x18 ..\Libraries\libFreeRTOS.a(tasks.o)
                0x08003f7c                vTaskMissedYield
 .text.prvIdleTask
                0x08003f94       0x24 ..\Libraries\libFreeRTOS.a(tasks.o)
 .text.prvInitialiseTCBVariables
                0x08003fb8       0xa0 ..\Libraries\libFreeRTOS.a(tasks.o)
 .text.prvInitialiseTaskLists
                0x08004058       0xa4 ..\Libraries\libFreeRTOS.a(tasks.o)
 .text.prvCheckTasksWaitingTermination
                0x080040fc       0x9c ..\Libraries\libFreeRTOS.a(tasks.o)
 .text.prvAddCurrentTaskToDelayedList
                0x08004198       0x8c ..\Libraries\libFreeRTOS.a(tasks.o)
 .text.prvAllocateTCBAndStack
                0x08004224       0x70 ..\Libraries\libFreeRTOS.a(tasks.o)
 .text.prvDeleteTCB
                0x08004294       0x20 ..\Libraries\libFreeRTOS.a(tasks.o)
 .text.prvResetNextTaskUnblockTime
                0x080042b4       0x5c ..\Libraries\libFreeRTOS.a(tasks.o)
 .text.xTaskGetCurrentTaskHandle
                0x08004310       0x20 ..\Libraries\libFreeRTOS.a(tasks.o)
                0x08004310                xTaskGetCurrentTaskHandle
 .text.xTaskGetSchedulerState
                0x08004330       0x48 ..\Libraries\libFreeRTOS.a(tasks.o)
                0x08004330                xTaskGetSchedulerState
 .text.vTaskPriorityInherit
                0x08004378       0xf0 ..\Libraries\libFreeRTOS.a(tasks.o)
                0x08004378                vTaskPriorityInherit
 .text.vTaskPriorityDisinherit
                0x08004468       0x98 ..\Libraries\libFreeRTOS.a(tasks.o)
                0x08004468                vTaskPriorityDisinherit
 .text.xQueueGenericReset
                0x08004500       0xc0 ..\Libraries\libFreeRTOS.a(queue.o)
                0x08004500                xQueueGenericReset
 .text.xQueueGenericCreate
                0x080045c0       0x90 ..\Libraries\libFreeRTOS.a(queue.o)
                0x080045c0                xQueueGenericCreate
 .text.xQueueGenericSend
                0x08004650      0x19c ..\Libraries\libFreeRTOS.a(queue.o)
                0x08004650                xQueueGenericSend
 .text.xQueueGenericSendFromISR
                0x080047ec       0xe8 ..\Libraries\libFreeRTOS.a(queue.o)
                0x080047ec                xQueueGenericSendFromISR
 .text.xQueueGenericReceive
                0x080048d4      0x1dc ..\Libraries\libFreeRTOS.a(queue.o)
                0x080048d4                xQueueGenericReceive
 .text.prvCopyDataToQueue
                0x08004ab0       0xdc ..\Libraries\libFreeRTOS.a(queue.o)
 .text.prvCopyDataFromQueue
                0x08004b8c       0x50 ..\Libraries\libFreeRTOS.a(queue.o)
 .text.prvUnlockQueue
                0x08004bdc       0xa0 ..\Libraries\libFreeRTOS.a(queue.o)
 .text.prvIsQueueEmpty
                0x08004c7c       0x34 ..\Libraries\libFreeRTOS.a(queue.o)
 .text.prvIsQueueFull
                0x08004cb0       0x38 ..\Libraries\libFreeRTOS.a(queue.o)
 .text.vQueueAddToRegistry
                0x08004ce8       0x64 ..\Libraries\libFreeRTOS.a(queue.o)
                0x08004ce8                vQueueAddToRegistry
 .text.vQueueWaitForMessageRestricted
                0x08004d4c       0x60 ..\Libraries\libFreeRTOS.a(queue.o)
                0x08004d4c                vQueueWaitForMessageRestricted
 .text.pvPortMalloc
                0x08004dac      0x190 ..\Libraries\libFreeRTOS.a(heap_4.o)
                0x08004dac                pvPortMalloc
 .text.vPortFree
                0x08004f3c       0xb8 ..\Libraries\libFreeRTOS.a(heap_4.o)
                0x08004f3c                vPortFree
 .text.prvHeapInit
                0x08004ff4       0xf8 ..\Libraries\libFreeRTOS.a(heap_4.o)
 .text.prvInsertBlockIntoFreeList
                0x080050ec       0xbc ..\Libraries\libFreeRTOS.a(heap_4.o)
 .text.pxPortInitialiseStack
                0x080051a8       0x74 ..\Libraries\libFreeRTOS.a(port.o)
                0x080051a8                pxPortInitialiseStack
 .text.prvTaskExitError
                0x0800521c       0x20 ..\Libraries\libFreeRTOS.a(port.o)
 .text.SVC_Handler
                0x0800523c       0x20 ..\Libraries\libFreeRTOS.a(port.o)
                0x0800523c                SVC_Handler
 .text.prvPortStartFirstTask
                0x0800525c       0x1c ..\Libraries\libFreeRTOS.a(port.o)
 .text.xPortStartScheduler
                0x08005278      0x128 ..\Libraries\libFreeRTOS.a(port.o)
                0x08005278                xPortStartScheduler
 .text.vPortYield
                0x080053a0       0x20 ..\Libraries\libFreeRTOS.a(port.o)
                0x080053a0                vPortYield
 .text.vPortEnterCritical
                0x080053c0       0x2c ..\Libraries\libFreeRTOS.a(port.o)
                0x080053c0                vPortEnterCritical
 .text.vPortExitCritical
                0x080053ec       0x48 ..\Libraries\libFreeRTOS.a(port.o)
                0x080053ec                vPortExitCritical
 .text.ulPortSetInterruptMask
                0x08005434       0x14 ..\Libraries\libFreeRTOS.a(port.o)
                0x08005434                ulPortSetInterruptMask
 .text.vPortClearInterruptMask
                0x08005448        0x8 ..\Libraries\libFreeRTOS.a(port.o)
                0x08005448                vPortClearInterruptMask
 .text.PendSV_Handler
                0x08005450       0x58 ..\Libraries\libFreeRTOS.a(port.o)
                0x08005450                PendSV_Handler
 .text.SysTick_Handler
                0x080054a8       0x2c ..\Libraries\libFreeRTOS.a(port.o)
                0x080054a8                SysTick_Handler
 .text.vPortSetupTimerInterrupt
                0x080054d4       0x40 ..\Libraries\libFreeRTOS.a(port.o)
                0x080054d4                vPortSetupTimerInterrupt
 .text.vPortEnableVFP
                0x08005514       0x14 ..\Libraries\libFreeRTOS.a(port.o)
 .text.vPortValidateInterruptPriority
                0x08005528       0x64 ..\Libraries\libFreeRTOS.a(port.o)
                0x08005528                vPortValidateInterruptPriority
 .text.vListInitialise
                0x0800558c       0x40 ..\Libraries\libFreeRTOS.a(list.o)
                0x0800558c                vListInitialise
 .text.vListInitialiseItem
                0x080055cc       0x1c ..\Libraries\libFreeRTOS.a(list.o)
                0x080055cc                vListInitialiseItem
 .text.vListInsertEnd
                0x080055e8       0x48 ..\Libraries\libFreeRTOS.a(list.o)
                0x080055e8                vListInsertEnd
 .text.vListInsert
                0x08005630       0x74 ..\Libraries\libFreeRTOS.a(list.o)
                0x08005630                vListInsert
 .text.uxListRemove
                0x080056a4       0x58 ..\Libraries\libFreeRTOS.a(list.o)
                0x080056a4                uxListRemove
 .text.xTimerCreateTimerTask
                0x080056fc       0x6c ..\Libraries\libFreeRTOS.a(timers.o)
                0x080056fc                xTimerCreateTimerTask
 .text.xTimerGenericCommand
                0x08005768       0xac ..\Libraries\libFreeRTOS.a(timers.o)
                0x08005768                xTimerGenericCommand
 .text.prvProcessExpiredTimer
                0x08005814       0x7c ..\Libraries\libFreeRTOS.a(timers.o)
 .text.prvTimerTask
                0x08005890       0x24 ..\Libraries\libFreeRTOS.a(timers.o)
 .text.prvProcessTimerOrBlockTask
                0x080058b4       0x74 ..\Libraries\libFreeRTOS.a(timers.o)
 .text.prvGetNextExpireTime
                0x08005928       0x54 ..\Libraries\libFreeRTOS.a(timers.o)
 .text.prvSampleTimeNow
                0x0800597c       0x4c ..\Libraries\libFreeRTOS.a(timers.o)
 .text.prvInsertTimerInActiveList
                0x080059c8       0x94 ..\Libraries\libFreeRTOS.a(timers.o)
 .text.prvProcessReceivedCommands
                0x08005a5c      0x124 ..\Libraries\libFreeRTOS.a(timers.o)
 .text.prvSwitchTimerLists
                0x08005b80       0xe4 ..\Libraries\libFreeRTOS.a(timers.o)
 .text.prvCheckForValidListAndQueue
                0x08005c64       0xb0 ..\Libraries\libFreeRTOS.a(timers.o)
 .text.memcmp   0x08005d14       0x1e c:/program files (x86)/atollic/truestudio for arm pro 5.1.1/armtools/bin/../lib/gcc/arm-atollic-eabi/4.8.3/../../../../arm-atollic-eabi/lib/armv7e-m/softfp\libc.a(lib_a-memcmp.o)
                0x08005d14                memcmp
 .text.memcpy   0x08005d32       0x12 c:/program files (x86)/atollic/truestudio for arm pro 5.1.1/armtools/bin/../lib/gcc/arm-atollic-eabi/4.8.3/../../../../arm-atollic-eabi/lib/armv7e-m/softfp\libc.a(lib_a-memcpy-stub.o)
                0x08005d32                memcpy
 .text.memset   0x08005d44       0x10 c:/program files (x86)/atollic/truestudio for arm pro 5.1.1/armtools/bin/../lib/gcc/arm-atollic-eabi/4.8.3/../../../../arm-atollic-eabi/lib/armv7e-m/softfp\libc.a(lib_a-memset.o)
                0x08005d44                memset
 *(.rodata)
 .rodata        0x08005d54       0x10 src\uartTask.o
 .rodata        0x08005d64       0x10 src\main.o
 .rodata        0x08005d74      0x1a8 ..\Libraries\libBSP.a(carme.o)
 .rodata        0x08005f1c        0x8 ..\Libraries\libFreeRTOS.a(tasks.o)
 .rodata        0x08005f24       0x10 ..\Libraries\libFreeRTOS.a(timers.o)
 *(.rodata*)
 .rodata.ucExpectedStackBytes.5284
                0x08005f34       0x14 ..\Libraries\libFreeRTOS.a(tasks.o)
 .rodata.heapSTRUCT_SIZE
                0x08005f48        0x2 ..\Libraries\libFreeRTOS.a(heap_4.o)
 *fill*         0x08005f4a        0x2 
 .rodata.xTotalHeapSize
                0x08005f4c        0x4 ..\Libraries\libFreeRTOS.a(heap_4.o)
 .rodata.pcInterruptPriorityRegisters
                0x08005f50        0x4 ..\Libraries\libFreeRTOS.a(port.o)
 *(.glue_7)
 .glue_7        0x00000000        0x0 linker stubs
 *(.glue_7t)
 .glue_7t       0x00000000        0x0 linker stubs
 *(.eh_frame)
 .eh_frame      0x08005f54        0x0 c:/program files (x86)/atollic/truestudio for arm pro 5.1.1/armtools/bin/../lib/gcc/arm-atollic-eabi/4.8.3/armv7e-m/softfp/crtbegin.o
 *(.init)
 .init          0x08005f54        0x4 c:/program files (x86)/atollic/truestudio for arm pro 5.1.1/armtools/bin/../lib/gcc/arm-atollic-eabi/4.8.3/armv7e-m/softfp/crti.o
                0x08005f54                _init
 .init          0x08005f58        0x8 c:/program files (x86)/atollic/truestudio for arm pro 5.1.1/armtools/bin/../lib/gcc/arm-atollic-eabi/4.8.3/armv7e-m/softfp/crtn.o
 *(.fini)
 .fini          0x08005f60        0x4 c:/program files (x86)/atollic/truestudio for arm pro 5.1.1/armtools/bin/../lib/gcc/arm-atollic-eabi/4.8.3/armv7e-m/softfp/crti.o
                0x08005f60                _fini
 .fini          0x08005f64        0x8 c:/program files (x86)/atollic/truestudio for arm pro 5.1.1/armtools/bin/../lib/gcc/arm-atollic-eabi/4.8.3/armv7e-m/softfp/crtn.o
                0x08005f6c                . = ALIGN (0x4)
                0x08005f6c                _etext = .

.vfp11_veneer   0x08005f6c        0x0
 .vfp11_veneer  0x00000000        0x0 linker stubs

.v4_bx          0x08005f6c        0x0
 .v4_bx         0x00000000        0x0 linker stubs

.iplt           0x08005f6c        0x0
 .iplt          0x00000000        0x0 c:/program files (x86)/atollic/truestudio for arm pro 5.1.1/armtools/bin/../lib/gcc/arm-atollic-eabi/4.8.3/armv7e-m/softfp/crtbegin.o

.rel.dyn        0x08005f6c        0x0
 .rel.iplt      0x00000000        0x0 c:/program files (x86)/atollic/truestudio for arm pro 5.1.1/armtools/bin/../lib/gcc/arm-atollic-eabi/4.8.3/armv7e-m/softfp/crtbegin.o

.ARM.extab
 *(.ARM.extab* .gnu.linkonce.armextab.*)

.ARM            0x08005f6c        0x0
                0x08005f6c                __exidx_start = .
 *(.ARM.exidx*)
                0x08005f6c                __exidx_end = .

.preinit_array  0x08005f6c        0x0
                0x08005f6c                PROVIDE (__preinit_array_start, .)
 *(.preinit_array*)
                0x08005f6c                PROVIDE (__preinit_array_end, .)

.init_array     0x08005f6c        0x4
                0x08005f6c                PROVIDE (__init_array_start, .)
 *(SORT(.init_array.*))
 *(.init_array*)
 .init_array    0x08005f6c        0x4 c:/program files (x86)/atollic/truestudio for arm pro 5.1.1/armtools/bin/../lib/gcc/arm-atollic-eabi/4.8.3/armv7e-m/softfp/crtbegin.o
                0x08005f70                PROVIDE (__init_array_end, .)

.fini_array     0x08005f70        0x4
                0x08005f70                PROVIDE (__fini_array_start, .)
 *(SORT(.fini_array.*))
 *(.fini_array*)
 .fini_array    0x08005f70        0x4 c:/program files (x86)/atollic/truestudio for arm pro 5.1.1/armtools/bin/../lib/gcc/arm-atollic-eabi/4.8.3/armv7e-m/softfp/crtbegin.o
                0x08005f74                PROVIDE (__fini_array_end, .)
                0x08005f74                _sidata = LOADADDR (.data)

.data           0x20000000      0x1e8 load address 0x08005f74
                0x20000000                . = ALIGN (0x4)
                0x20000000                _sdata = .
 *(.data)
 *(.data*)
 .data.APBAHBPrescTable
                0x20000000       0x10 ..\Libraries\libBSP.a(stm32f4xx_rcc.o)
 .data.CARME_UART_Port_Pin
                0x20000010       0x58 ..\Libraries\libBSP.a(uart.o)
 .data.SystemCoreClock
                0x20000068        0x4 ..\Libraries\libBSP.a(system_stm32f4xx.o)
                0x20000068                SystemCoreClock
 .data.CARME_IO2_Port_Pin
                0x2000006c       0x88 ..\Libraries\libBSP.a(carme_io2.o)
 .data.CARME_IO2_GPIO_Out_Port_Pin
                0x200000f4       0x20 ..\Libraries\libBSP.a(carme_io2.o)
 .data.CARME_IO2_OPTO_Out_Port_Pin
                0x20000114       0x10 ..\Libraries\libBSP.a(carme_io2.o)
 .data.CARME_IO2_OPTO_In_Port_Pin
                0x20000124       0x10 ..\Libraries\libBSP.a(carme_io2.o)
 .data.CARME_IO2_ADC_Channels
                0x20000134        0x4 ..\Libraries\libBSP.a(carme_io2.o)
 .data.CARME_AGPIO_Port_Pin
                0x20000138       0xa0 ..\Libraries\libBSP.a(carme.o)
 .data.xNextTaskUnblockTime
                0x200001d8        0x4 ..\Libraries\libFreeRTOS.a(tasks.o)
 .data.xFreeBytesRemaining
                0x200001dc        0x4 ..\Libraries\libFreeRTOS.a(heap_4.o)
 .data.xMinimumEverFreeBytesRemaining
                0x200001e0        0x4 ..\Libraries\libFreeRTOS.a(heap_4.o)
 .data.uxCriticalNesting
                0x200001e4        0x4 ..\Libraries\libFreeRTOS.a(port.o)
                0x200001e8                . = ALIGN (0x4)
                0x200001e8                _edata = .
                0x0800615c                _siccmram = LOADADDR (.ccmram)

.jcr            0x200001e8        0x0 load address 0x0800615c
 .jcr           0x200001e8        0x0 c:/program files (x86)/atollic/truestudio for arm pro 5.1.1/armtools/bin/../lib/gcc/arm-atollic-eabi/4.8.3/armv7e-m/softfp/crtbegin.o

.igot.plt       0x200001e8        0x0 load address 0x0800615c
 .igot.plt      0x00000000        0x0 c:/program files (x86)/atollic/truestudio for arm pro 5.1.1/armtools/bin/../lib/gcc/arm-atollic-eabi/4.8.3/armv7e-m/softfp/crtbegin.o

.ccmram         0x10000000        0x0 load address 0x0800615c
                0x10000000                . = ALIGN (0x4)
                0x10000000                _sccmram = .
 *(.ccmram)
 *(.ccmram*)
                0x10000000                . = ALIGN (0x4)
                0x10000000                _eccmram = .
                0x10000000                . = ALIGN (0x4)

.bss            0x200001e8    0x12dac
                0x200001e8                _sbss = .
                0x200001e8                __bss_start__ = _sbss
 *(.bss)
 .bss           0x200001e8       0x1c c:/program files (x86)/atollic/truestudio for arm pro 5.1.1/armtools/bin/../lib/gcc/arm-atollic-eabi/4.8.3/armv7e-m/softfp/crtbegin.o
 *(.bss*)
 .bss.queueUart
                0x20000204        0x4 src\uartTask.o
 .bss.pxCurrentTCB
                0x20000208        0x4 ..\Libraries\libFreeRTOS.a(tasks.o)
                0x20000208                pxCurrentTCB
 .bss.pxReadyTasksLists
                0x2000020c       0x64 ..\Libraries\libFreeRTOS.a(tasks.o)
 .bss.xDelayedTaskList1
                0x20000270       0x14 ..\Libraries\libFreeRTOS.a(tasks.o)
 .bss.xDelayedTaskList2
                0x20000284       0x14 ..\Libraries\libFreeRTOS.a(tasks.o)
 .bss.pxDelayedTaskList
                0x20000298        0x4 ..\Libraries\libFreeRTOS.a(tasks.o)
 .bss.pxOverflowDelayedTaskList
                0x2000029c        0x4 ..\Libraries\libFreeRTOS.a(tasks.o)
 .bss.xPendingReadyList
                0x200002a0       0x14 ..\Libraries\libFreeRTOS.a(tasks.o)
 .bss.xTasksWaitingTermination
                0x200002b4       0x14 ..\Libraries\libFreeRTOS.a(tasks.o)
 .bss.uxTasksDeleted
                0x200002c8        0x4 ..\Libraries\libFreeRTOS.a(tasks.o)
 .bss.xSuspendedTaskList
                0x200002cc       0x14 ..\Libraries\libFreeRTOS.a(tasks.o)
 .bss.uxCurrentNumberOfTasks
                0x200002e0        0x4 ..\Libraries\libFreeRTOS.a(tasks.o)
 .bss.xTickCount
                0x200002e4        0x4 ..\Libraries\libFreeRTOS.a(tasks.o)
 .bss.uxTopReadyPriority
                0x200002e8        0x4 ..\Libraries\libFreeRTOS.a(tasks.o)
 .bss.xSchedulerRunning
                0x200002ec        0x4 ..\Libraries\libFreeRTOS.a(tasks.o)
 .bss.uxPendedTicks
                0x200002f0        0x4 ..\Libraries\libFreeRTOS.a(tasks.o)
 .bss.xYieldPending
                0x200002f4        0x4 ..\Libraries\libFreeRTOS.a(tasks.o)
 .bss.xNumOfOverflows
                0x200002f8        0x4 ..\Libraries\libFreeRTOS.a(tasks.o)
 .bss.uxTaskNumber
                0x200002fc        0x4 ..\Libraries\libFreeRTOS.a(tasks.o)
 .bss.uxSchedulerSuspended
                0x20000300        0x4 ..\Libraries\libFreeRTOS.a(tasks.o)
 .bss.ucHeap    0x20000304    0x12c00 ..\Libraries\libFreeRTOS.a(heap_4.o)
 .bss.xStart    0x20012f04        0x8 ..\Libraries\libFreeRTOS.a(heap_4.o)
 .bss.pxEnd     0x20012f0c        0x4 ..\Libraries\libFreeRTOS.a(heap_4.o)
 .bss.xBlockAllocatedBit
                0x20012f10        0x4 ..\Libraries\libFreeRTOS.a(heap_4.o)
 .bss.ucMaxSysCallPriority
                0x20012f14        0x1 ..\Libraries\libFreeRTOS.a(port.o)
 *fill*         0x20012f15        0x3 
 .bss.ulMaxPRIGROUPValue
                0x20012f18        0x4 ..\Libraries\libFreeRTOS.a(port.o)
 .bss.xActiveTimerList1
                0x20012f1c       0x14 ..\Libraries\libFreeRTOS.a(timers.o)
 .bss.xActiveTimerList2
                0x20012f30       0x14 ..\Libraries\libFreeRTOS.a(timers.o)
 .bss.pxCurrentTimerList
                0x20012f44        0x4 ..\Libraries\libFreeRTOS.a(timers.o)
 .bss.pxOverflowTimerList
                0x20012f48        0x4 ..\Libraries\libFreeRTOS.a(timers.o)
 .bss.xTimerQueue
                0x20012f4c        0x4 ..\Libraries\libFreeRTOS.a(timers.o)
 .bss.xLastTime.5138
                0x20012f50        0x4 ..\Libraries\libFreeRTOS.a(timers.o)
 *(COMMON)
 COMMON         0x20012f54       0x40 ..\Libraries\libFreeRTOS.a(queue.o)
                0x20012f54                xQueueRegistry
                0x20012f94                . = ALIGN (0x4)
                0x20012f94                _ebss = .
                0x20012f94                __bss_end__ = _ebss

._user_heap_stack
                0x20012f94     0x2000
                0x20012f94                . = ALIGN (0x4)
                0x20012f94                PROVIDE (end, .)
                0x20012f94                PROVIDE (_end, .)
                0x20013f94                . = (. + _Min_Heap_Size)
 *fill*         0x20012f94     0x1000 
                0x20014f94                . = (. + _Min_Stack_Size)
 *fill*         0x20013f94     0x1000 
                0x20014f94                . = ALIGN (0x4)

.memory_b1_text
 *(.mb1text)
 *(.mb1text*)
 *(.mb1rodata)
 *(.mb1rodata*)

/DISCARD/
 libc.a(*)
 libm.a(*)
 libgcc.a(*)

.ARM.attributes
                0x00000000       0x30
 *(.ARM.attributes)
 .ARM.attributes
                0x00000000       0x22 c:/program files (x86)/atollic/truestudio for arm pro 5.1.1/armtools/bin/../lib/gcc/arm-atollic-eabi/4.8.3/armv7e-m/softfp/crti.o
 .ARM.attributes
                0x00000022       0x32 c:/program files (x86)/atollic/truestudio for arm pro 5.1.1/armtools/bin/../lib/gcc/arm-atollic-eabi/4.8.3/armv7e-m/softfp/crtbegin.o
 .ARM.attributes
                0x00000054       0x37 src\uartTask.o
 .ARM.attributes
                0x0000008b       0x21 src\startup.o
 .ARM.attributes
                0x000000ac       0x37 src\parserTask.o
 .ARM.attributes
                0x000000e3       0x37 src\main.o
 .ARM.attributes
                0x0000011a       0x37 src\interrupt_handler.o
 .ARM.attributes
                0x00000151       0x32 c:/program files (x86)/atollic/truestudio for arm pro 5.1.1/armtools/bin/../lib/gcc/arm-atollic-eabi/4.8.3/../../../../arm-atollic-eabi/lib/armv7e-m/softfp\libc_s.a(lib_a-init.o)
 .ARM.attributes
                0x00000183       0x22 c:/program files (x86)/atollic/truestudio for arm pro 5.1.1/armtools/bin/../lib/gcc/arm-atollic-eabi/4.8.3/armv7e-m/softfp/crtn.o
 .ARM.attributes
                0x000001a5       0x39 ..\Libraries\libBSP.a(stm32f4xx_usart.o)
 .ARM.attributes
                0x000001de       0x39 ..\Libraries\libBSP.a(stm32f4xx_syscfg.o)
 .ARM.attributes
                0x00000217       0x39 ..\Libraries\libBSP.a(stm32f4xx_rcc.o)
 .ARM.attributes
                0x00000250       0x39 ..\Libraries\libBSP.a(stm32f4xx_exti.o)
 .ARM.attributes
                0x00000289       0x39 ..\Libraries\libBSP.a(misc.o)
 .ARM.attributes
                0x000002c2       0x39 ..\Libraries\libBSP.a(uart.o)
 .ARM.attributes
                0x000002fb       0x39 ..\Libraries\libBSP.a(system_stm32f4xx.o)
 .ARM.attributes
                0x00000334       0x39 ..\Libraries\libBSP.a(carme_io2.o)
 .ARM.attributes
                0x0000036d       0x39 ..\Libraries\libBSP.a(carme.o)
 .ARM.attributes
                0x000003a6       0x39 ..\Libraries\libBSP.a(stm32f4xx_tim.o)
 .ARM.attributes
                0x000003df       0x39 ..\Libraries\libBSP.a(stm32f4xx_spi.o)
 .ARM.attributes
                0x00000418       0x39 ..\Libraries\libBSP.a(stm32f4xx_gpio.o)
 .ARM.attributes
                0x00000451       0x39 ..\Libraries\libBSP.a(stm32f4xx_fsmc.o)
 .ARM.attributes
                0x0000048a       0x39 ..\Libraries\libBSP.a(stm32f4xx_adc.o)
 .ARM.attributes
                0x000004c3       0x39 ..\Libraries\libFreeRTOS.a(tasks.o)
 .ARM.attributes
                0x000004fc       0x39 ..\Libraries\libFreeRTOS.a(queue.o)
 .ARM.attributes
                0x00000535       0x39 ..\Libraries\libFreeRTOS.a(heap_4.o)
 .ARM.attributes
                0x0000056e       0x39 ..\Libraries\libFreeRTOS.a(port.o)
 .ARM.attributes
                0x000005a7       0x39 ..\Libraries\libFreeRTOS.a(list.o)
 .ARM.attributes
                0x000005e0       0x39 ..\Libraries\libFreeRTOS.a(timers.o)
OUTPUT(Miniproject_RTOS.elf elf32-littlearm)

.debug_info     0x00000000     0xce70
 .debug_info    0x00000000      0x57d src\uartTask.o
 .debug_info    0x0000057d       0x7a src\startup.o
 .debug_info    0x000005f7      0x22b src\parserTask.o
 .debug_info    0x00000822      0x109 src\main.o
 .debug_info    0x0000092b      0x4a5 src\interrupt_handler.o
 .debug_info    0x00000dd0      0xa69 ..\Libraries\libBSP.a(stm32f4xx_usart.o)
 .debug_info    0x00001839      0x2a6 ..\Libraries\libBSP.a(stm32f4xx_syscfg.o)
 .debug_info    0x00001adf      0xf30 ..\Libraries\libBSP.a(stm32f4xx_rcc.o)
 .debug_info    0x00002a0f      0x368 ..\Libraries\libBSP.a(stm32f4xx_exti.o)
 .debug_info    0x00002d77      0x596 ..\Libraries\libBSP.a(misc.o)
 .debug_info    0x0000330d      0x676 ..\Libraries\libBSP.a(uart.o)
 .debug_info    0x00003983      0x62b ..\Libraries\libBSP.a(system_stm32f4xx.o)
 .debug_info    0x00003fae      0xf16 ..\Libraries\libBSP.a(carme_io2.o)
 .debug_info    0x00004ec4      0x6f9 ..\Libraries\libBSP.a(carme.o)
 .debug_info    0x000055bd     0x1e81 ..\Libraries\libBSP.a(stm32f4xx_tim.o)
 .debug_info    0x0000743e      0xc02 ..\Libraries\libBSP.a(stm32f4xx_spi.o)
 .debug_info    0x00008040      0x647 ..\Libraries\libBSP.a(stm32f4xx_gpio.o)
 .debug_info    0x00008687      0x9b5 ..\Libraries\libBSP.a(stm32f4xx_fsmc.o)
 .debug_info    0x0000903c      0xd18 ..\Libraries\libBSP.a(stm32f4xx_adc.o)
 .debug_info    0x00009d54     0x1323 ..\Libraries\libFreeRTOS.a(tasks.o)
 .debug_info    0x0000b077      0xc4e ..\Libraries\libFreeRTOS.a(queue.o)
 .debug_info    0x0000bcc5      0x336 ..\Libraries\libFreeRTOS.a(heap_4.o)
 .debug_info    0x0000bffb      0x36d ..\Libraries\libFreeRTOS.a(port.o)
 .debug_info    0x0000c368      0x2c5 ..\Libraries\libFreeRTOS.a(list.o)
 .debug_info    0x0000c62d      0x843 ..\Libraries\libFreeRTOS.a(timers.o)

.debug_abbrev   0x00000000     0x2214
 .debug_abbrev  0x00000000      0x11f src\uartTask.o
 .debug_abbrev  0x0000011f       0x12 src\startup.o
 .debug_abbrev  0x00000131       0xd3 src\parserTask.o
 .debug_abbrev  0x00000204       0x7a src\main.o
 .debug_abbrev  0x0000027e      0x12e src\interrupt_handler.o
 .debug_abbrev  0x000003ac      0x159 ..\Libraries\libBSP.a(stm32f4xx_usart.o)
 .debug_abbrev  0x00000505      0x135 ..\Libraries\libBSP.a(stm32f4xx_syscfg.o)
 .debug_abbrev  0x0000063a      0x1be ..\Libraries\libBSP.a(stm32f4xx_rcc.o)
 .debug_abbrev  0x000007f8      0x1a9 ..\Libraries\libBSP.a(stm32f4xx_exti.o)
 .debug_abbrev  0x000009a1      0x12b ..\Libraries\libBSP.a(misc.o)
 .debug_abbrev  0x00000acc      0x16d ..\Libraries\libBSP.a(uart.o)
 .debug_abbrev  0x00000c39      0x13a ..\Libraries\libBSP.a(system_stm32f4xx.o)
 .debug_abbrev  0x00000d73      0x1c3 ..\Libraries\libBSP.a(carme_io2.o)
 .debug_abbrev  0x00000f36      0x1c2 ..\Libraries\libBSP.a(carme.o)
 .debug_abbrev  0x000010f8      0x18b ..\Libraries\libBSP.a(stm32f4xx_tim.o)
 .debug_abbrev  0x00001283      0x16b ..\Libraries\libBSP.a(stm32f4xx_spi.o)
 .debug_abbrev  0x000013ee      0x1a7 ..\Libraries\libBSP.a(stm32f4xx_gpio.o)
 .debug_abbrev  0x00001595      0x174 ..\Libraries\libBSP.a(stm32f4xx_fsmc.o)
 .debug_abbrev  0x00001709      0x19a ..\Libraries\libBSP.a(stm32f4xx_adc.o)
 .debug_abbrev  0x000018a3      0x228 ..\Libraries\libFreeRTOS.a(tasks.o)
 .debug_abbrev  0x00001acb      0x1bc ..\Libraries\libFreeRTOS.a(queue.o)
 .debug_abbrev  0x00001c87      0x18c ..\Libraries\libFreeRTOS.a(heap_4.o)
 .debug_abbrev  0x00001e13      0x1b7 ..\Libraries\libFreeRTOS.a(port.o)
 .debug_abbrev  0x00001fca       0xc0 ..\Libraries\libFreeRTOS.a(list.o)
 .debug_abbrev  0x0000208a      0x18a ..\Libraries\libFreeRTOS.a(timers.o)

.debug_aranges  0x00000000     0x1088
 .debug_aranges
                0x00000000       0x30 src\uartTask.o
 .debug_aranges
                0x00000030       0x28 src\startup.o
 .debug_aranges
                0x00000058       0x20 src\parserTask.o
 .debug_aranges
                0x00000078       0x20 src\main.o
 .debug_aranges
                0x00000098       0x40 src\interrupt_handler.o
 .debug_aranges
                0x000000d8      0x100 ..\Libraries\libBSP.a(stm32f4xx_usart.o)
 .debug_aranges
                0x000001d8       0x50 ..\Libraries\libBSP.a(stm32f4xx_syscfg.o)
 .debug_aranges
                0x00000228      0x1b8 ..\Libraries\libBSP.a(stm32f4xx_rcc.o)
 .debug_aranges
                0x000003e0       0x58 ..\Libraries\libBSP.a(stm32f4xx_exti.o)
 .debug_aranges
                0x00000438       0x40 ..\Libraries\libBSP.a(misc.o)
 .debug_aranges
                0x00000478       0x48 ..\Libraries\libBSP.a(uart.o)
 .debug_aranges
                0x000004c0       0x30 ..\Libraries\libBSP.a(system_stm32f4xx.o)
 .debug_aranges
                0x000004f0       0x90 ..\Libraries\libBSP.a(carme_io2.o)
 .debug_aranges
                0x00000580       0x78 ..\Libraries\libBSP.a(carme.o)
 .debug_aranges
                0x000005f8      0x2f8 ..\Libraries\libBSP.a(stm32f4xx_tim.o)
 .debug_aranges
                0x000008f0       0xe0 ..\Libraries\libBSP.a(stm32f4xx_spi.o)
 .debug_aranges
                0x000009d0       0x88 ..\Libraries\libBSP.a(stm32f4xx_gpio.o)
 .debug_aranges
                0x00000a58       0xb0 ..\Libraries\libBSP.a(stm32f4xx_fsmc.o)
 .debug_aranges
                0x00000b08      0x148 ..\Libraries\libBSP.a(stm32f4xx_adc.o)
 .debug_aranges
                0x00000c50      0x188 ..\Libraries\libFreeRTOS.a(tasks.o)
 .debug_aranges
                0x00000dd8       0xf8 ..\Libraries\libFreeRTOS.a(queue.o)
 .debug_aranges
                0x00000ed0       0x50 ..\Libraries\libFreeRTOS.a(heap_4.o)
 .debug_aranges
                0x00000f20       0x98 ..\Libraries\libFreeRTOS.a(port.o)
 .debug_aranges
                0x00000fb8       0x40 ..\Libraries\libFreeRTOS.a(list.o)
 .debug_aranges
                0x00000ff8       0x90 ..\Libraries\libFreeRTOS.a(timers.o)

.debug_ranges   0x00000000      0xf00
 .debug_ranges  0x00000000       0x20 src\uartTask.o
 .debug_ranges  0x00000020       0x20 src\startup.o
 .debug_ranges  0x00000040       0x10 src\parserTask.o
 .debug_ranges  0x00000050       0x10 src\main.o
 .debug_ranges  0x00000060       0x30 src\interrupt_handler.o
 .debug_ranges  0x00000090       0xf0 ..\Libraries\libBSP.a(stm32f4xx_usart.o)
 .debug_ranges  0x00000180       0x40 ..\Libraries\libBSP.a(stm32f4xx_syscfg.o)
 .debug_ranges  0x000001c0      0x1a8 ..\Libraries\libBSP.a(stm32f4xx_rcc.o)
 .debug_ranges  0x00000368       0x48 ..\Libraries\libBSP.a(stm32f4xx_exti.o)
 .debug_ranges  0x000003b0       0x30 ..\Libraries\libBSP.a(misc.o)
 .debug_ranges  0x000003e0       0x38 ..\Libraries\libBSP.a(uart.o)
 .debug_ranges  0x00000418       0x20 ..\Libraries\libBSP.a(system_stm32f4xx.o)
 .debug_ranges  0x00000438       0x80 ..\Libraries\libBSP.a(carme_io2.o)
 .debug_ranges  0x000004b8       0x68 ..\Libraries\libBSP.a(carme.o)
 .debug_ranges  0x00000520      0x2e8 ..\Libraries\libBSP.a(stm32f4xx_tim.o)
 .debug_ranges  0x00000808       0xd0 ..\Libraries\libBSP.a(stm32f4xx_spi.o)
 .debug_ranges  0x000008d8       0x78 ..\Libraries\libBSP.a(stm32f4xx_gpio.o)
 .debug_ranges  0x00000950       0xa0 ..\Libraries\libBSP.a(stm32f4xx_fsmc.o)
 .debug_ranges  0x000009f0      0x138 ..\Libraries\libBSP.a(stm32f4xx_adc.o)
 .debug_ranges  0x00000b28      0x178 ..\Libraries\libFreeRTOS.a(tasks.o)
 .debug_ranges  0x00000ca0       0xe8 ..\Libraries\libFreeRTOS.a(queue.o)
 .debug_ranges  0x00000d88       0x40 ..\Libraries\libFreeRTOS.a(heap_4.o)
 .debug_ranges  0x00000dc8       0x88 ..\Libraries\libFreeRTOS.a(port.o)
 .debug_ranges  0x00000e50       0x30 ..\Libraries\libFreeRTOS.a(list.o)
 .debug_ranges  0x00000e80       0x80 ..\Libraries\libFreeRTOS.a(timers.o)

.debug_line     0x00000000     0x6255
 .debug_line    0x00000000      0x1de src\uartTask.o
 .debug_line    0x000001de       0x7b src\startup.o
 .debug_line    0x00000259      0x1ac src\parserTask.o
 .debug_line    0x00000405      0x162 src\main.o
 .debug_line    0x00000567      0x1fd src\interrupt_handler.o
 .debug_line    0x00000764      0x496 ..\Libraries\libBSP.a(stm32f4xx_usart.o)
 .debug_line    0x00000bfa      0x20f ..\Libraries\libBSP.a(stm32f4xx_syscfg.o)
 .debug_line    0x00000e09      0x62f ..\Libraries\libBSP.a(stm32f4xx_rcc.o)
 .debug_line    0x00001438      0x288 ..\Libraries\libBSP.a(stm32f4xx_exti.o)
 .debug_line    0x000016c0      0x231 ..\Libraries\libBSP.a(misc.o)
 .debug_line    0x000018f1      0x2ce ..\Libraries\libBSP.a(uart.o)
 .debug_line    0x00001bbf      0x203 ..\Libraries\libBSP.a(system_stm32f4xx.o)
 .debug_line    0x00001dc2      0x47d ..\Libraries\libBSP.a(carme_io2.o)
 .debug_line    0x0000223f      0x5ca ..\Libraries\libBSP.a(carme.o)
 .debug_line    0x00002809      0xa65 ..\Libraries\libBSP.a(stm32f4xx_tim.o)
 .debug_line    0x0000326e      0x448 ..\Libraries\libBSP.a(stm32f4xx_spi.o)
 .debug_line    0x000036b6      0x331 ..\Libraries\libBSP.a(stm32f4xx_gpio.o)
 .debug_line    0x000039e7      0x442 ..\Libraries\libBSP.a(stm32f4xx_fsmc.o)
 .debug_line    0x00003e29      0x540 ..\Libraries\libBSP.a(stm32f4xx_adc.o)
 .debug_line    0x00004369      0xb22 ..\Libraries\libFreeRTOS.a(tasks.o)
 .debug_line    0x00004e8b      0x7fb ..\Libraries\libFreeRTOS.a(queue.o)
 .debug_line    0x00005686      0x26f ..\Libraries\libFreeRTOS.a(heap_4.o)
 .debug_line    0x000058f5      0x390 ..\Libraries\libFreeRTOS.a(port.o)
 .debug_line    0x00005c85      0x207 ..\Libraries\libFreeRTOS.a(list.o)
 .debug_line    0x00005e8c      0x3c9 ..\Libraries\libFreeRTOS.a(timers.o)

.debug_str      0x00000000     0x5510
 .debug_str     0x00000000      0x85b src\uartTask.o
                                0x8dd (size before relaxing)
 .debug_str     0x0000085b      0x239 src\parserTask.o
                                0x43f (size before relaxing)
 .debug_str     0x00000a94       0x2d src\main.o
                                0x205 (size before relaxing)
 .debug_str     0x00000ac1      0x178 src\interrupt_handler.o
                                0x902 (size before relaxing)
 .debug_str     0x00000c39      0x466 ..\Libraries\libBSP.a(stm32f4xx_usart.o)
                                0x643 (size before relaxing)
 .debug_str     0x0000109f      0x15c ..\Libraries\libBSP.a(stm32f4xx_syscfg.o)
                                0x2cd (size before relaxing)
 .debug_str     0x000011fb      0x707 ..\Libraries\libBSP.a(stm32f4xx_rcc.o)
                                0x949 (size before relaxing)
 .debug_str     0x00001902       0xdf ..\Libraries\libBSP.a(stm32f4xx_exti.o)
                                0x315 (size before relaxing)
 .debug_str     0x000019e1      0x17d ..\Libraries\libBSP.a(misc.o)
                                0x38d (size before relaxing)
 .debug_str     0x00001b5e      0x272 ..\Libraries\libBSP.a(uart.o)
                                0x513 (size before relaxing)
 .debug_str     0x00001dd0       0x95 ..\Libraries\libBSP.a(system_stm32f4xx.o)
                                0x373 (size before relaxing)
 .debug_str     0x00001e65      0x5e0 ..\Libraries\libBSP.a(carme_io2.o)
                                0xbe7 (size before relaxing)
 .debug_str     0x00002445      0x35a ..\Libraries\libBSP.a(carme.o)
                                0x69d (size before relaxing)
 .debug_str     0x0000279f      0x9cc ..\Libraries\libBSP.a(stm32f4xx_tim.o)
                                0xd84 (size before relaxing)
 .debug_str     0x0000316b      0x2cd ..\Libraries\libBSP.a(stm32f4xx_spi.o)
                                0x651 (size before relaxing)
 .debug_str     0x00003438      0x137 ..\Libraries\libBSP.a(stm32f4xx_gpio.o)
                                0x454 (size before relaxing)
 .debug_str     0x0000356f      0x3b7 ..\Libraries\libBSP.a(stm32f4xx_fsmc.o)
                                0x748 (size before relaxing)
 .debug_str     0x00003926      0x49e ..\Libraries\libBSP.a(stm32f4xx_adc.o)
                                0x7b8 (size before relaxing)
 .debug_str     0x00003dc4      0xa55 ..\Libraries\libFreeRTOS.a(tasks.o)
                                0xbb0 (size before relaxing)
 .debug_str     0x00004819      0x46d ..\Libraries\libFreeRTOS.a(queue.o)
                                0x6f0 (size before relaxing)
 .debug_str     0x00004c86      0x209 ..\Libraries\libFreeRTOS.a(heap_4.o)
                                0x339 (size before relaxing)
 .debug_str     0x00004e8f      0x239 ..\Libraries\libFreeRTOS.a(port.o)
                                0x3c0 (size before relaxing)
 .debug_str     0x000050c8       0x9c ..\Libraries\libFreeRTOS.a(list.o)
                                0x271 (size before relaxing)
 .debug_str     0x00005164      0x3ac ..\Libraries\libFreeRTOS.a(timers.o)
                                0x609 (size before relaxing)

.comment        0x00000000      0x104
 .comment       0x00000000       0x82 src\uartTask.o
                                 0x83 (size before relaxing)
 .comment       0x00000000       0x83 src\parserTask.o
 .comment       0x00000000       0x83 src\main.o
 .comment       0x00000000       0x83 src\interrupt_handler.o
 .comment       0x00000082       0x82 ..\Libraries\libBSP.a(stm32f4xx_usart.o)
                                 0x83 (size before relaxing)
 .comment       0x00000000       0x83 ..\Libraries\libBSP.a(stm32f4xx_syscfg.o)
 .comment       0x00000000       0x83 ..\Libraries\libBSP.a(stm32f4xx_rcc.o)
 .comment       0x00000000       0x83 ..\Libraries\libBSP.a(stm32f4xx_exti.o)
 .comment       0x00000000       0x83 ..\Libraries\libBSP.a(misc.o)
 .comment       0x00000000       0x83 ..\Libraries\libBSP.a(uart.o)
 .comment       0x00000000       0x83 ..\Libraries\libBSP.a(system_stm32f4xx.o)
 .comment       0x00000000       0x83 ..\Libraries\libBSP.a(carme_io2.o)
 .comment       0x00000000       0x83 ..\Libraries\libBSP.a(carme.o)
 .comment       0x00000000       0x83 ..\Libraries\libBSP.a(stm32f4xx_tim.o)
 .comment       0x00000000       0x83 ..\Libraries\libBSP.a(stm32f4xx_spi.o)
 .comment       0x00000000       0x83 ..\Libraries\libBSP.a(stm32f4xx_gpio.o)
 .comment       0x00000000       0x83 ..\Libraries\libBSP.a(stm32f4xx_fsmc.o)
 .comment       0x00000000       0x83 ..\Libraries\libBSP.a(stm32f4xx_adc.o)
 .comment       0x00000000       0x83 ..\Libraries\libFreeRTOS.a(tasks.o)
 .comment       0x00000000       0x83 ..\Libraries\libFreeRTOS.a(queue.o)
 .comment       0x00000000       0x83 ..\Libraries\libFreeRTOS.a(heap_4.o)
 .comment       0x00000000       0x83 ..\Libraries\libFreeRTOS.a(port.o)
 .comment       0x00000000       0x83 ..\Libraries\libFreeRTOS.a(list.o)
 .comment       0x00000000       0x83 ..\Libraries\libFreeRTOS.a(timers.o)

.debug_frame    0x00000000     0x3478
 .debug_frame   0x00000000       0x70 src\uartTask.o
 .debug_frame   0x00000070       0x30 src\parserTask.o
 .debug_frame   0x000000a0       0x30 src\main.o
 .debug_frame   0x000000d0       0x9c src\interrupt_handler.o
 .debug_frame   0x0000016c       0x2c c:/program files (x86)/atollic/truestudio for arm pro 5.1.1/armtools/bin/../lib/gcc/arm-atollic-eabi/4.8.3/../../../../arm-atollic-eabi/lib/armv7e-m/softfp\libc_s.a(lib_a-init.o)
 .debug_frame   0x00000198      0x344 ..\Libraries\libBSP.a(stm32f4xx_usart.o)
 .debug_frame   0x000004dc       0xd8 ..\Libraries\libBSP.a(stm32f4xx_syscfg.o)
 .debug_frame   0x000005b4      0x5b8 ..\Libraries\libBSP.a(stm32f4xx_rcc.o)
 .debug_frame   0x00000b6c       0xec ..\Libraries\libBSP.a(stm32f4xx_exti.o)
 .debug_frame   0x00000c58       0x9c ..\Libraries\libBSP.a(misc.o)
 .debug_frame   0x00000cf4       0xd0 ..\Libraries\libBSP.a(uart.o)
 .debug_frame   0x00000dc4       0x64 ..\Libraries\libBSP.a(system_stm32f4xx.o)
 .debug_frame   0x00000e28      0x1f0 ..\Libraries\libBSP.a(carme_io2.o)
 .debug_frame   0x00001018      0x178 ..\Libraries\libBSP.a(carme.o)
 .debug_frame   0x00001190      0xa3c ..\Libraries\libBSP.a(stm32f4xx_tim.o)
 .debug_frame   0x00001bcc      0x2d0 ..\Libraries\libBSP.a(stm32f4xx_spi.o)
 .debug_frame   0x00001e9c      0x19c ..\Libraries\libBSP.a(stm32f4xx_gpio.o)
 .debug_frame   0x00002038      0x220 ..\Libraries\libBSP.a(stm32f4xx_fsmc.o)
 .debug_frame   0x00002258      0x434 ..\Libraries\libBSP.a(stm32f4xx_adc.o)
 .debug_frame   0x0000268c      0x598 ..\Libraries\libFreeRTOS.a(tasks.o)
 .debug_frame   0x00002c24      0x37c ..\Libraries\libFreeRTOS.a(queue.o)
 .debug_frame   0x00002fa0       0xd4 ..\Libraries\libFreeRTOS.a(heap_4.o)
 .debug_frame   0x00003074      0x188 ..\Libraries\libFreeRTOS.a(port.o)
 .debug_frame   0x000031fc       0x9c ..\Libraries\libFreeRTOS.a(list.o)
 .debug_frame   0x00003298      0x1e0 ..\Libraries\libFreeRTOS.a(timers.o)

.debug_loc      0x00000000     0x5e0a
 .debug_loc     0x00000000      0x658 ..\Libraries\libBSP.a(stm32f4xx_usart.o)
 .debug_loc     0x00000658      0x17c ..\Libraries\libBSP.a(stm32f4xx_syscfg.o)
 .debug_loc     0x000007d4      0xb3c ..\Libraries\libBSP.a(stm32f4xx_rcc.o)
 .debug_loc     0x00001310      0x1b4 ..\Libraries\libBSP.a(stm32f4xx_exti.o)
 .debug_loc     0x000014c4      0x118 ..\Libraries\libBSP.a(misc.o)
 .debug_loc     0x000015dc      0x150 ..\Libraries\libBSP.a(uart.o)
 .debug_loc     0x0000172c       0x9c ..\Libraries\libBSP.a(system_stm32f4xx.o)
 .debug_loc     0x000017c8      0x34a ..\Libraries\libBSP.a(carme_io2.o)
 .debug_loc     0x00001b12      0x268 ..\Libraries\libBSP.a(carme.o)
 .debug_loc     0x00001d7a     0x1420 ..\Libraries\libBSP.a(stm32f4xx_tim.o)
 .debug_loc     0x0000319a      0x578 ..\Libraries\libBSP.a(stm32f4xx_spi.o)
 .debug_loc     0x00003712      0x310 ..\Libraries\libBSP.a(stm32f4xx_gpio.o)
 .debug_loc     0x00003a22      0x41c ..\Libraries\libBSP.a(stm32f4xx_fsmc.o)
 .debug_loc     0x00003e3e      0x838 ..\Libraries\libBSP.a(stm32f4xx_adc.o)
 .debug_loc     0x00004676      0x9e0 ..\Libraries\libFreeRTOS.a(tasks.o)
 .debug_loc     0x00005056      0x620 ..\Libraries\libFreeRTOS.a(queue.o)
 .debug_loc     0x00005676      0x164 ..\Libraries\libFreeRTOS.a(heap_4.o)
 .debug_loc     0x000057da      0x1dc ..\Libraries\libFreeRTOS.a(port.o)
 .debug_loc     0x000059b6      0x118 ..\Libraries\libFreeRTOS.a(list.o)
 .debug_loc     0x00005ace      0x33c ..\Libraries\libFreeRTOS.a(timers.o)

Cross Reference Table

Symbol                                            File
ADC_AnalogWatchdogCmd                             ..\Libraries\libBSP.a(stm32f4xx_adc.o)
ADC_AnalogWatchdogSingleChannelConfig             ..\Libraries\libBSP.a(stm32f4xx_adc.o)
ADC_AnalogWatchdogThresholdsConfig                ..\Libraries\libBSP.a(stm32f4xx_adc.o)
ADC_AutoInjectedConvCmd                           ..\Libraries\libBSP.a(stm32f4xx_adc.o)
ADC_ClearFlag                                     ..\Libraries\libBSP.a(stm32f4xx_adc.o)
ADC_ClearITPendingBit                             ..\Libraries\libBSP.a(stm32f4xx_adc.o)
ADC_Cmd                                           ..\Libraries\libBSP.a(stm32f4xx_adc.o)
                                                  ..\Libraries\libBSP.a(carme_io2.o)
ADC_CommonInit                                    ..\Libraries\libBSP.a(stm32f4xx_adc.o)
                                                  ..\Libraries\libBSP.a(carme_io2.o)
ADC_CommonStructInit                              ..\Libraries\libBSP.a(stm32f4xx_adc.o)
ADC_ContinuousModeCmd                             ..\Libraries\libBSP.a(stm32f4xx_adc.o)
ADC_DMACmd                                        ..\Libraries\libBSP.a(stm32f4xx_adc.o)
ADC_DMARequestAfterLastTransferCmd                ..\Libraries\libBSP.a(stm32f4xx_adc.o)
ADC_DeInit                                        ..\Libraries\libBSP.a(stm32f4xx_adc.o)
                                                  ..\Libraries\libBSP.a(carme_io2.o)
ADC_DiscModeChannelCountConfig                    ..\Libraries\libBSP.a(stm32f4xx_adc.o)
ADC_DiscModeCmd                                   ..\Libraries\libBSP.a(stm32f4xx_adc.o)
ADC_EOCOnEachRegularChannelCmd                    ..\Libraries\libBSP.a(stm32f4xx_adc.o)
ADC_ExternalTrigInjectedConvConfig                ..\Libraries\libBSP.a(stm32f4xx_adc.o)
ADC_ExternalTrigInjectedConvEdgeConfig            ..\Libraries\libBSP.a(stm32f4xx_adc.o)
ADC_GetConversionValue                            ..\Libraries\libBSP.a(stm32f4xx_adc.o)
                                                  ..\Libraries\libBSP.a(carme_io2.o)
ADC_GetFlagStatus                                 ..\Libraries\libBSP.a(stm32f4xx_adc.o)
                                                  ..\Libraries\libBSP.a(carme_io2.o)
ADC_GetITStatus                                   ..\Libraries\libBSP.a(stm32f4xx_adc.o)
ADC_GetInjectedConversionValue                    ..\Libraries\libBSP.a(stm32f4xx_adc.o)
ADC_GetMultiModeConversionValue                   ..\Libraries\libBSP.a(stm32f4xx_adc.o)
ADC_GetSoftwareStartConvStatus                    ..\Libraries\libBSP.a(stm32f4xx_adc.o)
ADC_GetSoftwareStartInjectedConvCmdStatus         ..\Libraries\libBSP.a(stm32f4xx_adc.o)
ADC_IRQHandler                                    src\startup.o
ADC_ITConfig                                      ..\Libraries\libBSP.a(stm32f4xx_adc.o)
ADC_Init                                          ..\Libraries\libBSP.a(stm32f4xx_adc.o)
                                                  ..\Libraries\libBSP.a(carme_io2.o)
ADC_InjectedChannelConfig                         ..\Libraries\libBSP.a(stm32f4xx_adc.o)
ADC_InjectedDiscModeCmd                           ..\Libraries\libBSP.a(stm32f4xx_adc.o)
ADC_InjectedSequencerLengthConfig                 ..\Libraries\libBSP.a(stm32f4xx_adc.o)
ADC_MultiModeDMARequestAfterLastTransferCmd       ..\Libraries\libBSP.a(stm32f4xx_adc.o)
ADC_RegularChannelConfig                          ..\Libraries\libBSP.a(stm32f4xx_adc.o)
                                                  ..\Libraries\libBSP.a(carme_io2.o)
ADC_SetInjectedOffset                             ..\Libraries\libBSP.a(stm32f4xx_adc.o)
ADC_SoftwareStartConv                             ..\Libraries\libBSP.a(stm32f4xx_adc.o)
                                                  ..\Libraries\libBSP.a(carme_io2.o)
ADC_SoftwareStartInjectedConv                     ..\Libraries\libBSP.a(stm32f4xx_adc.o)
ADC_StructInit                                    ..\Libraries\libBSP.a(stm32f4xx_adc.o)
                                                  ..\Libraries\libBSP.a(carme_io2.o)
ADC_TempSensorVrefintCmd                          ..\Libraries\libBSP.a(stm32f4xx_adc.o)
ADC_VBATCmd                                       ..\Libraries\libBSP.a(stm32f4xx_adc.o)
AHBPrescTable                                     ..\Libraries\libBSP.a(system_stm32f4xx.o)
BusFault_Handler                                  src\startup.o
CAN1_RX0_IRQHandler                               src\startup.o
CAN1_RX1_IRQHandler                               src\startup.o
CAN1_SCE_IRQHandler                               src\startup.o
CAN1_TX_IRQHandler                                src\startup.o
CAN2_RX0_IRQHandler                               src\startup.o
CAN2_RX1_IRQHandler                               src\startup.o
CAN2_SCE_IRQHandler                               src\startup.o
CAN2_TX_IRQHandler                                src\startup.o
CARME_AGPIO_Get                                   ..\Libraries\libBSP.a(carme.o)
                                                  ..\Libraries\libBSP.a(carme_io2.o)
CARME_AGPIO_Set                                   ..\Libraries\libBSP.a(carme.o)
                                                  ..\Libraries\libBSP.a(carme_io2.o)
CARME_GPIO_Init                                   ..\Libraries\libBSP.a(carme.o)
                                                  ..\Libraries\libBSP.a(carme_io2.o)
                                                  ..\Libraries\libBSP.a(uart.o)
CARME_IO2_ADC_Get                                 ..\Libraries\libBSP.a(carme_io2.o)
                                                  src\parserTask.o
CARME_IO2_DAC_Set                                 ..\Libraries\libBSP.a(carme_io2.o)
CARME_IO2_GPIO_IN_Get                             ..\Libraries\libBSP.a(carme_io2.o)
CARME_IO2_GPIO_OUT_Set                            ..\Libraries\libBSP.a(carme_io2.o)
                                                  src\interrupt_handler.o
CARME_IO2_GPIO_Out_Settings                       ..\Libraries\libBSP.a(carme_io2.o)
                                                  src\parserTask.o
CARME_IO2_Init                                    ..\Libraries\libBSP.a(carme_io2.o)
                                                  src\interrupt_handler.o
                                                  src\parserTask.o
CARME_IO2_OPTO_IN_Get                             ..\Libraries\libBSP.a(carme_io2.o)
CARME_IO2_OPTO_OUT_Set                            ..\Libraries\libBSP.a(carme_io2.o)
CARME_IO2_PWM_Phase                               ..\Libraries\libBSP.a(carme_io2.o)
                                                  src\parserTask.o
CARME_IO2_PWM_Set                                 ..\Libraries\libBSP.a(carme_io2.o)
                                                  src\parserTask.o
CARME_IO2_PWM_Settings                            ..\Libraries\libBSP.a(carme_io2.o)
                                                  src\parserTask.o
CARME_IO2_SPI_CS_Out                              ..\Libraries\libBSP.a(carme_io2.o)
                                                  src\parserTask.o
CARME_IO2_SPI_Receive                             ..\Libraries\libBSP.a(carme_io2.o)
CARME_IO2_SPI_Select                              ..\Libraries\libBSP.a(carme_io2.o)
                                                  src\parserTask.o
CARME_IO2_SPI_Send                                ..\Libraries\libBSP.a(carme_io2.o)
                                                  src\parserTask.o
CARME_Init                                        ..\Libraries\libBSP.a(carme.o)
                                                  src\startup.o
CARME_LED_Green_Reset                             ..\Libraries\libBSP.a(carme.o)
CARME_LED_Green_Set                               ..\Libraries\libBSP.a(carme.o)
CARME_LED_Red_Reset                               ..\Libraries\libBSP.a(carme.o)
                                                  src\startup.o
CARME_LED_Red_Set                                 ..\Libraries\libBSP.a(carme.o)
                                                  src\startup.o
CARME_UART_GPIO_Init                              ..\Libraries\libBSP.a(uart.o)
CARME_UART_Init                                   ..\Libraries\libBSP.a(uart.o)
                                                  src\uartTask.o
CARME_UART_ReceiveChar                            ..\Libraries\libBSP.a(uart.o)
CARME_UART_ReceiveString                          ..\Libraries\libBSP.a(uart.o)
CARME_UART_SendChar                               ..\Libraries\libBSP.a(uart.o)
CARME_UART_SendString                             ..\Libraries\libBSP.a(uart.o)
CRYP_IRQHandler                                   src\startup.o
DCMI_IRQHandler                                   src\startup.o
DMA1_Stream0_IRQHandler                           src\startup.o
DMA1_Stream1_IRQHandler                           src\startup.o
DMA1_Stream2_IRQHandler                           src\startup.o
DMA1_Stream3_IRQHandler                           src\startup.o
DMA1_Stream4_IRQHandler                           src\startup.o
DMA1_Stream5_IRQHandler                           src\startup.o
DMA1_Stream6_IRQHandler                           src\startup.o
DMA1_Stream7_IRQHandler                           src\startup.o
DMA2_Stream0_IRQHandler                           src\startup.o
DMA2_Stream1_IRQHandler                           src\startup.o
DMA2_Stream2_IRQHandler                           src\startup.o
DMA2_Stream3_IRQHandler                           src\startup.o
DMA2_Stream4_IRQHandler                           src\startup.o
DMA2_Stream5_IRQHandler                           src\startup.o
DMA2_Stream6_IRQHandler                           src\startup.o
DMA2_Stream7_IRQHandler                           src\startup.o
DebugMon_Handler                                  src\startup.o
Default_Handler                                   src\startup.o
ETH_IRQHandler                                    src\startup.o
ETH_WKUP_IRQHandler                               src\startup.o
EXTI0_IRQHandler                                  src\startup.o
EXTI15_10_IRQHandler                              src\startup.o
EXTI1_IRQHandler                                  src\startup.o
EXTI2_IRQHandler                                  src\startup.o
EXTI3_IRQHandler                                  src\startup.o
EXTI4_IRQHandler                                  src\startup.o
EXTI9_5_IRQHandler                                src\startup.o
EXTI_ClearFlag                                    ..\Libraries\libBSP.a(stm32f4xx_exti.o)
EXTI_ClearITPendingBit                            ..\Libraries\libBSP.a(stm32f4xx_exti.o)
                                                  src\interrupt_handler.o
EXTI_DeInit                                       ..\Libraries\libBSP.a(stm32f4xx_exti.o)
EXTI_GenerateSWInterrupt                          ..\Libraries\libBSP.a(stm32f4xx_exti.o)
EXTI_GetFlagStatus                                ..\Libraries\libBSP.a(stm32f4xx_exti.o)
EXTI_GetITStatus                                  ..\Libraries\libBSP.a(stm32f4xx_exti.o)
                                                  src\interrupt_handler.o
EXTI_Init                                         ..\Libraries\libBSP.a(stm32f4xx_exti.o)
                                                  src\interrupt_handler.o
EXTI_StructInit                                   ..\Libraries\libBSP.a(stm32f4xx_exti.o)
EncoderChannelA_IRQ                               src\interrupt_handler.o
EncoderChannelB_IRQ                               src\interrupt_handler.o
EncoderChannelI_IRQ                               src\interrupt_handler.o
FLASH_IRQHandler                                  src\startup.o
FPU_IRQHandler                                    src\startup.o
FSMC_ClearFlag                                    ..\Libraries\libBSP.a(stm32f4xx_fsmc.o)
FSMC_ClearITPendingBit                            ..\Libraries\libBSP.a(stm32f4xx_fsmc.o)
FSMC_GetECC                                       ..\Libraries\libBSP.a(stm32f4xx_fsmc.o)
FSMC_GetFlagStatus                                ..\Libraries\libBSP.a(stm32f4xx_fsmc.o)
FSMC_GetITStatus                                  ..\Libraries\libBSP.a(stm32f4xx_fsmc.o)
FSMC_IRQHandler                                   src\startup.o
FSMC_ITConfig                                     ..\Libraries\libBSP.a(stm32f4xx_fsmc.o)
FSMC_NANDCmd                                      ..\Libraries\libBSP.a(stm32f4xx_fsmc.o)
FSMC_NANDDeInit                                   ..\Libraries\libBSP.a(stm32f4xx_fsmc.o)
FSMC_NANDECCCmd                                   ..\Libraries\libBSP.a(stm32f4xx_fsmc.o)
FSMC_NANDInit                                     ..\Libraries\libBSP.a(stm32f4xx_fsmc.o)
FSMC_NANDStructInit                               ..\Libraries\libBSP.a(stm32f4xx_fsmc.o)
FSMC_NORSRAMCmd                                   ..\Libraries\libBSP.a(stm32f4xx_fsmc.o)
                                                  ..\Libraries\libBSP.a(carme.o)
FSMC_NORSRAMDeInit                                ..\Libraries\libBSP.a(stm32f4xx_fsmc.o)
                                                  ..\Libraries\libBSP.a(carme.o)
FSMC_NORSRAMInit                                  ..\Libraries\libBSP.a(stm32f4xx_fsmc.o)
                                                  ..\Libraries\libBSP.a(carme.o)
FSMC_NORSRAMStructInit                            ..\Libraries\libBSP.a(stm32f4xx_fsmc.o)
FSMC_PCCARDCmd                                    ..\Libraries\libBSP.a(stm32f4xx_fsmc.o)
FSMC_PCCARDDeInit                                 ..\Libraries\libBSP.a(stm32f4xx_fsmc.o)
FSMC_PCCARDInit                                   ..\Libraries\libBSP.a(stm32f4xx_fsmc.o)
FSMC_PCCARDStructInit                             ..\Libraries\libBSP.a(stm32f4xx_fsmc.o)
GPIO_DeInit                                       ..\Libraries\libBSP.a(stm32f4xx_gpio.o)
                                                  ..\Libraries\libBSP.a(carme.o)
GPIO_Init                                         ..\Libraries\libBSP.a(stm32f4xx_gpio.o)
                                                  ..\Libraries\libBSP.a(carme.o)
GPIO_PinAFConfig                                  ..\Libraries\libBSP.a(stm32f4xx_gpio.o)
                                                  ..\Libraries\libBSP.a(carme.o)
GPIO_PinLockConfig                                ..\Libraries\libBSP.a(stm32f4xx_gpio.o)
GPIO_ReadInputData                                ..\Libraries\libBSP.a(stm32f4xx_gpio.o)
GPIO_ReadInputDataBit                             ..\Libraries\libBSP.a(stm32f4xx_gpio.o)
                                                  ..\Libraries\libBSP.a(carme.o)
                                                  ..\Libraries\libBSP.a(carme_io2.o)
GPIO_ReadOutputData                               ..\Libraries\libBSP.a(stm32f4xx_gpio.o)
GPIO_ReadOutputDataBit                            ..\Libraries\libBSP.a(stm32f4xx_gpio.o)
                                                  ..\Libraries\libBSP.a(carme.o)
GPIO_ResetBits                                    ..\Libraries\libBSP.a(stm32f4xx_gpio.o)
GPIO_SetBits                                      ..\Libraries\libBSP.a(stm32f4xx_gpio.o)
GPIO_StructInit                                   ..\Libraries\libBSP.a(stm32f4xx_gpio.o)
                                                  ..\Libraries\libBSP.a(carme.o)
                                                  ..\Libraries\libBSP.a(carme_io2.o)
                                                  ..\Libraries\libBSP.a(uart.o)
GPIO_ToggleBits                                   ..\Libraries\libBSP.a(stm32f4xx_gpio.o)
GPIO_Write                                        ..\Libraries\libBSP.a(stm32f4xx_gpio.o)
GPIO_WriteBit                                     ..\Libraries\libBSP.a(stm32f4xx_gpio.o)
                                                  ..\Libraries\libBSP.a(carme.o)
                                                  ..\Libraries\libBSP.a(carme_io2.o)
HASH_RNG_IRQHandler                               src\startup.o
HardFault_Handler                                 src\startup.o
I2C1_ER_IRQHandler                                src\startup.o
I2C1_EV_IRQHandler                                src\startup.o
I2C2_ER_IRQHandler                                src\startup.o
I2C2_EV_IRQHandler                                src\startup.o
I2C3_ER_IRQHandler                                src\startup.o
I2C3_EV_IRQHandler                                src\startup.o
I2S_Cmd                                           ..\Libraries\libBSP.a(stm32f4xx_spi.o)
I2S_FullDuplexConfig                              ..\Libraries\libBSP.a(stm32f4xx_spi.o)
I2S_Init                                          ..\Libraries\libBSP.a(stm32f4xx_spi.o)
I2S_StructInit                                    ..\Libraries\libBSP.a(stm32f4xx_spi.o)
MemManage_Handler                                 src\startup.o
MyEXTI9_5_IRQHandler                              src\interrupt_handler.o
                                                  src\startup.o
NMI_Handler                                       src\startup.o
NVIC_Init                                         ..\Libraries\libBSP.a(misc.o)
                                                  src\interrupt_handler.o
                                                  src\uartTask.o
NVIC_PriorityGroupConfig                          ..\Libraries\libBSP.a(misc.o)
                                                  src\main.o
NVIC_SetVectorTable                               ..\Libraries\libBSP.a(misc.o)
NVIC_SystemLPConfig                               ..\Libraries\libBSP.a(misc.o)
OTG_FS_IRQHandler                                 src\startup.o
OTG_FS_WKUP_IRQHandler                            src\startup.o
OTG_HS_EP1_IN_IRQHandler                          src\startup.o
OTG_HS_EP1_OUT_IRQHandler                         src\startup.o
OTG_HS_IRQHandler                                 src\startup.o
OTG_HS_WKUP_IRQHandler                            src\startup.o
PVD_IRQHandler                                    src\startup.o
PendSV_Handler                                    ..\Libraries\libFreeRTOS.a(port.o)
                                                  src\startup.o
RCC_AHB1PeriphClockCmd                            ..\Libraries\libBSP.a(stm32f4xx_rcc.o)
                                                  ..\Libraries\libBSP.a(carme.o)
RCC_AHB1PeriphClockLPModeCmd                      ..\Libraries\libBSP.a(stm32f4xx_rcc.o)
RCC_AHB1PeriphResetCmd                            ..\Libraries\libBSP.a(stm32f4xx_rcc.o)
                                                  ..\Libraries\libBSP.a(stm32f4xx_gpio.o)
RCC_AHB2PeriphClockCmd                            ..\Libraries\libBSP.a(stm32f4xx_rcc.o)
RCC_AHB2PeriphClockLPModeCmd                      ..\Libraries\libBSP.a(stm32f4xx_rcc.o)
RCC_AHB2PeriphResetCmd                            ..\Libraries\libBSP.a(stm32f4xx_rcc.o)
RCC_AHB3PeriphClockCmd                            ..\Libraries\libBSP.a(stm32f4xx_rcc.o)
                                                  ..\Libraries\libBSP.a(carme.o)
RCC_AHB3PeriphClockLPModeCmd                      ..\Libraries\libBSP.a(stm32f4xx_rcc.o)
RCC_AHB3PeriphResetCmd                            ..\Libraries\libBSP.a(stm32f4xx_rcc.o)
RCC_APB1PeriphClockCmd                            ..\Libraries\libBSP.a(stm32f4xx_rcc.o)
                                                  ..\Libraries\libBSP.a(carme_io2.o)
                                                  ..\Libraries\libBSP.a(uart.o)
RCC_APB1PeriphClockLPModeCmd                      ..\Libraries\libBSP.a(stm32f4xx_rcc.o)
RCC_APB1PeriphResetCmd                            ..\Libraries\libBSP.a(stm32f4xx_rcc.o)
                                                  ..\Libraries\libBSP.a(stm32f4xx_spi.o)
                                                  ..\Libraries\libBSP.a(stm32f4xx_tim.o)
                                                  ..\Libraries\libBSP.a(stm32f4xx_usart.o)
RCC_APB2PeriphClockCmd                            ..\Libraries\libBSP.a(stm32f4xx_rcc.o)
                                                  ..\Libraries\libBSP.a(carme.o)
                                                  ..\Libraries\libBSP.a(carme_io2.o)
                                                  ..\Libraries\libBSP.a(uart.o)
RCC_APB2PeriphClockLPModeCmd                      ..\Libraries\libBSP.a(stm32f4xx_rcc.o)
RCC_APB2PeriphResetCmd                            ..\Libraries\libBSP.a(stm32f4xx_rcc.o)
                                                  ..\Libraries\libBSP.a(stm32f4xx_adc.o)
                                                  ..\Libraries\libBSP.a(stm32f4xx_spi.o)
                                                  ..\Libraries\libBSP.a(stm32f4xx_tim.o)
                                                  ..\Libraries\libBSP.a(stm32f4xx_syscfg.o)
                                                  ..\Libraries\libBSP.a(stm32f4xx_usart.o)
RCC_AdjustHSICalibrationValue                     ..\Libraries\libBSP.a(stm32f4xx_rcc.o)
RCC_BackupResetCmd                                ..\Libraries\libBSP.a(stm32f4xx_rcc.o)
RCC_ClearFlag                                     ..\Libraries\libBSP.a(stm32f4xx_rcc.o)
RCC_ClearITPendingBit                             ..\Libraries\libBSP.a(stm32f4xx_rcc.o)
RCC_ClockSecuritySystemCmd                        ..\Libraries\libBSP.a(stm32f4xx_rcc.o)
RCC_DeInit                                        ..\Libraries\libBSP.a(stm32f4xx_rcc.o)
RCC_GetClocksFreq                                 ..\Libraries\libBSP.a(stm32f4xx_rcc.o)
                                                  ..\Libraries\libBSP.a(stm32f4xx_usart.o)
RCC_GetFlagStatus                                 ..\Libraries\libBSP.a(stm32f4xx_rcc.o)
RCC_GetITStatus                                   ..\Libraries\libBSP.a(stm32f4xx_rcc.o)
RCC_GetSYSCLKSource                               ..\Libraries\libBSP.a(stm32f4xx_rcc.o)
RCC_HCLKConfig                                    ..\Libraries\libBSP.a(stm32f4xx_rcc.o)
RCC_HSEConfig                                     ..\Libraries\libBSP.a(stm32f4xx_rcc.o)
RCC_HSICmd                                        ..\Libraries\libBSP.a(stm32f4xx_rcc.o)
RCC_I2SCLKConfig                                  ..\Libraries\libBSP.a(stm32f4xx_rcc.o)
RCC_IRQHandler                                    src\startup.o
RCC_ITConfig                                      ..\Libraries\libBSP.a(stm32f4xx_rcc.o)
RCC_LSEConfig                                     ..\Libraries\libBSP.a(stm32f4xx_rcc.o)
RCC_LSICmd                                        ..\Libraries\libBSP.a(stm32f4xx_rcc.o)
RCC_LTDCCLKDivConfig                              ..\Libraries\libBSP.a(stm32f4xx_rcc.o)
RCC_MCO1Config                                    ..\Libraries\libBSP.a(stm32f4xx_rcc.o)
RCC_MCO2Config                                    ..\Libraries\libBSP.a(stm32f4xx_rcc.o)
RCC_PCLK1Config                                   ..\Libraries\libBSP.a(stm32f4xx_rcc.o)
RCC_PCLK2Config                                   ..\Libraries\libBSP.a(stm32f4xx_rcc.o)
RCC_PLLCmd                                        ..\Libraries\libBSP.a(stm32f4xx_rcc.o)
RCC_PLLConfig                                     ..\Libraries\libBSP.a(stm32f4xx_rcc.o)
RCC_PLLI2SCmd                                     ..\Libraries\libBSP.a(stm32f4xx_rcc.o)
RCC_PLLI2SConfig                                  ..\Libraries\libBSP.a(stm32f4xx_rcc.o)
RCC_PLLSAICmd                                     ..\Libraries\libBSP.a(stm32f4xx_rcc.o)
RCC_PLLSAIConfig                                  ..\Libraries\libBSP.a(stm32f4xx_rcc.o)
RCC_RTCCLKCmd                                     ..\Libraries\libBSP.a(stm32f4xx_rcc.o)
RCC_RTCCLKConfig                                  ..\Libraries\libBSP.a(stm32f4xx_rcc.o)
RCC_SAIBlockACLKConfig                            ..\Libraries\libBSP.a(stm32f4xx_rcc.o)
RCC_SAIBlockBCLKConfig                            ..\Libraries\libBSP.a(stm32f4xx_rcc.o)
RCC_SAIPLLI2SClkDivConfig                         ..\Libraries\libBSP.a(stm32f4xx_rcc.o)
RCC_SAIPLLSAIClkDivConfig                         ..\Libraries\libBSP.a(stm32f4xx_rcc.o)
RCC_SYSCLKConfig                                  ..\Libraries\libBSP.a(stm32f4xx_rcc.o)
RCC_TIMCLKPresConfig                              ..\Libraries\libBSP.a(stm32f4xx_rcc.o)
RCC_WaitForHSEStartUp                             ..\Libraries\libBSP.a(stm32f4xx_rcc.o)
RTC_Alarm_IRQHandler                              src\startup.o
RTC_WKUP_IRQHandler                               src\startup.o
Reset_Handler                                     src\startup.o
SDIO_IRQHandler                                   src\startup.o
SPI1_IRQHandler                                   src\startup.o
SPI2_IRQHandler                                   src\startup.o
SPI3_IRQHandler                                   src\startup.o
SPI_BiDirectionalLineConfig                       ..\Libraries\libBSP.a(stm32f4xx_spi.o)
SPI_CalculateCRC                                  ..\Libraries\libBSP.a(stm32f4xx_spi.o)
SPI_Cmd                                           ..\Libraries\libBSP.a(stm32f4xx_spi.o)
                                                  ..\Libraries\libBSP.a(carme_io2.o)
SPI_DataSizeConfig                                ..\Libraries\libBSP.a(stm32f4xx_spi.o)
SPI_GetCRC                                        ..\Libraries\libBSP.a(stm32f4xx_spi.o)
SPI_GetCRCPolynomial                              ..\Libraries\libBSP.a(stm32f4xx_spi.o)
SPI_I2S_ClearFlag                                 ..\Libraries\libBSP.a(stm32f4xx_spi.o)
SPI_I2S_ClearITPendingBit                         ..\Libraries\libBSP.a(stm32f4xx_spi.o)
SPI_I2S_DMACmd                                    ..\Libraries\libBSP.a(stm32f4xx_spi.o)
SPI_I2S_DeInit                                    ..\Libraries\libBSP.a(stm32f4xx_spi.o)
                                                  ..\Libraries\libBSP.a(carme_io2.o)
SPI_I2S_GetFlagStatus                             ..\Libraries\libBSP.a(stm32f4xx_spi.o)
                                                  ..\Libraries\libBSP.a(carme_io2.o)
SPI_I2S_GetITStatus                               ..\Libraries\libBSP.a(stm32f4xx_spi.o)
SPI_I2S_ITConfig                                  ..\Libraries\libBSP.a(stm32f4xx_spi.o)
SPI_I2S_ReceiveData                               ..\Libraries\libBSP.a(stm32f4xx_spi.o)
                                                  ..\Libraries\libBSP.a(carme_io2.o)
SPI_I2S_SendData                                  ..\Libraries\libBSP.a(stm32f4xx_spi.o)
                                                  ..\Libraries\libBSP.a(carme_io2.o)
SPI_Init                                          ..\Libraries\libBSP.a(stm32f4xx_spi.o)
                                                  ..\Libraries\libBSP.a(carme_io2.o)
SPI_NSSInternalSoftwareConfig                     ..\Libraries\libBSP.a(stm32f4xx_spi.o)
SPI_SSOutputCmd                                   ..\Libraries\libBSP.a(stm32f4xx_spi.o)
SPI_StructInit                                    ..\Libraries\libBSP.a(stm32f4xx_spi.o)
                                                  ..\Libraries\libBSP.a(carme_io2.o)
SPI_TIModeCmd                                     ..\Libraries\libBSP.a(stm32f4xx_spi.o)
SPI_TransmitCRC                                   ..\Libraries\libBSP.a(stm32f4xx_spi.o)
SVC_Handler                                       ..\Libraries\libFreeRTOS.a(port.o)
                                                  src\startup.o
SYSCFG_CompensationCellCmd                        ..\Libraries\libBSP.a(stm32f4xx_syscfg.o)
SYSCFG_DeInit                                     ..\Libraries\libBSP.a(stm32f4xx_syscfg.o)
SYSCFG_ETH_MediaInterfaceConfig                   ..\Libraries\libBSP.a(stm32f4xx_syscfg.o)
SYSCFG_EXTILineConfig                             ..\Libraries\libBSP.a(stm32f4xx_syscfg.o)
                                                  src\interrupt_handler.o
SYSCFG_GetCompensationCellStatus                  ..\Libraries\libBSP.a(stm32f4xx_syscfg.o)
SYSCFG_MemoryRemapConfig                          ..\Libraries\libBSP.a(stm32f4xx_syscfg.o)
SYSCFG_MemorySwappingBank                         ..\Libraries\libBSP.a(stm32f4xx_syscfg.o)
SysTick_CLKSourceConfig                           ..\Libraries\libBSP.a(misc.o)
SysTick_Handler                                   ..\Libraries\libFreeRTOS.a(port.o)
                                                  src\startup.o
SystemCoreClock                                   ..\Libraries\libBSP.a(system_stm32f4xx.o)