Archive member included because of file (symbol)

c:/program files/atollic/truestudio for arm pro 5.1.1/armtools/bin/../lib/gcc/arm-atollic-eabi/4.8.3/../../../../arm-atollic-eabi/lib/armv7e-m/softfp\libc_s.a(lib_a-init.o)
                              src\startup.o (__libc_init_array)
c:/program files/atollic/truestudio for arm pro 5.1.1/armtools/bin/../lib/gcc/arm-atollic-eabi/4.8.3/../../../../arm-atollic-eabi/lib/armv7e-m/softfp\libc_s.a(lib_a-reent.o)
                              src\syscalls.o (errno)
c:/program files/atollic/truestudio for arm pro 5.1.1/armtools/bin/../lib/gcc/arm-atollic-eabi/4.8.3/../../../../arm-atollic-eabi/lib/armv7e-m/softfp\libc_s.a(lib_a-strcpy.o)
                              src\uartTask.o (strcpy)
c:/program files/atollic/truestudio for arm pro 5.1.1/armtools/bin/../lib/gcc/arm-atollic-eabi/4.8.3/../../../../arm-atollic-eabi/lib/armv7e-m/softfp\libc_s.a(lib_a-strlen.o)
                              src\tiny_printf.o (strlen)
c:/program files/atollic/truestudio for arm pro 5.1.1/armtools/bin/../lib/gcc/arm-atollic-eabi/4.8.3/../../../../arm-atollic-eabi/lib/armv7e-m/softfp\libc_s.a(lib_a-impure.o)
                              c:/program files/atollic/truestudio for arm pro 5.1.1/armtools/bin/../lib/gcc/arm-atollic-eabi/4.8.3/../../../../arm-atollic-eabi/lib/armv7e-m/softfp\libc_s.a(lib_a-reent.o) (_impure_ptr)
c:/program files/atollic/truestudio for arm pro 5.1.1/armtools/bin/../lib/gcc/arm-atollic-eabi/4.8.3/../../../../arm-atollic-eabi/lib/armv7e-m/softfp\libc_s.a(lib_a-nano-freer.o)
                              c:/program files/atollic/truestudio for arm pro 5.1.1/armtools/bin/../lib/gcc/arm-atollic-eabi/4.8.3/../../../../arm-atollic-eabi/lib/armv7e-m/softfp\libc_s.a(lib_a-reent.o) (_free_r)
c:/program files/atollic/truestudio for arm pro 5.1.1/armtools/bin/../lib/gcc/arm-atollic-eabi/4.8.3/../../../../arm-atollic-eabi/lib/armv7e-m/softfp\libc_s.a(lib_a-nano-mallocr.o)
                              c:/program files/atollic/truestudio for arm pro 5.1.1/armtools/bin/../lib/gcc/arm-atollic-eabi/4.8.3/../../../../arm-atollic-eabi/lib/armv7e-m/softfp\libc_s.a(lib_a-nano-freer.o) (__malloc_free_list)
c:/program files/atollic/truestudio for arm pro 5.1.1/armtools/bin/../lib/gcc/arm-atollic-eabi/4.8.3/../../../../arm-atollic-eabi/lib/armv7e-m/softfp\libc_s.a(lib_a-sbrkr.o)
                              c:/program files/atollic/truestudio for arm pro 5.1.1/armtools/bin/../lib/gcc/arm-atollic-eabi/4.8.3/../../../../arm-atollic-eabi/lib/armv7e-m/softfp\libc_s.a(lib_a-nano-mallocr.o) (_sbrk_r)
..\Libraries\libBSP.a(stm32f4xx_usart.o)
                              src\uartTask.o (USART_StructInit)
..\Libraries\libBSP.a(stm32f4xx_tim.o)
                              src\parserTask.o (TIM_TimeBaseInit)
..\Libraries\libBSP.a(stm32f4xx_syscfg.o)
                              src\interrupt_handler.o (SYSCFG_EXTILineConfig)
..\Libraries\libBSP.a(stm32f4xx_rcc.o)
                              ..\Libraries\libBSP.a(stm32f4xx_usart.o) (RCC_GetClocksFreq)
..\Libraries\libBSP.a(stm32f4xx_exti.o)
                              src\interrupt_handler.o (EXTI_Init)
..\Libraries\libBSP.a(misc.o)
                              src\main.o (NVIC_PriorityGroupConfig)
..\Libraries\libBSP.a(uart.o)
                              src\uartTask.o (CARME_UART_Init)
..\Libraries\libBSP.a(system_stm32f4xx.o)
                              src\parserTask.o (SystemCoreClock)
..\Libraries\libBSP.a(ssd1963.o)
                              src\main.o (SSD1963_Init)
..\Libraries\libBSP.a(carme_io2.o)
                              src\parserTask.o (CARME_IO2_Init)
..\Libraries\libBSP.a(carme_io1.o)
                              src\parserTask.o (CARME_IO1_Init)
..\Libraries\libBSP.a(carme.o)
                              src\startup.o (CARME_Init)
..\Libraries\libBSP.a(stm32f4xx_spi.o)
                              ..\Libraries\libBSP.a(carme_io2.o) (SPI_I2S_DeInit)
..\Libraries\libBSP.a(stm32f4xx_gpio.o)
                              ..\Libraries\libBSP.a(carme.o) (GPIO_DeInit)
..\Libraries\libBSP.a(stm32f4xx_fsmc.o)
                              ..\Libraries\libBSP.a(carme.o) (FSMC_NORSRAMDeInit)
..\Libraries\libBSP.a(stm32f4xx_adc.o)
                              ..\Libraries\libBSP.a(carme_io2.o) (ADC_DeInit)
..\Libraries\libBSP.a(ssd1963_lld.o)
                              ..\Libraries\libBSP.a(ssd1963.o) (SSD1963_LLD_Init)
..\Libraries\libsGUI.a(text.o)
                              src\main.o (LCD_SetFont)
..\Libraries\libsGUI.a(geometry.o)
                              ..\Libraries\libsGUI.a(text.o) (LCD_DrawRectF)
..\Libraries\libsGUI.a(font.o)
                              ..\Libraries\libsGUI.a(text.o) (font_5x8)
..\Libraries\libFreeRTOS.a(memPoolService.o)
                              src\uartTask.o (eMemCreateMemoryPool)
..\Libraries\libFreeRTOS.a(tasks.o)
                              src\main.o (xTaskGenericCreate)
[...]
Memory Configuration

Name             Origin             Length             Attributes
FLASH            0x08000000         0x00100000         xr
RAM              0x20000000         0x00020000         xrw
MEMORY_B1        0x60000000         0x00000000         xr
CCMRAM           0x10000000         0x00010000         rw
*default*        0x00000000         0xffffffff

Linker script and memory map

LOAD c:/program files/atollic/truestudio for arm pro 5.1.1/armtools/bin/../lib/gcc/arm-atollic-eabi/4.8.3/armv7e-m/softfp/crti.o
LOAD c:/program files/atollic/truestudio for arm pro 5.1.1/armtools/bin/../lib/gcc/arm-atollic-eabi/4.8.3/armv7e-m/softfp/crtbegin.o
LOAD src\uartTask.o
LOAD src\tiny_printf.o
LOAD src\syscalls.o
LOAD src\startup.o
LOAD src\parserTask.o
LOAD src\outputTask.o
LOAD src\main.o
LOAD src\lookup.o
LOAD src\lcdTask.o
LOAD src\interrupt_handler.o
START GROUP
LOAD c:/program files/atollic/truestudio for arm pro 5.1.1/armtools/bin/../lib/gcc/arm-atollic-eabi/4.8.3/../../../../arm-atollic-eabi/lib/armv7e-m/softfp\libc_s.a
LOAD c:/program files/atollic/truestudio for arm pro 5.1.1/armtools/bin/../lib/gcc/arm-atollic-eabi/4.8.3/../../../../arm-atollic-eabi/lib/armv7e-m/softfp\libm.a
END GROUP
                0x00001000                malloc_getpagesize_P = 0x1000
START GROUP
LOAD c:/program files/atollic/truestudio for arm pro 5.1.1/armtools/bin/../lib/gcc/arm-atollic-eabi/4.8.3/armv7e-m/softfp\libgcc.a
LOAD c:/program files/atollic/truestudio for arm pro 5.1.1/armtools/bin/../lib/gcc/arm-atollic-eabi/4.8.3/../../../../arm-atollic-eabi/lib/armv7e-m/softfp\libc.a
END GROUP
LOAD c:/program files/atollic/truestudio for arm pro 5.1.1/armtools/bin/../lib/gcc/arm-atollic-eabi/4.8.3/armv7e-m/softfp/crtend.o
LOAD c:/program files/atollic/truestudio for arm pro 5.1.1/armtools/bin/../lib/gcc/arm-atollic-eabi/4.8.3/armv7e-m/softfp/crtn.o
LOAD ..\Libraries\libBSP.a
LOAD ..\Libraries\libsGUI.a
LOAD ..\Libraries\libFreeRTOS.a
                0x20020000                _estack = 0x20020000
                0x00001000                _Min_Heap_Size = 0x1000
                0x00001000                _Min_Stack_Size = 0x1000

.isr_vector     0x08000000      0x188
                0x08000000                . = ALIGN (0x4)
 *(.isr_vector)
 .isr_vector    0x08000000      0x188 src\startup.o
                0x08000000                g_pfnVectors
                0x08000188                . = ALIGN (0x4)

.text           0x08000188     0x7c08
                0x08000188                . = ALIGN (0x4)
 *(.text)
 .text          0x08000188       0x54 c:/program files/atollic/truestudio for arm pro 5.1.1/armtools/bin/../lib/gcc/arm-atollic-eabi/4.8.3/armv7e-m/softfp/crtbegin.o
 .text          0x080001dc       0x2c c:/program files/atollic/truestudio for arm pro 5.1.1/armtools/bin/../lib/gcc/arm-atollic-eabi/4.8.3/armv7e-m/softfp\libgcc.a(_aeabi_uldivmod.o)
                0x080001dc                __aeabi_uldivmod
 .text          0x08000208       0x60 c:/program files/atollic/truestudio for arm pro 5.1.1/armtools/bin/../lib/gcc/arm-atollic-eabi/4.8.3/armv7e-m/softfp\libgcc.a(bpabi.o)
                0x08000208                __gnu_ldivmod_helper
                0x08000238                __gnu_uldivmod_helper
 .text          0x08000268        0x4 c:/program files/atollic/truestudio for arm pro 5.1.1/armtools/bin/../lib/gcc/arm-atollic-eabi/4.8.3/armv7e-m/softfp\libgcc.a(_dvmd_tls.o)
                0x08000268                __aeabi_idiv0
                0x08000268                __aeabi_ldiv0
 .text          0x0800026c      0x298 c:/program files/atollic/truestudio for arm pro 5.1.1/armtools/bin/../lib/gcc/arm-atollic-eabi/4.8.3/armv7e-m/softfp\libgcc.a(_divdi3.o)
                0x0800026c                __divdi3
 .text          0x08000504      0x284 c:/program files/atollic/truestudio for arm pro 5.1.1/armtools/bin/../lib/gcc/arm-atollic-eabi/4.8.3/armv7e-m/softfp\libgcc.a(_udivdi3.o)
                0x08000504                __udivdi3
 *(.text*)
 .text.uartTaskInit
                0x08000788       0x70 src\uartTask.o
                0x08000788                uartTaskInit
 .text.uartTask
                0x080007f8       0xfc src\uartTask.o
                0x080007f8                uartTask
 .text.completedString
                0x080008f4       0xcc src\uartTask.o
                0x080008f4                completedString
 .text.uart_init
                0x080009c0       0x60 src\uartTask.o
                0x080009c0                uart_init
 .text.USART1_IRQHandler
                0x08000a20       0x4c src\uartTask.o
                0x08000a20                USART1_IRQHandler
 .text.ts_itoa  0x08000a6c       0x90 src\tiny_printf.o
                0x08000a6c                ts_itoa
 .text.ts_formatstring
                0x08000afc      0x134 src\tiny_printf.o
                0x08000afc                ts_formatstring
 .text.siprintf
                0x08000c30       0x2c src\tiny_printf.o
                0x08000c30                siprintf
                0x08000c30                sprintf
 .text.Reset_Handler
                0x08000c5c       0x58 src\startup.o
                0x08000c5c                Reset_Handler
 .text.Default_Handler
                0x08000cb4       0x24 src\startup.o
                0x08000cbe                RTC_Alarm_IRQHandler
                0x08000cbe                HASH_RNG_IRQHandler
                0x08000cbe                EXTI2_IRQHandler
                0x08000cbe                TIM8_CC_IRQHandler
                0x08000cbe                DebugMon_Handler
                0x08000cbe                TIM1_CC_IRQHandler
                0x08000cbe                DMA2_Stream5_IRQHandler
                0x08000cbe                HardFault_Handler
                0x08000cbe                DMA1_Stream5_IRQHandler
                0x08000cbe                PVD_IRQHandler
                0x08000cbe                SDIO_IRQHandler
                0x08000cbe                TAMP_STAMP_IRQHandler
                0x08000cbe                NMI_Handler
                0x08000cbe                CAN2_RX1_IRQHandler
                0x08000cbe                EXTI3_IRQHandler
                0x08000cbe                TIM8_TRG_COM_TIM14_IRQHandler
                0x08000cbe                TIM1_UP_TIM10_IRQHandler
                0x08000cbe                TIM8_UP_TIM13_IRQHandler
                0x08000cbe                I2C3_ER_IRQHandler
                0x08000cbe                EXTI0_IRQHandler
                0x08000cbe                I2C2_EV_IRQHandler
                0x08000cbe                DMA1_Stream2_IRQHandler
                0x08000cbe                CAN1_RX0_IRQHandler
                0x08000cbe                FPU_IRQHandler
                0x08000cbe                OTG_HS_WKUP_IRQHandler
                0x08000cbe                UsageFault_Handler
                0x08000cbe                CAN2_SCE_IRQHandler
                0x08000cbe                DMA2_Stream2_IRQHandler
                0x08000cbe                SPI1_IRQHandler
                0x08000cbe                TIM6_DAC_IRQHandler
                0x08000cbe                TIM1_BRK_TIM9_IRQHandler
                0x08000cbe                DCMI_IRQHandler
                0x08000cbe                CAN2_RX0_IRQHandler
                0x08000cbe                DMA2_Stream3_IRQHandler
                0x08000cbe                USART6_IRQHandler
                0x08000cbe                USART3_IRQHandler
                0x08000cbe                CRYP_IRQHandler
                0x08000cbe                CAN1_RX1_IRQHandler
                0x08000cbe                UART5_IRQHandler
                0x08000cbe                DMA2_Stream0_IRQHandler
                0x08000cbe                vApplicationMallocFailedHook
                0x08000cbe                I2C1_EV_IRQHandler
                0x08000cbe                DMA1_Stream6_IRQHandler
                0x08000cbe                DMA1_Stream1_IRQHandler
                0x08000cbe                UART4_IRQHandler
                0x08000cbe                TIM3_IRQHandler
                0x08000cbe                RCC_IRQHandler
                0x08000cbe                TIM8_BRK_TIM12_IRQHandler
                0x08000cbe                Default_Handler
                0x08000cbe                EXTI15_10_IRQHandler
                0x08000cbe                ADC_IRQHandler
                0x08000cbe                DMA1_Stream7_IRQHandler
                0x08000cbe                TIM7_IRQHandler
                0x08000cbe                CAN2_TX_IRQHandler
                0x08000cbe                TIM5_IRQHandler
                0x08000cbe                DMA2_Stream7_IRQHandler
                0x08000cbe                I2C3_EV_IRQHandler
                0x08000cbe                vApplicationStackOverflowHook
                0x08000cbe                RTC_WKUP_IRQHandler
                0x08000cbe                ETH_WKUP_IRQHandler
                0x08000cbe                SPI2_IRQHandler
                0x08000cbe                OTG_HS_EP1_IN_IRQHandler
                0x08000cbe                MemManage_Handler
                0x08000cbe                DMA1_Stream0_IRQHandler
                0x08000cbe                CAN1_TX_IRQHandler
                0x08000cbe                EXTI4_IRQHandler
                0x08000cbe                MyEXTI9_5_IRQHandler
                0x08000cbe                FSMC_IRQHandler
                0x08000cbe                ETH_IRQHandler
                0x08000cbe                OTG_HS_EP1_OUT_IRQHandler
                0x08000cbe                WWDG_IRQHandler
                0x08000cbe                TIM2_IRQHandler
                0x08000cbe                OTG_FS_WKUP_IRQHandler
                0x08000cbe                TIM1_TRG_COM_TIM11_IRQHandler
                0x08000cbe                OTG_HS_IRQHandler
                0x08000cbe                EXTI1_IRQHandler
                0x08000cbe                USART2_IRQHandler
                0x08000cbe                I2C2_ER_IRQHandler
                0x08000cbe                DMA2_Stream1_IRQHandler
                0x08000cbe                CAN1_SCE_IRQHandler
                0x08000cbe                FLASH_IRQHandler
                0x08000cbe                DMA2_Stream4_IRQHandler
                0x08000cbe                BusFault_Handler
                0x08000cbe                OTG_FS_IRQHandler
                0x08000cbe                SPI3_IRQHandler
                0x08000cbe                DMA1_Stream4_IRQHandler
                0x08000cbe                I2C1_ER_IRQHandler
                0x08000cbe                DMA2_Stream6_IRQHandler
                0x08000cbe                DMA1_Stream3_IRQHandler
 .text.parserTask
                0x08000cd8      0x21c src\parserTask.o
                0x08000cd8                parserTask
 .text.outputTask
                0x08000ef4       0x7c src\outputTask.o
                0x08000ef4                outputTask
 .text.LCD_Init
                0x08000f70        0xc src\main.o
 .text.main     0x08000f7c       0xc8 src\main.o
                0x08000f7c                main
 .text.lookup   0x08001044       0x5c src\lookup.o
                0x08001044                lookup
 .text.lcdTask  0x080010a0      0x100 src\lcdTask.o
                0x080010a0                lcdTask
 .text.encoder_Interrupts_Setup
                0x080011a0       0x94 src\interrupt_handler.o
                0x080011a0                encoder_Interrupts_Setup
 .text.TIM4_IRQHandler
                0x08001234       0x2c src\interrupt_handler.o
                0x08001234                TIM4_IRQHandler
 .text.EXTI9_5_IRQHandler
                0x08001260       0x50 src\interrupt_handler.o
                0x08001260                EXTI9_5_IRQHandler
 .text.EncoderChannelA_IRQ
                0x080012b0       0x4c src\interrupt_handler.o
                0x080012b0                EncoderChannelA_IRQ
 .text.EncoderChannelB_IRQ
                0x080012fc       0x18 src\interrupt_handler.o
                0x080012fc                EncoderChannelB_IRQ
 .text.EncoderChannelI_IRQ
                0x08001314       0x38 src\interrupt_handler.o
                0x08001314                EncoderChannelI_IRQ
 .text.__libc_init_array
                0x0800134c       0x4c c:/program files/atollic/truestudio for arm pro 5.1.1/armtools/bin/../lib/gcc/arm-atollic-eabi/4.8.3/../../../../arm-atollic-eabi/lib/armv7e-m/softfp\libc_s.a(lib_a-init.o)
                0x0800134c                __libc_init_array
 .text.strcpy   0x08001398       0x10 c:/program files/atollic/truestudio for arm pro 5.1.1/armtools/bin/../lib/gcc/arm-atollic-eabi/4.8.3/../../../../arm-atollic-eabi/lib/armv7e-m/softfp\libc_s.a(lib_a-strcpy.o)
                0x08001398                strcpy
 .text.USART_DeInit
                0x080013a8      0x150 ..\Libraries\libBSP.a(stm32f4xx_usart.o)
                0x080013a8                USART_DeInit
 .text.USART_Init
                0x080014f8      0x1ac ..\Libraries\libBSP.a(stm32f4xx_usart.o)
                0x080014f8                USART_Init
 .text.USART_StructInit
                0x080016a4       0x44 ..\Libraries\libBSP.a(stm32f4xx_usart.o)
                0x080016a4                USART_StructInit
 .text.USART_ClockInit
                0x080016e8       0x54 ..\Libraries\libBSP.a(stm32f4xx_usart.o)
                0x080016e8                USART_ClockInit
 .text.USART_ClockStructInit
                0x0800173c       0x34 ..\Libraries\libBSP.a(stm32f4xx_usart.o)
                0x0800173c                USART_ClockStructInit
 .text.USART_Cmd
                0x08001770       0x40 ..\Libraries\libBSP.a(stm32f4xx_usart.o)
                0x08001770                USART_Cmd
 .text.USART_ReceiveData
                0x080017b0       0x24 ..\Libraries\libBSP.a(stm32f4xx_usart.o)
                0x080017b0                USART_ReceiveData
 .text.USART_ITConfig
                0x080017d4       0xa4 ..\Libraries\libBSP.a(stm32f4xx_usart.o)
                0x080017d4                USART_ITConfig
 .text.USART_GetFlagStatus
                0x08001878       0x40 ..\Libraries\libBSP.a(stm32f4xx_usart.o)
                0x08001878                USART_GetFlagStatus
 .text.USART_GetITStatus
                0x080018b8       0xc4 ..\Libraries\libBSP.a(stm32f4xx_usart.o)
                0x080018b8                USART_GetITStatus
 .text.TIM_DeInit
                0x0800197c      0x238 ..\Libraries\libBSP.a(stm32f4xx_tim.o)
                0x0800197c                TIM_DeInit
 .text.TIM_TimeBaseInit
                0x08001bb4       0xf4 ..\Libraries\libBSP.a(stm32f4xx_tim.o)
                0x08001bb4                TIM_TimeBaseInit
 .text.TIM_SetCounter
                0x08001ca8       0x1c ..\Libraries\libBSP.a(stm32f4xx_tim.o)
                0x08001ca8                TIM_SetCounter
 .text.TIM_GetCounter
                0x08001cc4       0x18 ..\Libraries\libBSP.a(stm32f4xx_tim.o)
                0x08001cc4                TIM_GetCounter
 .text.TIM_ARRPreloadConfig
                0x08001cdc       0x40 ..\Libraries\libBSP.a(stm32f4xx_tim.o)
                0x08001cdc                TIM_ARRPreloadConfig
 .text.TIM_Cmd  0x08001d1c       0x40 ..\Libraries\libBSP.a(stm32f4xx_tim.o)
                0x08001d1c                TIM_Cmd
 .text.TIM_OC1Init
                0x08001d5c       0xfc ..\Libraries\libBSP.a(stm32f4xx_tim.o)
                0x08001d5c                TIM_OC1Init
 .text.TIM_OC2Init
                0x08001e58      0x128 ..\Libraries\libBSP.a(stm32f4xx_tim.o)
                0x08001e58                TIM_OC2Init
 .text.TIM_OC3Init
                0x08001f80      0x120 ..\Libraries\libBSP.a(stm32f4xx_tim.o)
                0x08001f80                TIM_OC3Init
 .text.TIM_OC4Init
                0x080020a0       0xe0 ..\Libraries\libBSP.a(stm32f4xx_tim.o)
                0x080020a0                TIM_OC4Init
 .text.TIM_OC1PreloadConfig
                0x08002180       0x38 ..\Libraries\libBSP.a(stm32f4xx_tim.o)
                0x08002180                TIM_OC1PreloadConfig
 .text.TIM_OC2PreloadConfig
                0x080021b8       0x40 ..\Libraries\libBSP.a(stm32f4xx_tim.o)
                0x080021b8                TIM_OC2PreloadConfig
 .text.TIM_OC3PreloadConfig
                0x080021f8       0x38 ..\Libraries\libBSP.a(stm32f4xx_tim.o)
                0x080021f8                TIM_OC3PreloadConfig
 .text.TIM_OC4PreloadConfig
                0x08002230       0x40 ..\Libraries\libBSP.a(stm32f4xx_tim.o)
                0x08002230                TIM_OC4PreloadConfig
 .text.TIM_GetITStatus
                0x08002270       0x60 ..\Libraries\libBSP.a(stm32f4xx_tim.o)
                0x08002270                TIM_GetITStatus
 .text.TIM_ClearITPendingBit
                0x080022d0       0x24 ..\Libraries\libBSP.a(stm32f4xx_tim.o)
                0x080022d0                TIM_ClearITPendingBit
 .text.SYSCFG_EXTILineConfig
                0x080022f4       0xb0 ..\Libraries\libBSP.a(stm32f4xx_syscfg.o)
                0x080022f4                SYSCFG_EXTILineConfig
 .text.RCC_GetClocksFreq
                0x080023a4      0x1cc ..\Libraries\libBSP.a(stm32f4xx_rcc.o)
                0x080023a4                RCC_GetClocksFreq
 .text.RCC_AHB1PeriphClockCmd
                0x08002570       0x54 ..\Libraries\libBSP.a(stm32f4xx_rcc.o)
                0x08002570                RCC_AHB1PeriphClockCmd
 .text.RCC_AHB3PeriphClockCmd
                0x080025c4       0x54 ..\Libraries\libBSP.a(stm32f4xx_rcc.o)
                0x080025c4                RCC_AHB3PeriphClockCmd
 .text.RCC_APB1PeriphClockCmd
                0x08002618       0x54 ..\Libraries\libBSP.a(stm32f4xx_rcc.o)
                0x08002618                RCC_APB1PeriphClockCmd
 .text.RCC_APB2PeriphClockCmd
                0x0800266c       0x54 ..\Libraries\libBSP.a(stm32f4xx_rcc.o)
                0x0800266c                RCC_APB2PeriphClockCmd
 .text.RCC_AHB1PeriphResetCmd
                0x080026c0       0x54 ..\Libraries\libBSP.a(stm32f4xx_rcc.o)
                0x080026c0                RCC_AHB1PeriphResetCmd
 .text.RCC_APB1PeriphResetCmd
                0x08002714       0x54 ..\Libraries\libBSP.a(stm32f4xx_rcc.o)
                0x08002714                RCC_APB1PeriphResetCmd
 .text.RCC_APB2PeriphResetCmd
                0x08002768       0x54 ..\Libraries\libBSP.a(stm32f4xx_rcc.o)
                0x08002768                RCC_APB2PeriphResetCmd
 .text.EXTI_Init
                0x080027bc      0x138 ..\Libraries\libBSP.a(stm32f4xx_exti.o)
                0x080027bc                EXTI_Init
 .text.EXTI_GetITStatus
                0x080028f4       0x3c ..\Libraries\libBSP.a(stm32f4xx_exti.o)
                0x080028f4                EXTI_GetITStatus
 .text.EXTI_ClearITPendingBit
                0x08002930       0x20 ..\Libraries\libBSP.a(stm32f4xx_exti.o)
                0x08002930                EXTI_ClearITPendingBit
 .text.NVIC_PriorityGroupConfig
                0x08002950       0x28 ..\Libraries\libBSP.a(misc.o)
                0x08002950                NVIC_PriorityGroupConfig
 .text.NVIC_Init
                0x08002978       0xe4 ..\Libraries\libBSP.a(misc.o)
                0x08002978                NVIC_Init
 .text.CARME_UART_Init
                0x08002a5c       0xb4 ..\Libraries\libBSP.a(uart.o)
                0x08002a5c                CARME_UART_Init
 .text.CARME_UART_GPIO_Init
                0x08002b10       0x38 ..\Libraries\libBSP.a(uart.o)
                0x08002b10                CARME_UART_GPIO_Init
 .text.SystemInit
                0x08002b48       0xb0 ..\Libraries\libBSP.a(system_stm32f4xx.o)
                0x08002b48                SystemInit
 .text.SetSysClock
                0x08002bf8      0x188 ..\Libraries\libBSP.a(system_stm32f4xx.o)
 .text.SSD1963_WriteCommand
                0x08002d80       0x1c ..\Libraries\libBSP.a(ssd1963.o)
 .text.SSD1963_WriteData
                0x08002d9c       0x1c ..\Libraries\libBSP.a(ssd1963.o)
 .text.SSD1963_ReadData
                0x08002db8       0x14 ..\Libraries\libBSP.a(ssd1963.o)
 .text.SSD1963_DisplayOn
                0x08002dcc       0x10 ..\Libraries\libBSP.a(ssd1963.o)
 .text.SSD1963_Delay
                0x08002ddc       0x38 ..\Libraries\libBSP.a(ssd1963.o)
 .text.SSD1963_Init
                0x08002e14      0x1a8 ..\Libraries\libBSP.a(ssd1963.o)
                0x08002e14                SSD1963_Init
 .text.SSD1963_SetArea
                0x08002fbc       0x90 ..\Libraries\libBSP.a(ssd1963.o)
                0x08002fbc                SSD1963_SetArea
 .text.SSD1963_FillArea
                0x0800304c       0x64 ..\Libraries\libBSP.a(ssd1963.o)
                0x0800304c                SSD1963_FillArea
 .text.SSD1963_WriteArea
                0x080030b0       0x6c ..\Libraries\libBSP.a(ssd1963.o)
                0x080030b0                SSD1963_WriteArea
 .text.SSD1963_GetDeviceDescriptorBlock
                0x0800311c       0x40 ..\Libraries\libBSP.a(ssd1963.o)
                0x0800311c                SSD1963_GetDeviceDescriptorBlock
 .text.CARME_IO2_Init
                0x0800315c      0x178 ..\Libraries\libBSP.a(carme_io2.o)
                0x0800315c                CARME_IO2_Init
 .text.CARME_IO2_GPIO_Out_Settings
                0x080032d4       0x8c ..\Libraries\libBSP.a(carme_io2.o)
                0x080032d4                CARME_IO2_GPIO_Out_Settings
 .text.CARME_IO2_ADC_Get
                0x08003360       0x78 ..\Libraries\libBSP.a(carme_io2.o)
                0x08003360                CARME_IO2_ADC_Get
 .text.CARME_IO2_SPI_Select
                0x080033d8       0x2c ..\Libraries\libBSP.a(carme_io2.o)
                0x080033d8                CARME_IO2_SPI_Select
 .text.CARME_IO2_SPI_CS_Out
                0x08003404       0x28 ..\Libraries\libBSP.a(carme_io2.o)
                0x08003404                CARME_IO2_SPI_CS_Out
 .text.CARME_IO2_SPI_Send
                0x0800342c       0x6c ..\Libraries\libBSP.a(carme_io2.o)
                0x0800342c                CARME_IO2_SPI_Send
 .text.CARME_IO2_PWM_Settings
                0x08003498       0x4c ..\Libraries\libBSP.a(carme_io2.o)
                0x08003498                CARME_IO2_PWM_Settings
 .text.CARME_IO2_PWM_Set
                0x080034e4       0xfc ..\Libraries\libBSP.a(carme_io2.o)
                0x080034e4                CARME_IO2_PWM_Set
 .text.CARME_IO2_PWM_Phase
                0x080035e0       0x2c ..\Libraries\libBSP.a(carme_io2.o)
                0x080035e0                CARME_IO2_PWM_Phase
 .text.CARME_IO2_GPIO_OUT_Set
                0x0800360c       0x6c ..\Libraries\libBSP.a(carme_io2.o)
                0x0800360c                CARME_IO2_GPIO_OUT_Set
 .text.CARME_IO1_Init
                0x08003678       0x2c ..\Libraries\libBSP.a(carme_io1.o)
                0x08003678                CARME_IO1_Init
 .text.CARME_IO1_LED_Set
                0x080036a4       0xc4 ..\Libraries\libBSP.a(carme_io1.o)
                0x080036a4                CARME_IO1_LED_Set
 .text.CARME_IO1_SWITCH_Get
                0x08003768       0x24 ..\Libraries\libBSP.a(carme_io1.o)
                0x08003768                CARME_IO1_SWITCH_Get
 .text.CARME_Init
                0x0800378c       0xf8 ..\Libraries\libBSP.a(carme.o)
                0x0800378c                CARME_Init
 .text.CARME_FSMC_GPIO_Init
                0x08003884       0x60 ..\Libraries\libBSP.a(carme.o)
 .text.CARME_FSMC_Init
                0x080038e4      0x160 ..\Libraries\libBSP.a(carme.o)
 .text.CARME_AGPIO_Init
                0x08003a44       0x2c ..\Libraries\libBSP.a(carme.o)
 .text.CARME_GPIO_Init
                0x08003a70      0x248 ..\Libraries\libBSP.a(carme.o)
                0x08003a70                CARME_GPIO_Init
 .text.CARME_AGPIO_Set
                0x08003cb8       0x84 ..\Libraries\libBSP.a(carme.o)
                0x08003cb8                CARME_AGPIO_Set
 .text.CARME_LED_Red_Set
                0x08003d3c       0x14 ..\Libraries\libBSP.a(carme.o)
                0x08003d3c                CARME_LED_Red_Set
 .text.CARME_LED_Red_Reset
                0x08003d50       0x14 ..\Libraries\libBSP.a(carme.o)
                0x08003d50                CARME_LED_Red_Reset
 .text.SPI_I2S_DeInit
                0x08003d64      0x100 ..\Libraries\libBSP.a(stm32f4xx_spi.o)
                0x08003d64                SPI_I2S_DeInit
 .text.SPI_Init
                0x08003e64       0x88 ..\Libraries\libBSP.a(stm32f4xx_spi.o)
                0x08003e64                SPI_Init
 .text.SPI_StructInit
                0x08003eec       0x5c ..\Libraries\libBSP.a(stm32f4xx_spi.o)
                0x08003eec                SPI_StructInit
 .text.SPI_Cmd  0x08003f48       0x40 ..\Libraries\libBSP.a(stm32f4xx_spi.o)
                0x08003f48                SPI_Cmd
 .text.SPI_I2S_SendData
                0x08003f88       0x1c ..\Libraries\libBSP.a(stm32f4xx_spi.o)
                0x08003f88                SPI_I2S_SendData
 .text.SPI_I2S_GetFlagStatus
                0x08003fa4       0x40 ..\Libraries\libBSP.a(stm32f4xx_spi.o)
                0x08003fa4                SPI_I2S_GetFlagStatus
 .text.GPIO_DeInit
                0x08003fe4      0x1c8 ..\Libraries\libBSP.a(stm32f4xx_gpio.o)
                0x08003fe4                GPIO_DeInit
 .text.GPIO_Init
                0x080041ac      0x144 ..\Libraries\libBSP.a(stm32f4xx_gpio.o)
                0x080041ac                GPIO_Init
 .text.GPIO_StructInit
                0x080042f0       0x3c ..\Libraries\libBSP.a(stm32f4xx_gpio.o)
                0x080042f0                GPIO_StructInit
 .text.GPIO_WriteBit
                0x0800432c       0x30 ..\Libraries\libBSP.a(stm32f4xx_gpio.o)
                0x0800432c                GPIO_WriteBit
 .text.GPIO_PinAFConfig
                0x0800435c       0xa8 ..\Libraries\libBSP.a(stm32f4xx_gpio.o)
                0x0800435c                GPIO_PinAFConfig
 .text.FSMC_NORSRAMDeInit
                0x08004404       0x5c ..\Libraries\libBSP.a(stm32f4xx_fsmc.o)
                0x08004404                FSMC_NORSRAMDeInit
 .text.FSMC_NORSRAMInit
                0x08004460      0x150 ..\Libraries\libBSP.a(stm32f4xx_fsmc.o)
                0x08004460                FSMC_NORSRAMInit
 .text.FSMC_NORSRAMCmd
                0x080045b0       0x54 ..\Libraries\libBSP.a(stm32f4xx_fsmc.o)
                0x080045b0                FSMC_NORSRAMCmd
 .text.ADC_DeInit
                0x08004604       0x20 ..\Libraries\libBSP.a(stm32f4xx_adc.o)
                0x08004604                ADC_DeInit
 .text.ADC_Init
                0x08004624       0xb8 ..\Libraries\libBSP.a(stm32f4xx_adc.o)
                0x08004624                ADC_Init
 .text.ADC_StructInit
                0x080046dc       0x4c ..\Libraries\libBSP.a(stm32f4xx_adc.o)
                0x080046dc                ADC_StructInit
 .text.ADC_CommonInit
                0x08004728       0x5c ..\Libraries\libBSP.a(stm32f4xx_adc.o)
                0x08004728                ADC_CommonInit
 .text.ADC_Cmd  0x08004784       0x38 ..\Libraries\libBSP.a(stm32f4xx_adc.o)
                0x08004784                ADC_Cmd
 .text.ADC_RegularChannelConfig
                0x080047bc      0x1bc ..\Libraries\libBSP.a(stm32f4xx_adc.o)
                0x080047bc                ADC_RegularChannelConfig
 .text.ADC_SoftwareStartConv
                0x08004978       0x20 ..\Libraries\libBSP.a(stm32f4xx_adc.o)
                0x08004978                ADC_SoftwareStartConv
 .text.ADC_GetConversionValue
                0x08004998       0x1c ..\Libraries\libBSP.a(stm32f4xx_adc.o)
                0x08004998                ADC_GetConversionValue
 .text.ADC_GetFlagStatus
                0x080049b4       0x3c ..\Libraries\libBSP.a(stm32f4xx_adc.o)
                0x080049b4                ADC_GetFlagStatus
 .text.SSD1963_LLD_Init
                0x080049f0       0x50 ..\Libraries\libBSP.a(ssd1963_lld.o)
                0x080049f0                SSD1963_LLD_Init
 .text.LCD_WriteArea
                0x08004a40       0x28 ..\Libraries\libsGUI.a(text.o)
 .text.LCD_DrawChar
                0x08004a68      0x134 ..\Libraries\libsGUI.a(text.o)
 .text.LCD_SetFont
                0x08004b9c       0x20 ..\Libraries\libsGUI.a(text.o)
                0x08004b9c                LCD_SetFont
 .text.LCD_ClearLine
                0x08004bbc       0x58 ..\Libraries\libsGUI.a(text.o)
                0x08004bbc                LCD_ClearLine
 .text.LCD_DisplayCharXY
                0x08004c14       0x84 ..\Libraries\libsGUI.a(text.o)
                0x08004c14                LCD_DisplayCharXY
 .text.LCD_DisplayCharLine
                0x08004c98       0x54 ..\Libraries\libsGUI.a(text.o)
                0x08004c98                LCD_DisplayCharLine
 .text.LCD_DisplayStringLine
                0x08004cec      0x158 ..\Libraries\libsGUI.a(text.o)
                0x08004cec                LCD_DisplayStringLine
 .text.LCD_FillArea
                0x08004e44       0x28 ..\Libraries\libsGUI.a(geometry.o)
 .text.LCD_DrawRectF
                0x08004e6c       0x34 ..\Libraries\libsGUI.a(geometry.o)
                0x08004e6c                LCD_DrawRectF
 .text.eMemCreateMemoryPool
                0x08004ea0      0x144 ..\Libraries\libFreeRTOS.a(memPoolService.o)
                0x08004ea0                eMemCreateMemoryPool
 .text.eMemTakeBlock
                0x08004fe4       0xa4 ..\Libraries\libFreeRTOS.a(memPoolService.o)
                0x08004fe4                eMemTakeBlock
 .text.eMemGiveBlock
                0x08005088       0x94 ..\Libraries\libFreeRTOS.a(memPoolService.o)
                0x08005088                eMemGiveBlock
 .text.xTaskGenericCreate
                0x0800511c      0x1c0 ..\Libraries\libFreeRTOS.a(tasks.o)
                0x0800511c                xTaskGenericCreate
 .text.vTaskDelay
                0x080052dc       0x70 ..\Libraries\libFreeRTOS.a(tasks.o)
                0x080052dc                vTaskDelay
 .text.vTaskStartScheduler
                0x0800534c       0x88 ..\Libraries\libFreeRTOS.a(tasks.o)
                0x0800534c                vTaskStartScheduler
 .text.vTaskSuspendAll
                0x080053d4       0x24 ..\Libraries\libFreeRTOS.a(tasks.o)
                0x080053d4                vTaskSuspendAll
 .text.xTaskResumeAll
                0x080053f8      0x174 ..\Libraries\libFreeRTOS.a(tasks.o)
                0x080053f8                xTaskResumeAll
 .text.xTaskGetTickCount
                0x0800556c       0x28 ..\Libraries\libFreeRTOS.a(tasks.o)
                0x0800556c                xTaskGetTickCount
 .text.xTaskIncrementTick
                0x08005594      0x200 ..\Libraries\libFreeRTOS.a(tasks.o)
                0x08005594                xTaskIncrementTick
 .text.vTaskSwitchContext
                0x08005794      0x164 ..\Libraries\libFreeRTOS.a(tasks.o)
                0x08005794                vTaskSwitchContext
 .text.vTaskPlaceOnEventList
                0x080058f8       0x84 ..\Libraries\libFreeRTOS.a(tasks.o)
                0x080058f8                vTaskPlaceOnEventList
 .text.vTaskPlaceOnEventListRestricted
                0x0800597c       0x60 ..\Libraries\libFreeRTOS.a(tasks.o)
                0x0800597c                vTaskPlaceOnEventListRestricted
 .text.xTaskRemoveFromEventList
                0x080059dc       0xdc ..\Libraries\libFreeRTOS.a(tasks.o)
                0x080059dc                xTaskRemoveFromEventList
 .text.vTaskSetTimeOutState
                0x08005ab8       0x38 ..\Libraries\libFreeRTOS.a(tasks.o)
                0x08005ab8                vTaskSetTimeOutState
 .text.xTaskCheckForTimeOut
                0x08005af0       0xb0 ..\Libraries\libFreeRTOS.a(tasks.o)
                0x08005af0                xTaskCheckForTimeOut
 .text.vTaskMissedYield
                0x08005ba0       0x18 ..\Libraries\libFreeRTOS.a(tasks.o)
                0x08005ba0                vTaskMissedYield
 .text.prvIdleTask
                0x08005bb8       0x24 ..\Libraries\libFreeRTOS.a(tasks.o)
 .text.prvInitialiseTCBVariables
                0x08005bdc       0xa0 ..\Libraries\libFreeRTOS.a(tasks.o)
 .text.prvInitialiseTaskLists
                0x08005c7c       0xa4 ..\Libraries\libFreeRTOS.a(tasks.o)
 .text.prvCheckTasksWaitingTermination
                0x08005d20       0x9c ..\Libraries\libFreeRTOS.a(tasks.o)
 .text.prvAddCurrentTaskToDelayedList
                0x08005dbc       0x8c ..\Libraries\libFreeRTOS.a(tasks.o)
 .text.prvAllocateTCBAndStack
                0x08005e48       0x70 ..\Libraries\libFreeRTOS.a(tasks.o)
 .text.prvDeleteTCB
                0x08005eb8       0x20 ..\Libraries\libFreeRTOS.a(tasks.o)
 .text.prvResetNextTaskUnblockTime
                0x08005ed8       0x5c ..\Libraries\libFreeRTOS.a(tasks.o)
 .text.xTaskGetCurrentTaskHandle
                0x08005f34       0x20 ..\Libraries\libFreeRTOS.a(tasks.o)
                0x08005f34                xTaskGetCurrentTaskHandle
 .text.xTaskGetSchedulerState
                0x08005f54       0x48 ..\Libraries\libFreeRTOS.a(tasks.o)
                0x08005f54                xTaskGetSchedulerState
 .text.vTaskPriorityInherit
                0x08005f9c       0xf0 ..\Libraries\libFreeRTOS.a(tasks.o)
                0x08005f9c                vTaskPriorityInherit
 .text.vTaskPriorityDisinherit
                0x0800608c       0x98 ..\Libraries\libFreeRTOS.a(tasks.o)
                0x0800608c                vTaskPriorityDisinherit
 .text.xQueueGenericReset
                0x08006124       0xc0 ..\Libraries\libFreeRTOS.a(queue.o)
                0x08006124                xQueueGenericReset
 .text.xQueueGenericCreate
                0x080061e4       0x90 ..\Libraries\libFreeRTOS.a(queue.o)
                0x080061e4                xQueueGenericCreate
 .text.xQueueCreateCountingSemaphore
                0x08006274       0x58 ..\Libraries\libFreeRTOS.a(queue.o)
                0x08006274                xQueueCreateCountingSemaphore
 .text.xQueueGenericSend
                0x080062cc      0x19c ..\Libraries\libFreeRTOS.a(queue.o)
                0x080062cc                xQueueGenericSend
 .text.xQueueGenericSendFromISR
                0x08006468       0xe8 ..\Libraries\libFreeRTOS.a(queue.o)
                0x08006468                xQueueGenericSendFromISR
 .text.xQueueGenericReceive
                0x08006550      0x1dc ..\Libraries\libFreeRTOS.a(queue.o)
                0x08006550                xQueueGenericReceive
 .text.xQueueReceiveFromISR
                0x0800672c       0xc4 ..\Libraries\libFreeRTOS.a(queue.o)
                0x0800672c                xQueueReceiveFromISR
 .text.prvCopyDataToQueue
                0x080067f0       0xdc ..\Libraries\libFreeRTOS.a(queue.o)
 .text.prvCopyDataFromQueue
                0x080068cc       0x50 ..\Libraries\libFreeRTOS.a(queue.o)
 .text.prvUnlockQueue
                0x0800691c       0xa0 ..\Libraries\libFreeRTOS.a(queue.o)
 .text.prvIsQueueEmpty
                0x080069bc       0x34 ..\Libraries\libFreeRTOS.a(queue.o)
 .text.prvIsQueueFull
                0x080069f0       0x38 ..\Libraries\libFreeRTOS.a(queue.o)
 .text.vQueueAddToRegistry
                0x08006a28       0x64 ..\Libraries\libFreeRTOS.a(queue.o)
                0x08006a28                vQueueAddToRegistry
 .text.vQueueWaitForMessageRestricted
                0x08006a8c       0x60 ..\Libraries\libFreeRTOS.a(queue.o)
                0x08006a8c                vQueueWaitForMessageRestricted
 .text.pvPortMalloc
                0x08006aec      0x190 ..\Libraries\libFreeRTOS.a(heap_4.o)
                0x08006aec                pvPortMalloc
 .text.vPortFree
                0x08006c7c       0xb8 ..\Libraries\libFreeRTOS.a(heap_4.o)
                0x08006c7c                vPortFree
 .text.prvHeapInit
                0x08006d34       0xf8 ..\Libraries\libFreeRTOS.a(heap_4.o)
 .text.prvInsertBlockIntoFreeList
                0x08006e2c       0xbc ..\Libraries\libFreeRTOS.a(heap_4.o)
 .text.pxPortInitialiseStack
                0x08006ee8       0x74 ..\Libraries\libFreeRTOS.a(port.o)
                0x08006ee8                pxPortInitialiseStack
 .text.prvTaskExitError
                0x08006f5c       0x20 ..\Libraries\libFreeRTOS.a(port.o)
 .text.SVC_Handler
                0x08006f7c       0x20 ..\Libraries\libFreeRTOS.a(port.o)
                0x08006f7c                SVC_Handler
 .text.prvPortStartFirstTask
                0x08006f9c       0x1c ..\Libraries\libFreeRTOS.a(port.o)
 .text.xPortStartScheduler
                0x08006fb8      0x128 ..\Libraries\libFreeRTOS.a(port.o)
                0x08006fb8                xPortStartScheduler
 .text.vPortYield
                0x080070e0       0x20 ..\Libraries\libFreeRTOS.a(port.o)
                0x080070e0                vPortYield
 .text.vPortEnterCritical
                0x08007100       0x2c ..\Libraries\libFreeRTOS.a(port.o)
                0x08007100                vPortEnterCritical
 .text.vPortExitCritical
                0x0800712c       0x48 ..\Libraries\libFreeRTOS.a(port.o)
                0x0800712c                vPortExitCritical
 .text.ulPortSetInterruptMask
                0x08007174       0x14 ..\Libraries\libFreeRTOS.a(port.o)
                0x08007174                ulPortSetInterruptMask
 .text.vPortClearInterruptMask
                0x08007188        0x8 ..\Libraries\libFreeRTOS.a(port.o)
                0x08007188                vPortClearInterruptMask
 .text.PendSV_Handler
                0x08007190       0x58 ..\Libraries\libFreeRTOS.a(port.o)
                0x08007190                PendSV_Handler
 .text.SysTick_Handler
                0x080071e8       0x2c ..\Libraries\libFreeRTOS.a(port.o)
                0x080071e8                SysTick_Handler
 .text.vPortSetupTimerInterrupt
                0x08007214       0x40 ..\Libraries\libFreeRTOS.a(port.o)
                0x08007214                vPortSetupTimerInterrupt
 .text.vPortEnableVFP
                0x08007254       0x14 ..\Libraries\libFreeRTOS.a(port.o)
 .text.vPortValidateInterruptPriority
                0x08007268       0x64 ..\Libraries\libFreeRTOS.a(port.o)
                0x08007268                vPortValidateInterruptPriority
 .text.vListInitialise
                0x080072cc       0x40 ..\Libraries\libFreeRTOS.a(list.o)
                0x080072cc                vListInitialise
 .text.vListInitialiseItem
                0x0800730c       0x1c ..\Libraries\libFreeRTOS.a(list.o)
                0x0800730c                vListInitialiseItem
 .text.vListInsertEnd
                0x08007328       0x48 ..\Libraries\libFreeRTOS.a(list.o)
                0x08007328                vListInsertEnd
 .text.vListInsert
                0x08007370       0x74 ..\Libraries\libFreeRTOS.a(list.o)
                0x08007370                vListInsert
 .text.uxListRemove
                0x080073e4       0x58 ..\Libraries\libFreeRTOS.a(list.o)
                0x080073e4                uxListRemove
 .text.xTimerCreateTimerTask
                0x0800743c       0x6c ..\Libraries\libFreeRTOS.a(timers.o)
                0x0800743c                xTimerCreateTimerTask
 .text.xTimerGenericCommand
                0x080074a8       0xac ..\Libraries\libFreeRTOS.a(timers.o)
                0x080074a8                xTimerGenericCommand
 .text.prvProcessExpiredTimer
                0x08007554       0x7c ..\Libraries\libFreeRTOS.a(timers.o)
 .text.prvTimerTask
                0x080075d0       0x24 ..\Libraries\libFreeRTOS.a(timers.o)
 .text.prvProcessTimerOrBlockTask
                0x080075f4       0x74 ..\Libraries\libFreeRTOS.a(timers.o)
 .text.prvGetNextExpireTime
                0x08007668       0x54 ..\Libraries\libFreeRTOS.a(timers.o)
 .text.prvSampleTimeNow
                0x080076bc       0x4c ..\Libraries\libFreeRTOS.a(timers.o)
 .text.prvInsertTimerInActiveList
                0x08007708       0x94 ..\Libraries\libFreeRTOS.a(timers.o)
 .text.prvProcessReceivedCommands
                0x0800779c      0x124 ..\Libraries\libFreeRTOS.a(timers.o)
 .text.prvSwitchTimerLists
                0x080078c0       0xe4 ..\Libraries\libFreeRTOS.a(timers.o)
 .text.prvCheckForValidListAndQueue
                0x080079a4       0xb0 ..\Libraries\libFreeRTOS.a(timers.o)
 .text.memcmp   0x08007a54       0x1e c:/program files/atollic/truestudio for arm pro 5.1.1/armtools/bin/../lib/gcc/arm-atollic-eabi/4.8.3/../../../../arm-atollic-eabi/lib/armv7e-m/softfp\libc.a(lib_a-memcmp.o)
                0x08007a54                memcmp
 .text.memcpy   0x08007a72       0x12 c:/program files/atollic/truestudio for arm pro 5.1.1/armtools/bin/../lib/gcc/arm-atollic-eabi/4.8.3/../../../../arm-atollic-eabi/lib/armv7e-m/softfp\libc.a(lib_a-memcpy-stub.o)
                0x08007a72                memcpy
 .text.memset   0x08007a84       0x10 c:/program files/atollic/truestudio for arm pro 5.1.1/armtools/bin/../lib/gcc/arm-atollic-eabi/4.8.3/../../../../arm-atollic-eabi/lib/armv7e-m/softfp\libc.a(lib_a-memset.o)
                0x08007a84                memset
 *(.rodata)
 .rodata        0x08007a94       0x2c src\uartTask.o
 .rodata        0x08007ac0       0x10 src\parserTask.o
 .rodata        0x08007ad0       0x1c src\main.o
 .rodata        0x08007aec       0x70 src\lcdTask.o
 .rodata        0x08007b5c      0x1a8 ..\Libraries\libBSP.a(carme.o)
 .rodata        0x08007d04        0x8 ..\Libraries\libFreeRTOS.a(tasks.o)
 .rodata        0x08007d0c       0x10 ..\Libraries\libFreeRTOS.a(timers.o)
 *(.rodata*)
 .rodata.letters.4995
                0x08007d1c       0x3c src\lookup.o
 .rodata.ucExpectedStackBytes.5284
                0x08007d58       0x14 ..\Libraries\libFreeRTOS.a(tasks.o)
 .rodata.heapSTRUCT_SIZE
                0x08007d6c        0x2 ..\Libraries\libFreeRTOS.a(heap_4.o)
 *fill*         0x08007d6e        0x2 
 .rodata.xTotalHeapSize
                0x08007d70        0x4 ..\Libraries\libFreeRTOS.a(heap_4.o)
 .rodata.pcInterruptPriorityRegisters
                0x08007d74        0x4 ..\Libraries\libFreeRTOS.a(port.o)
 *(.glue_7)
 .glue_7        0x00000000        0x0 linker stubs
 *(.glue_7t)
 .glue_7t       0x00000000        0x0 linker stubs
 *(.eh_frame)
 .eh_frame      0x08007d78        0x0 c:/program files/atollic/truestudio for arm pro 5.1.1/armtools/bin/../lib/gcc/arm-atollic-eabi/4.8.3/armv7e-m/softfp/crtbegin.o
 *(.init)
 .init          0x08007d78        0x4 c:/program files/atollic/truestudio for arm pro 5.1.1/armtools/bin/../lib/gcc/arm-atollic-eabi/4.8.3/armv7e-m/softfp/crti.o
                0x08007d78                _init
 .init          0x08007d7c        0x8 c:/program files/atollic/truestudio for arm pro 5.1.1/armtools/bin/../lib/gcc/arm-atollic-eabi/4.8.3/armv7e-m/softfp/crtn.o
 *(.fini)
 .fini          0x08007d84        0x4 c:/program files/atollic/truestudio for arm pro 5.1.1/armtools/bin/../lib/gcc/arm-atollic-eabi/4.8.3/armv7e-m/softfp/crti.o
                0x08007d84                _fini
 .fini          0x08007d88        0x8 c:/program files/atollic/truestudio for arm pro 5.1.1/armtools/bin/../lib/gcc/arm-atollic-eabi/4.8.3/armv7e-m/softfp/crtn.o
                0x08007d90                . = ALIGN (0x4)
                0x08007d90                _etext = .

.vfp11_veneer   0x08007d90        0x0
 .vfp11_veneer  0x00000000        0x0 linker stubs

.v4_bx          0x08007d90        0x0
 .v4_bx         0x00000000        0x0 linker stubs

.iplt           0x08007d90        0x0
 .iplt          0x00000000        0x0 c:/program files/atollic/truestudio for arm pro 5.1.1/armtools/bin/../lib/gcc/arm-atollic-eabi/4.8.3/armv7e-m/softfp/crtbegin.o

.ARM.extab
 *(.ARM.extab* .gnu.linkonce.armextab.*)

.ARM            0x08007d90        0x8
                0x08007d90                __exidx_start = .
 *(.ARM.exidx*)
 .ARM.exidx     0x08007d90        0x8 c:/program files/atollic/truestudio for arm pro 5.1.1/armtools/bin/../lib/gcc/arm-atollic-eabi/4.8.3/armv7e-m/softfp\libgcc.a(_divdi3.o)
 .ARM.exidx     0x08007d98        0x0 c:/program files/atollic/truestudio for arm pro 5.1.1/armtools/bin/../lib/gcc/arm-atollic-eabi/4.8.3/armv7e-m/softfp\libgcc.a(_udivdi3.o)
                                  0x8 (size before relaxing)
                0x08007d98                __exidx_end = .

.rel.dyn        0x08007d98        0x0
 .rel.iplt      0x00000000        0x0 c:/program files/atollic/truestudio for arm pro 5.1.1/armtools/bin/../lib/gcc/arm-atollic-eabi/4.8.3/armv7e-m/softfp/crtbegin.o

.preinit_array  0x08007d98        0x0
                0x08007d98                PROVIDE (__preinit_array_start, .)
 *(.preinit_array*)
                0x08007d98                PROVIDE (__preinit_array_end, .)

.init_array     0x08007d98        0x4
                0x08007d98                PROVIDE (__init_array_start, .)
 *(SORT(.init_array.*))
 *(.init_array*)
 .init_array    0x08007d98        0x4 c:/program files/atollic/truestudio for arm pro 5.1.1/armtools/bin/../lib/gcc/arm-atollic-eabi/4.8.3/armv7e-m/softfp/crtbegin.o
                0x08007d9c                PROVIDE (__init_array_end, .)

.fini_array     0x08007d9c        0x4
                0x08007d9c                PROVIDE (__fini_array_start, .)
 *(SORT(.fini_array.*))
 *(.fini_array*)
 .fini_array    0x08007d9c        0x4 c:/program files/atollic/truestudio for arm pro 5.1.1/armtools/bin/../lib/gcc/arm-atollic-eabi/4.8.3/armv7e-m/softfp/crtbegin.o
                0x08007da0                PROVIDE (__fini_array_end, .)
                0x08007da0                _sidata = LOADADDR (.data)

.data           0x20000000     0x153c load address 0x08007da0
                0x20000000                . = ALIGN (0x4)
                0x20000000                _sdata = .
 *(.data)
 *(.data*)
 .data.encoderMatch
                0x20000000        0x2 src\main.o
                0x20000000                encoderMatch
 *fill*         0x20000002        0x2 
 .data.APBAHBPrescTable
                0x20000004       0x10 ..\Libraries\libBSP.a(stm32f4xx_rcc.o)
 .data.CARME_UART_Port_Pin
                0x20000014       0x58 ..\Libraries\libBSP.a(uart.o)
 .data.SystemCoreClock
                0x2000006c        0x4 ..\Libraries\libBSP.a(system_stm32f4xx.o)
                0x2000006c                SystemCoreClock
 .data.CARME_IO2_Port_Pin
                0x20000070       0x88 ..\Libraries\libBSP.a(carme_io2.o)
 .data.CARME_IO2_GPIO_Out_Port_Pin
                0x200000f8       0x20 ..\Libraries\libBSP.a(carme_io2.o)
 .data.CARME_IO2_OPTO_Out_Port_Pin
                0x20000118       0x10 ..\Libraries\libBSP.a(carme_io2.o)
 .data.CARME_IO2_OPTO_In_Port_Pin
                0x20000128       0x10 ..\Libraries\libBSP.a(carme_io2.o)
 .data.CARME_IO2_ADC_Channels
                0x20000138        0x4 ..\Libraries\libBSP.a(carme_io2.o)
 .data.LED_Port
                0x2000013c        0x4 ..\Libraries\libBSP.a(carme_io1.o)
 .data.Switch_Port
                0x20000140        0x4 ..\Libraries\libBSP.a(carme_io1.o)
 .data.CARME_IO1_Port_Pin
                0x20000144       0x20 ..\Libraries\libBSP.a(carme_io1.o)
 .data.CARME_AGPIO_Port_Pin
                0x20000164       0xa0 ..\Libraries\libBSP.a(carme.o)
 .data.LCD_Port_Pin
                0x20000204       0x10 ..\Libraries\libBSP.a(ssd1963_lld.o)
 .data.TextColor
                0x20000214        0x2 ..\Libraries\libsGUI.a(text.o)
 *fill*         0x20000216        0x2 
 .data.CurrentFont
                0x20000218        0x4 ..\Libraries\libsGUI.a(text.o)
 .data.font_5x8_data
                0x2000021c      0x1dc ..\Libraries\libsGUI.a(font.o)
 .data.font_5x8
                0x200003f8        0x8 ..\Libraries\libsGUI.a(font.o)
                0x200003f8                font_5x8
 .data.font_6x12_data
                0x20000400      0x474 ..\Libraries\libsGUI.a(font.o)
 .data.font_6x12
                0x20000874        0x8 ..\Libraries\libsGUI.a(font.o)
                0x20000874                font_6x12
 .data.font_8x13_data
                0x2000087c      0x5f0 ..\Libraries\libsGUI.a(font.o)
 .data.font_8x13
                0x20000e6c        0x8 ..\Libraries\libsGUI.a(font.o)
                0x20000e6c                font_8x13
 .data.font_9x15_data
                0x20000e74      0x6b0 ..\Libraries\libsGUI.a(font.o)
 .data.font_9x15
                0x20001524        0x8 ..\Libraries\libsGUI.a(font.o)
                0x20001524                font_9x15
 .data.xNextTaskUnblockTime
                0x2000152c        0x4 ..\Libraries\libFreeRTOS.a(tasks.o)
 .data.xFreeBytesRemaining
                0x20001530        0x4 ..\Libraries\libFreeRTOS.a(heap_4.o)
 .data.xMinimumEverFreeBytesRemaining
                0x20001534        0x4 ..\Libraries\libFreeRTOS.a(heap_4.o)
 .data.uxCriticalNesting
                0x20001538        0x4 ..\Libraries\libFreeRTOS.a(port.o)
                0x2000153c                . = ALIGN (0x4)
                0x2000153c                _edata = .
                0x080092dc                _siccmram = LOADADDR (.ccmram)

.jcr            0x2000153c        0x0 load address 0x080092dc
 .jcr           0x2000153c        0x0 c:/program files/atollic/truestudio for arm pro 5.1.1/armtools/bin/../lib/gcc/arm-atollic-eabi/4.8.3/armv7e-m/softfp/crtbegin.o

.igot.plt       0x2000153c        0x0 load address 0x080092dc
 .igot.plt      0x00000000        0x0 c:/program files/atollic/truestudio for arm pro 5.1.1/armtools/bin/../lib/gcc/arm-atollic-eabi/4.8.3/armv7e-m/softfp/crtbegin.o

.ccmram         0x10000000        0x0 load address 0x080092dc
                0x10000000                . = ALIGN (0x4)
                0x10000000                _sccmram = .
 *(.ccmram)
 *(.ccmram*)
                0x10000000                . = ALIGN (0x4)
                0x10000000                _eccmram = .
                0x10000000                . = ALIGN (0x4)

.bss            0x2000153c    0x13b20
                0x2000153c                _sbss = .
                0x2000153c                __bss_start__ = _sbss
 *(.bss)
 .bss           0x2000153c       0x1c c:/program files/atollic/truestudio for arm pro 5.1.1/armtools/bin/../lib/gcc/arm-atollic-eabi/4.8.3/armv7e-m/softfp/crtbegin.o
 *(.bss*)
 .bss.queueUart
                0x20001558        0x4 src\uartTask.o
 .bss.speed     0x2000155c        0x2 src\main.o
                0x2000155c                speed
 .bss.oneshotA  0x2000155e        0x1 src\interrupt_handler.o
 *fill*         0x2000155f        0x1 
 .bss.deviceDescriptorBlock
                0x20001560        0x8 ..\Libraries\libBSP.a(ssd1963.o)
 .bss.LED_Value
                0x20001568        0x1 ..\Libraries\libBSP.a(carme_io1.o)
 *fill*         0x20001569        0x1 
 .bss.BackColor
                0x2000156a        0x2 ..\Libraries\libsGUI.a(text.o)
 .bss.pxCurrentTCB
                0x2000156c        0x4 ..\Libraries\libFreeRTOS.a(tasks.o)
                0x2000156c                pxCurrentTCB
 .bss.pxReadyTasksLists
                0x20001570       0x64 ..\Libraries\libFreeRTOS.a(tasks.o)
 .bss.xDelayedTaskList1
                0x200015d4       0x14 ..\Libraries\libFreeRTOS.a(tasks.o)
 .bss.xDelayedTaskList2
                0x200015e8       0x14 ..\Libraries\libFreeRTOS.a(tasks.o)
 .bss.pxDelayedTaskList
                0x200015fc        0x4 ..\Libraries\libFreeRTOS.a(tasks.o)
 .bss.pxOverflowDelayedTaskList
                0x20001600        0x4 ..\Libraries\libFreeRTOS.a(tasks.o)
 .bss.xPendingReadyList
                0x20001604       0x14 ..\Libraries\libFreeRTOS.a(tasks.o)
 .bss.xTasksWaitingTermination
                0x20001618       0x14 ..\Libraries\libFreeRTOS.a(tasks.o)
 .bss.uxTasksDeleted
                0x2000162c        0x4 ..\Libraries\libFreeRTOS.a(tasks.o)
 .bss.xSuspendedTaskList
                0x20001630       0x14 ..\Libraries\libFreeRTOS.a(tasks.o)
 .bss.uxCurrentNumberOfTasks
                0x20001644        0x4 ..\Libraries\libFreeRTOS.a(tasks.o)
 .bss.xTickCount
                0x20001648        0x4 ..\Libraries\libFreeRTOS.a(tasks.o)
 .bss.uxTopReadyPriority
                0x2000164c        0x4 ..\Libraries\libFreeRTOS.a(tasks.o)
 .bss.xSchedulerRunning
                0x20001650        0x4 ..\Libraries\libFreeRTOS.a(tasks.o)
 .bss.uxPendedTicks
                0x20001654        0x4 ..\Libraries\libFreeRTOS.a(tasks.o)
 .bss.xYieldPending
                0x20001658        0x4 ..\Libraries\libFreeRTOS.a(tasks.o)
 .bss.xNumOfOverflows
                0x2000165c        0x4 ..\Libraries\libFreeRTOS.a(tasks.o)
 .bss.uxTaskNumber
                0x20001660        0x4 ..\Libraries\libFreeRTOS.a(tasks.o)
 .bss.uxSchedulerSuspended
                0x20001664        0x4 ..\Libraries\libFreeRTOS.a(tasks.o)
 .bss.ucHeap    0x20001668    0x12c00 ..\Libraries\libFreeRTOS.a(heap_4.o)
 .bss.xStart    0x20014268        0x8 ..\Libraries\libFreeRTOS.a(heap_4.o)
 .bss.pxEnd     0x20014270        0x4 ..\Libraries\libFreeRTOS.a(heap_4.o)
 .bss.xBlockAllocatedBit
                0x20014274        0x4 ..\Libraries\libFreeRTOS.a(heap_4.o)
 .bss.ucMaxSysCallPriority
                0x20014278        0x1 ..\Libraries\libFreeRTOS.a(port.o)
 *fill*         0x20014279        0x3 
 .bss.ulMaxPRIGROUPValue
                0x2001427c        0x4 ..\Libraries\libFreeRTOS.a(port.o)
 .bss.xActiveTimerList1
                0x20014280       0x14 ..\Libraries\libFreeRTOS.a(timers.o)
 .bss.xActiveTimerList2
                0x20014294       0x14 ..\Libraries\libFreeRTOS.a(timers.o)
 .bss.pxCurrentTimerList
                0x200142a8        0x4 ..\Libraries\libFreeRTOS.a(timers.o)
 .bss.pxOverflowTimerList
                0x200142ac        0x4 ..\Libraries\libFreeRTOS.a(timers.o)
 .bss.xTimerQueue
                0x200142b0        0x4 ..\Libraries\libFreeRTOS.a(timers.o)
 .bss.xLastTime.5138
                0x200142b4        0x4 ..\Libraries\libFreeRTOS.a(timers.o)
 *(COMMON)
 COMMON         0x200142b8      0xd04 src\uartTask.o
                0x200142b8                memStringMsg
                0x20014f60                sMemPoolStringMsg
                0x20014fb8                queueString
 COMMON         0x20014fbc       0x5c src\parserTask.o
                0x20014fbc                queueLCD
                0x20014fc0                sMemPoolParser
 COMMON         0x20015018        0x2 src\main.o
                0x20015018                encoderCount
 *fill*         0x2001501a        0x2 
 COMMON         0x2001501c       0x40 ..\Libraries\libFreeRTOS.a(queue.o)
                0x2001501c                xQueueRegistry
                0x2001505c                . = ALIGN (0x4)
                0x2001505c                _ebss = .
                0x2001505c                __bss_end__ = _ebss

._user_heap_stack
                0x2001505c     0x2000
                0x2001505c                . = ALIGN (0x4)
                0x2001505c                PROVIDE (end, .)
                0x2001505c                PROVIDE (_end, .)
                0x2001605c                . = (. + _Min_Heap_Size)
 *fill*         0x2001505c     0x1000 
                0x2001705c                . = (. + _Min_Stack_Size)
 *fill*         0x2001605c     0x1000 
                0x2001705c                . = ALIGN (0x4)

.memory_b1_text
 *(.mb1text)
 *(.mb1text*)
 *(.mb1rodata)
 *(.mb1rodata*)

/DISCARD/
 libc.a(*)
 libm.a(*)
 libgcc.a(*)

.ARM.attributes
                0x00000000       0x30
 *(.ARM.attributes)
 .ARM.attributes
                0x00000000       0x22 c:/program files/atollic/truestudio for arm pro 5.1.1/armtools/bin/../lib/gcc/arm-atollic-eabi/4.8.3/armv7e-m/softfp/crti.o
 .ARM.attributes
                0x00000022       0x32 c:/program files/atollic/truestudio for arm pro 5.1.1/armtools/bin/../lib/gcc/arm-atollic-eabi/4.8.3/armv7e-m/softfp/crtbegin.o
 .ARM.attributes
                0x00000054       0x37 src\uartTask.o
 .ARM.attributes
                0x0000008b       0x37 src\tiny_printf.o
 .ARM.attributes
                0x000000c2       0x21 src\startup.o
 .ARM.attributes
                0x000000e3       0x37 src\parserTask.o
 .ARM.attributes
                0x0000011a       0x37 src\outputTask.o
 .ARM.attributes
                0x00000151       0x37 src\main.o
 .ARM.attributes
                0x00000188       0x37 src\lookup.o
 .ARM.attributes
                0x000001bf       0x37 src\lcdTask.o
 .ARM.attributes
                0x000001f6       0x37 src\interrupt_handler.o
 .ARM.attributes
                0x0000022d       0x32 c:/program files/atollic/truestudio for arm pro 5.1.1/armtools/bin/../lib/gcc/arm-atollic-eabi/4.8.3/../../../../arm-atollic-eabi/lib/armv7e-m/softfp\libc_s.a(lib_a-init.o)
 .ARM.attributes
                0x0000025f       0x32 c:/program files/atollic/truestudio for arm pro 5.1.1/armtools/bin/../lib/gcc/arm-atollic-eabi/4.8.3/../../../../arm-atollic-eabi/lib/armv7e-m/softfp\libc_s.a(lib_a-strcpy.o)
 .ARM.attributes
                0x00000291       0x22 c:/program files/atollic/truestudio for arm pro 5.1.1/armtools/bin/../lib/gcc/arm-atollic-eabi/4.8.3/armv7e-m/softfp/crtn.o
 .ARM.attributes
                0x000002b3       0x39 ..\Libraries\libBSP.a(stm32f4xx_usart.o)
 .ARM.attributes
                0x000002ec       0x39 ..\Libraries\libBSP.a(stm32f4xx_tim.o)
 .ARM.attributes
                0x00000325       0x39 ..\Libraries\libBSP.a(stm32f4xx_syscfg.o)
 .ARM.attributes
                0x0000035e       0x39 ..\Libraries\libBSP.a(stm32f4xx_rcc.o)
 .ARM.attributes
                0x00000397       0x39 ..\Libraries\libBSP.a(stm32f4xx_exti.o)
 .ARM.attributes
                0x000003d0       0x39 ..\Libraries\libBSP.a(misc.o)
 .ARM.attributes
                0x00000409       0x39 ..\Libraries\libBSP.a(uart.o)
 .ARM.attributes
                0x00000442       0x39 ..\Libraries\libBSP.a(system_stm32f4xx.o)
 .ARM.attributes
                0x0000047b       0x39 ..\Libraries\libBSP.a(ssd1963.o)
 .ARM.attributes
                0x000004b4       0x39 ..\Libraries\libBSP.a(carme_io2.o)
 .ARM.attributes
                0x000004ed       0x39 ..\Libraries\libBSP.a(carme_io1.o)
 .ARM.attributes
                0x00000526       0x39 ..\Libraries\libBSP.a(carme.o)
 .ARM.attributes
                0x0000055f       0x39 ..\Libraries\libBSP.a(stm32f4xx_spi.o)
 .ARM.attributes
                0x00000598       0x39 ..\Libraries\libBSP.a(stm32f4xx_gpio.o)
 .ARM.attributes
                0x000005d1       0x39 ..\Libraries\libBSP.a(stm32f4xx_fsmc.o)
 .ARM.attributes
                0x0000060a       0x39 ..\Libraries\libBSP.a(stm32f4xx_adc.o)
 .ARM.attributes
                0x00000643       0x39 ..\Libraries\libBSP.a(ssd1963_lld.o)
 .ARM.attributes
                0x0000067c       0x39 ..\Libraries\libsGUI.a(text.o)
 .ARM.attributes
                0x000006b5       0x39 ..\Libraries\libsGUI.a(geometry.o)
 .ARM.attributes
                0x000006ee       0x39 ..\Libraries\libsGUI.a(font.o)
 .ARM.attributes
                0x00000727       0x39 ..\Libraries\libFreeRTOS.a(memPoolService.o)
 .ARM.attributes
                0x00000760       0x39 ..\Libraries\libFreeRTOS.a(tasks.o)
 .ARM.attributes
                0x00000799       0x39 ..\Libraries\libFreeRTOS.a(queue.o)
 .ARM.attributes
                0x000007d2       0x39 ..\Libraries\libFreeRTOS.a(heap_4.o)
 .ARM.attributes
                0x0000080b       0x39 ..\Libraries\libFreeRTOS.a(port.o)
 .ARM.attributes
                0x00000844       0x39 ..\Libraries\libFreeRTOS.a(list.o)
 .ARM.attributes
                0x0000087d       0x39 ..\Libraries\libFreeRTOS.a(timers.o)
OUTPUT(Miniproject_RTOS.elf elf32-littlearm)

.debug_info     0x00000000    0x10807
 .debug_info    0x00000000      0x7bd src\uartTask.o
 .debug_info    0x000007bd      0xbc2 src\tiny_printf.o
 .debug_info    0x0000137f       0x7c src\startup.o
 .debug_info    0x000013fb      0x5e9 src\parserTask.o
 .debug_info    0x000019e4      0x23d src\outputTask.o
 .debug_info    0x00001c21      0x1be src\main.o
 .debug_info    0x00001ddf       0xf8 src\lookup.o
 .debug_info    0x00001ed7      0x2f4 src\lcdTask.o
 .debug_info    0x000021cb      0x735 src\interrupt_handler.o
 .debug_info    0x00002900      0xa69 ..\Libraries\libBSP.a(stm32f4xx_usart.o)
 .debug_info    0x00003369     0x1e81 ..\Libraries\libBSP.a(stm32f4xx_tim.o)
 .debug_info    0x000051ea      0x2a6 ..\Libraries\libBSP.a(stm32f4xx_syscfg.o)
 .debug_info    0x00005490      0xf30 ..\Libraries\libBSP.a(stm32f4xx_rcc.o)
 .debug_info    0x000063c0      0x368 ..\Libraries\libBSP.a(stm32f4xx_exti.o)
 .debug_info    0x00006728      0x596 ..\Libraries\libBSP.a(misc.o)
 .debug_info    0x00006cbe      0x676 ..\Libraries\libBSP.a(uart.o)
 .debug_info    0x00007334      0x62b ..\Libraries\libBSP.a(system_stm32f4xx.o)
 .debug_info    0x0000795f      0x3f1 ..\Libraries\libBSP.a(ssd1963.o)
 .debug_info    0x00007d50      0xf16 ..\Libraries\libBSP.a(carme_io2.o)
 .debug_info    0x00008c66      0x634 ..\Libraries\libBSP.a(carme_io1.o)
 .debug_info    0x0000929a      0x6f9 ..\Libraries\libBSP.a(carme.o)
 .debug_info    0x00009993      0xc02 ..\Libraries\libBSP.a(stm32f4xx_spi.o)
 .debug_info    0x0000a595      0x647 ..\Libraries\libBSP.a(stm32f4xx_gpio.o)
 .debug_info    0x0000abdc      0x9b5 ..\Libraries\libBSP.a(stm32f4xx_fsmc.o)
 .debug_info    0x0000b591      0xd18 ..\Libraries\libBSP.a(stm32f4xx_adc.o)
 .debug_info    0x0000c2a9      0x319 ..\Libraries\libBSP.a(ssd1963_lld.o)
 .debug_info    0x0000c5c2      0x4d0 ..\Libraries\libsGUI.a(text.o)
 .debug_info    0x0000ca92      0x3ba ..\Libraries\libsGUI.a(geometry.o)
 .debug_info    0x0000ce4c      0x49a ..\Libraries\libsGUI.a(font.o)
 .debug_info    0x0000d2e6      0x405 ..\Libraries\libFreeRTOS.a(memPoolService.o)
 .debug_info    0x0000d6eb     0x1323 ..\Libraries\libFreeRTOS.a(tasks.o)
 .debug_info    0x0000ea0e      0xc4e ..\Libraries\libFreeRTOS.a(queue.o)
 .debug_info    0x0000f65c      0x336 ..\Libraries\libFreeRTOS.a(heap_4.o)
 .debug_info    0x0000f992      0x36d ..\Libraries\libFreeRTOS.a(port.o)
 .debug_info    0x0000fcff      0x2c5 ..\Libraries\libFreeRTOS.a(list.o)
 .debug_info    0x0000ffc4      0x843 ..\Libraries\libFreeRTOS.a(timers.o)

.debug_abbrev   0x00000000     0x310c
 .debug_abbrev  0x00000000      0x1a1 src\uartTask.o
 .debug_abbrev  0x000001a1      0x248 src\tiny_printf.o
 .debug_abbrev  0x000003e9       0x12 src\startup.o
 .debug_abbrev  0x000003fb      0x160 src\parserTask.o
 .debug_abbrev  0x0000055b       0xf2 src\outputTask.o
 .debug_abbrev  0x0000064d       0xdc src\main.o
 .debug_abbrev  0x00000729       0x99 src\lookup.o
 .debug_abbrev  0x000007c2       0xf4 src\lcdTask.o
 .debug_abbrev  0x000008b6      0x159 src\interrupt_handler.o
 .debug_abbrev  0x00000a0f      0x159 ..\Libraries\libBSP.a(stm32f4xx_usart.o)
 .debug_abbrev  0x00000b68      0x18b ..\Libraries\libBSP.a(stm32f4xx_tim.o)
 .debug_abbrev  0x00000cf3      0x135 ..\Libraries\libBSP.a(stm32f4xx_syscfg.o)
 .debug_abbrev  0x00000e28      0x1be ..\Libraries\libBSP.a(stm32f4xx_rcc.o)
 .debug_abbrev  0x00000fe6      0x1a9 ..\Libraries\libBSP.a(stm32f4xx_exti.o)
 .debug_abbrev  0x0000118f      0x12b ..\Libraries\libBSP.a(misc.o)
 .debug_abbrev  0x000012ba      0x16d ..\Libraries\libBSP.a(uart.o)
 .debug_abbrev  0x00001427      0x13a ..\Libraries\libBSP.a(system_stm32f4xx.o)
 .debug_abbrev  0x00001561      0x1a1 ..\Libraries\libBSP.a(ssd1963.o)
 .debug_abbrev  0x00001702      0x1c3 ..\Libraries\libBSP.a(carme_io2.o)
 .debug_abbrev  0x000018c5      0x1ab ..\Libraries\libBSP.a(carme_io1.o)
 .debug_abbrev  0x00001a70      0x1c2 ..\Libraries\libBSP.a(carme.o)
 .debug_abbrev  0x00001c32      0x16b ..\Libraries\libBSP.a(stm32f4xx_spi.o)
 .debug_abbrev  0x00001d9d      0x1a7 ..\Libraries\libBSP.a(stm32f4xx_gpio.o)
 .debug_abbrev  0x00001f44      0x174 ..\Libraries\libBSP.a(stm32f4xx_fsmc.o)
 .debug_abbrev  0x000020b8      0x19a ..\Libraries\libBSP.a(stm32f4xx_adc.o)
 .debug_abbrev  0x00002252      0x10e ..\Libraries\libBSP.a(ssd1963_lld.o)
 .debug_abbrev  0x00002360      0x1a1 ..\Libraries\libsGUI.a(text.o)
 .debug_abbrev  0x00002501       0xbf ..\Libraries\libsGUI.a(geometry.o)
 .debug_abbrev  0x000025c0       0xaa ..\Libraries\libsGUI.a(font.o)
 .debug_abbrev  0x0000266a      0x131 ..\Libraries\libFreeRTOS.a(memPoolService.o)
 .debug_abbrev  0x0000279b      0x228 ..\Libraries\libFreeRTOS.a(tasks.o)
 .debug_abbrev  0x000029c3      0x1bc ..\Libraries\libFreeRTOS.a(queue.o)
 .debug_abbrev  0x00002b7f      0x18c ..\Libraries\libFreeRTOS.a(heap_4.o)
 .debug_abbrev  0x00002d0b      0x1b7 ..\Libraries\libFreeRTOS.a(port.o)
 .debug_abbrev  0x00002ec2       0xc0 ..\Libraries\libFreeRTOS.a(list.o)
 .debug_abbrev  0x00002f82      0x18a ..\Libraries\libFreeRTOS.a(timers.o)

.debug_aranges  0x00000000     0x13a0
 .debug_aranges
                0x00000000       0x40 src\uartTask.o
 .debug_aranges
                0x00000040       0x60 src\tiny_printf.o
 .debug_aranges
                0x000000a0       0x28 src\startup.o
 .debug_aranges
                0x000000c8       0x20 src\parserTask.o
 .debug_aranges
                0x000000e8       0x20 src\outputTask.o
 .debug_aranges
                0x00000108       0x28 src\main.o
 .debug_aranges
                0x00000130       0x20 src\lookup.o
 .debug_aranges
                0x00000150       0x20 src\lcdTask.o
 .debug_aranges
                0x00000170       0x48 src\interrupt_handler.o
 .debug_aranges
                0x000001b8      0x100 ..\Libraries\libBSP.a(stm32f4xx_usart.o)
 .debug_aranges
                0x000002b8      0x2f8 ..\Libraries\libBSP.a(stm32f4xx_tim.o)
 .debug_aranges
                0x000005b0       0x50 ..\Libraries\libBSP.a(stm32f4xx_syscfg.o)
 .debug_aranges
                0x00000600      0x1b8 ..\Libraries\libBSP.a(stm32f4xx_rcc.o)
 .debug_aranges
                0x000007b8       0x58 ..\Libraries\libBSP.a(stm32f4xx_exti.o)
 .debug_aranges
                0x00000810       0x40 ..\Libraries\libBSP.a(misc.o)
 .debug_aranges
                0x00000850       0x48 ..\Libraries\libBSP.a(uart.o)
 .debug_aranges
                0x00000898       0x30 ..\Libraries\libBSP.a(system_stm32f4xx.o)
 .debug_aranges
                0x000008c8       0x80 ..\Libraries\libBSP.a(ssd1963.o)
 .debug_aranges
                0x00000948       0x90 ..\Libraries\libBSP.a(carme_io2.o)
 .debug_aranges
                0x000009d8       0x68 ..\Libraries\libBSP.a(carme_io1.o)
 .debug_aranges
                0x00000a40       0x78 ..\Libraries\libBSP.a(carme.o)
 .debug_aranges
                0x00000ab8       0xe0 ..\Libraries\libBSP.a(stm32f4xx_spi.o)
 .debug_aranges
                0x00000b98       0x88 ..\Libraries\libBSP.a(stm32f4xx_gpio.o)
 .debug_aranges
                0x00000c20       0xb0 ..\Libraries\libBSP.a(stm32f4xx_fsmc.o)
 .debug_aranges
                0x00000cd0      0x148 ..\Libraries\libBSP.a(stm32f4xx_adc.o)
 .debug_aranges
                0x00000e18       0x20 ..\Libraries\libBSP.a(ssd1963_lld.o)
 .debug_aranges
                0x00000e38       0x80 ..\Libraries\libsGUI.a(text.o)
 .debug_aranges
                0x00000eb8       0x50 ..\Libraries\libsGUI.a(geometry.o)
 .debug_aranges
                0x00000f08       0x18 ..\Libraries\libsGUI.a(font.o)
 .debug_aranges
                0x00000f20       0x48 ..\Libraries\libFreeRTOS.a(memPoolService.o)
 .debug_aranges
                0x00000f68      0x188 ..\Libraries\libFreeRTOS.a(tasks.o)
 .debug_aranges
                0x000010f0       0xf8 ..\Libraries\libFreeRTOS.a(queue.o)
 .debug_aranges
                0x000011e8       0x50 ..\Libraries\libFreeRTOS.a(heap_4.o)
 .debug_aranges
                0x00001238       0x98 ..\Libraries\libFreeRTOS.a(port.o)
 .debug_aranges
                0x000012d0       0x40 ..\Libraries\libFreeRTOS.a(list.o)
 .debug_aranges
                0x00001310       0x90 ..\Libraries\libFreeRTOS.a(timers.o)

.debug_ranges   0x00000000     0x1160
 .debug_ranges  0x00000000       0x30 src\uartTask.o
 .debug_ranges  0x00000030       0x50 src\tiny_printf.o
 .debug_ranges  0x00000080       0x20 src\startup.o
 .debug_ranges  0x000000a0       0x10 src\parserTask.o
 .debug_ranges  0x000000b0       0x10 src\outputTask.o
 .debug_ranges  0x000000c0       0x18 src\main.o
 .debug_ranges  0x000000d8       0x10 src\lookup.o
 .debug_ranges  0x000000e8       0x10 src\lcdTask.o
 .debug_ranges  0x000000f8       0x38 src\interrupt_handler.o
 .debug_ranges  0x00000130       0xf0 ..\Libraries\libBSP.a(stm32f4xx_usart.o)
 .debug_ranges  0x00000220      0x2e8 ..\Libraries\libBSP.a(stm32f4xx_tim.o)
 .debug_ranges  0x00000508       0x40 ..\Libraries\libBSP.a(stm32f4xx_syscfg.o)
 .debug_ranges  0x00000548      0x1a8 ..\Libraries\libBSP.a(stm32f4xx_rcc.o)
 .debug_ranges  0x000006f0       0x48 ..\Libraries\libBSP.a(stm32f4xx_exti.o)
 .debug_ranges  0x00000738       0x30 ..\Libraries\libBSP.a(misc.o)
 .debug_ranges  0x00000768       0x38 ..\Libraries\libBSP.a(uart.o)
 .debug_ranges  0x000007a0       0x20 ..\Libraries\libBSP.a(system_stm32f4xx.o)
 .debug_ranges  0x000007c0       0x70 ..\Libraries\libBSP.a(ssd1963.o)
 .debug_ranges  0x00000830       0x80 ..\Libraries\libBSP.a(carme_io2.o)
 .debug_ranges  0x000008b0       0x58 ..\Libraries\libBSP.a(carme_io1.o)
 .debug_ranges  0x00000908       0x68 ..\Libraries\libBSP.a(carme.o)
 .debug_ranges  0x00000970       0xd0 ..\Libraries\libBSP.a(stm32f4xx_spi.o)
 .debug_ranges  0x00000a40       0x78 ..\Libraries\libBSP.a(stm32f4xx_gpio.o)
 .debug_ranges  0x00000ab8       0xa0 ..\Libraries\libBSP.a(stm32f4xx_fsmc.o)
 .debug_ranges  0x00000b58      0x138 ..\Libraries\libBSP.a(stm32f4xx_adc.o)
 .debug_ranges  0x00000c90       0x10 ..\Libraries\libBSP.a(ssd1963_lld.o)
 .debug_ranges  0x00000ca0       0x70 ..\Libraries\libsGUI.a(text.o)
 .debug_ranges  0x00000d10       0x40 ..\Libraries\libsGUI.a(geometry.o)
 .debug_ranges  0x00000d50       0x38 ..\Libraries\libFreeRTOS.a(memPoolService.o)
 .debug_ranges  0x00000d88      0x178 ..\Libraries\libFreeRTOS.a(tasks.o)
 .debug_ranges  0x00000f00       0xe8 ..\Libraries\libFreeRTOS.a(queue.o)
 .debug_ranges  0x00000fe8       0x40 ..\Libraries\libFreeRTOS.a(heap_4.o)
 .debug_ranges  0x00001028       0x88 ..\Libraries\libFreeRTOS.a(port.o)
 .debug_ranges  0x000010b0       0x30 ..\Libraries\libFreeRTOS.a(list.o)
 .debug_ranges  0x000010e0       0x80 ..\Libraries\libFreeRTOS.a(timers.o)

.debug_line     0x00000000     0x7c72
 .debug_line    0x00000000      0x264 src\uartTask.o
 .debug_line    0x00000264      0x2c9 src\tiny_printf.o
 .debug_line    0x0000052d       0x7b src\startup.o
 .debug_line    0x000005a8      0x226 src\parserTask.o
 .debug_line    0x000007ce      0x1b2 src\outputTask.o
 .debug_line    0x00000980      0x1ad src\main.o
 .debug_line    0x00000b2d      0x131 src\lookup.o
 .debug_line    0x00000c5e      0x1d5 src\lcdTask.o
 .debug_line    0x00000e33      0x234 src\interrupt_handler.o
 .debug_line    0x00001067      0x496 ..\Libraries\libBSP.a(stm32f4xx_usart.o)
 .debug_line    0x000014fd      0xa65 ..\Libraries\libBSP.a(stm32f4xx_tim.o)
 .debug_line    0x00001f62      0x20f ..\Libraries\libBSP.a(stm32f4xx_syscfg.o)
 .debug_line    0x00002171      0x62f ..\Libraries\libBSP.a(stm32f4xx_rcc.o)
 .debug_line    0x000027a0      0x288 ..\Libraries\libBSP.a(stm32f4xx_exti.o)
 .debug_line    0x00002a28      0x231 ..\Libraries\libBSP.a(misc.o)
 .debug_line    0x00002c59      0x2ce ..\Libraries\libBSP.a(uart.o)
 .debug_line    0x00002f27      0x203 ..\Libraries\libBSP.a(system_stm32f4xx.o)
 .debug_line    0x0000312a      0x2e0 ..\Libraries\libBSP.a(ssd1963.o)
 .debug_line    0x0000340a      0x47d ..\Libraries\libBSP.a(carme_io2.o)
 .debug_line    0x00003887      0x363 ..\Libraries\libBSP.a(carme_io1.o)
 .debug_line    0x00003bea      0x5ca ..\Libraries\libBSP.a(carme.o)
 .debug_line    0x000041b4      0x448 ..\Libraries\libBSP.a(stm32f4xx_spi.o)
 .debug_line    0x000045fc      0x331 ..\Libraries\libBSP.a(stm32f4xx_gpio.o)
 .debug_line    0x0000492d      0x442 ..\Libraries\libBSP.a(stm32f4xx_fsmc.o)
 .debug_line    0x00004d6f      0x540 ..\Libraries\libBSP.a(stm32f4xx_adc.o)
 .debug_line    0x000052af      0x223 ..\Libraries\libBSP.a(ssd1963_lld.o)
 .debug_line    0x000054d2      0x2ae ..\Libraries\libsGUI.a(text.o)
 .debug_line    0x00005780      0x211 ..\Libraries\libsGUI.a(geometry.o)
 .debug_line    0x00005991       0xd5 ..\Libraries\libsGUI.a(font.o)
 .debug_line    0x00005a66      0x320 ..\Libraries\libFreeRTOS.a(memPoolService.o)
 .debug_line    0x00005d86      0xb22 ..\Libraries\libFreeRTOS.a(tasks.o)
 .debug_line    0x000068a8      0x7fb ..\Libraries\libFreeRTOS.a(queue.o)
 .debug_line    0x000070a3      0x26f ..\Libraries\libFreeRTOS.a(heap_4.o)
 .debug_line    0x00007312      0x390 ..\Libraries\libFreeRTOS.a(port.o)
 .debug_line    0x000076a2      0x207 ..\Libraries\libFreeRTOS.a(list.o)
 .debug_line    0x000078a9      0x3c9 ..\Libraries\libFreeRTOS.a(timers.o)

.debug_str      0x00000000     0x65fc
 .debug_str     0x00000000      0x9b8 src\uartTask.o
                                0xa88 (size before relaxing)
 .debug_str     0x000009b8      0x43b src\tiny_printf.o
                                0x614 (size before relaxing)
 .debug_str     0x00000df3      0x32c src\parserTask.o
                                0x6aa (size before relaxing)
 .debug_str     0x0000111f       0x3d src\outputTask.o
                                0x327 (size before relaxing)
 .debug_str     0x0000115c       0x51 src\main.o
                                0x299 (size before relaxing)
 .debug_str     0x000011ad       0x32 src\lookup.o
                                0x1d9 (size before relaxing)
 .debug_str     0x000011df       0x65 src\lcdTask.o
                                0x38f (size before relaxing)
 .debug_str     0x00001244      0x1ae src\interrupt_handler.o
                                0xa6f (size before relaxing)
 .debug_str     0x000013f2      0x466 ..\Libraries\libBSP.a(stm32f4xx_usart.o)
                                0x643 (size before relaxing)
 .debug_str     0x00001858      0xa65 ..\Libraries\libBSP.a(stm32f4xx_tim.o)
                                0xd84 (size before relaxing)
 .debug_str     0x000022bd      0x15c ..\Libraries\libBSP.a(stm32f4xx_syscfg.o)
                                0x2cd (size before relaxing)
 .debug_str     0x00002419      0x701 ..\Libraries\libBSP.a(stm32f4xx_rcc.o)
                                0x949 (size before relaxing)
 .debug_str     0x00002b1a       0xdf ..\Libraries\libBSP.a(stm32f4xx_exti.o)
                                0x315 (size before relaxing)
 .debug_str     0x00002bf9      0x17d ..\Libraries\libBSP.a(misc.o)
                                0x38d (size before relaxing)
 .debug_str     0x00002d76      0x237 ..\Libraries\libBSP.a(uart.o)
                                0x513 (size before relaxing)
 .debug_str     0x00002fad       0x95 ..\Libraries\libBSP.a(system_stm32f4xx.o)
                                0x373 (size before relaxing)
 .debug_str     0x00003042      0x149 ..\Libraries\libBSP.a(ssd1963.o)
                                0x29b (size before relaxing)
 .debug_str     0x0000318b      0x4ad ..\Libraries\libBSP.a(carme_io2.o)
                                0xbe7 (size before relaxing)
 .debug_str     0x00003638      0x278 ..\Libraries\libBSP.a(carme_io1.o)
                                0x5cb (size before relaxing)
 .debug_str     0x000038b0      0x34f ..\Libraries\libBSP.a(carme.o)
                                0x69d (size before relaxing)
 .debug_str     0x00003bff      0x2cd ..\Libraries\libBSP.a(stm32f4xx_spi.o)
                                0x651 (size before relaxing)
 .debug_str     0x00003ecc      0x137 ..\Libraries\libBSP.a(stm32f4xx_gpio.o)
                                0x454 (size before relaxing)
 .debug_str     0x00004003      0x3b7 ..\Libraries\libBSP.a(stm32f4xx_fsmc.o)
                                0x748 (size before relaxing)
 .debug_str     0x000043ba      0x49e ..\Libraries\libBSP.a(stm32f4xx_adc.o)
                                0x7b8 (size before relaxing)
 .debug_str     0x00004858       0x39 ..\Libraries\libBSP.a(ssd1963_lld.o)
                                0x333 (size before relaxing)
 .debug_str     0x00004891      0x15f ..\Libraries\libsGUI.a(text.o)
                                0x2ca (size before relaxing)
 .debug_str     0x000049f0       0xa5 ..\Libraries\libsGUI.a(geometry.o)
                                0x204 (size before relaxing)
 .debug_str     0x00004a95      0x22e ..\Libraries\libsGUI.a(font.o)
                                0x390 (size before relaxing)
 .debug_str     0x00004cc3      0x228 ..\Libraries\libFreeRTOS.a(memPoolService.o)
                                0x3d3 (size before relaxing)
 .debug_str     0x00004eeb      0xa1a ..\Libraries\libFreeRTOS.a(tasks.o)
                                0xbb0 (size before relaxing)
 .debug_str     0x00005905      0x46d ..\Libraries\libFreeRTOS.a(queue.o)
                                0x6f0 (size before relaxing)
 .debug_str     0x00005d72      0x209 ..\Libraries\libFreeRTOS.a(heap_4.o)
                                0x339 (size before relaxing)
 .debug_str     0x00005f7b      0x239 ..\Libraries\libFreeRTOS.a(port.o)
                                0x3c0 (size before relaxing)
 .debug_str     0x000061b4       0x9c ..\Libraries\libFreeRTOS.a(list.o)
                                0x271 (size before relaxing)
 .debug_str     0x00006250      0x3ac ..\Libraries\libFreeRTOS.a(timers.o)
                                0x609 (size before relaxing)

.comment        0x00000000      0x104
 .comment       0x00000000       0x82 src\uartTask.o
                                 0x83 (size before relaxing)
 .comment       0x00000000       0x83 src\tiny_printf.o
 .comment       0x00000000       0x83 src\parserTask.o
 .comment       0x00000000       0x83 src\outputTask.o
 .comment       0x00000000       0x83 src\main.o
 .comment       0x00000000       0x83 src\lookup.o
 .comment       0x00000000       0x83 src\lcdTask.o
 .comment       0x00000000       0x83 src\interrupt_handler.o
 .comment       0x00000082       0x82 ..\Libraries\libBSP.a(stm32f4xx_usart.o)
                                 0x83 (size before relaxing)
 .comment       0x00000000       0x83 ..\Libraries\libBSP.a(stm32f4xx_tim.o)
 .comment       0x00000000       0x83 ..\Libraries\libBSP.a(stm32f4xx_syscfg.o)
 .comment       0x00000000       0x83 ..\Libraries\libBSP.a(stm32f4xx_rcc.o)
 .comment       0x00000000       0x83 ..\Libraries\libBSP.a(stm32f4xx_exti.o)
 .comment       0x00000000       0x83 ..\Libraries\libBSP.a(misc.o)
 .comment       0x00000000       0x83 ..\Libraries\libBSP.a(uart.o)
 .comment       0x00000000       0x83 ..\Libraries\libBSP.a(system_stm32f4xx.o)
 .comment       0x00000000       0x83 ..\Libraries\libBSP.a(ssd1963.o)
 .comment       0x00000000       0x83 ..\Libraries\libBSP.a(carme_io2.o)
 .comment       0x00000000       0x83 ..\Libraries\libBSP.a(carme_io1.o)
 .comment       0x00000000       0x83 ..\Libraries\libBSP.a(carme.o)
 .comment       0x00000000       0x83 ..\Libraries\libBSP.a(stm32f4xx_spi.o)
 .comment       0x00000000       0x83 ..\Libraries\libBSP.a(stm32f4xx_gpio.o)
 .comment       0x00000000       0x83 ..\Libraries\libBSP.a(stm32f4xx_fsmc.o)
 .comment       0x00000000       0x83 ..\Libraries\libBSP.a(stm32f4xx_adc.o)
 .comment       0x00000000       0x83 ..\Libraries\libBSP.a(ssd1963_lld.o)
 .comment       0x00000000       0x83 ..\Libraries\libsGUI.a(text.o)
 .comment       0x00000000       0x83 ..\Libraries\libsGUI.a(geometry.o)
 .comment       0x00000000       0x83 ..\Libraries\libsGUI.a(font.o)
 .comment       0x00000000       0x83 ..\Libraries\libFreeRTOS.a(memPoolService.o)
 .comment       0x00000000       0x83 ..\Libraries\libFreeRTOS.a(tasks.o)
 .comment       0x00000000       0x83 ..\Libraries\libFreeRTOS.a(queue.o)
 .comment       0x00000000       0x83 ..\Libraries\libFreeRTOS.a(heap_4.o)
 .comment       0x00000000       0x83 ..\Libraries\libFreeRTOS.a(port.o)
 .comment       0x00000000       0x83 ..\Libraries\libFreeRTOS.a(list.o)
 .comment       0x00000000       0x83 ..\Libraries\libFreeRTOS.a(timers.o)

.debug_frame    0x00000000     0x3d4c
 .debug_frame   0x00000000       0xb0 src\uartTask.o
 .debug_frame   0x000000b0      0x154 src\tiny_printf.o
 .debug_frame   0x00000204       0x30 src\parserTask.o
 .debug_frame   0x00000234       0x30 src\outputTask.o
 .debug_frame   0x00000264       0x4c src\main.o
 .debug_frame   0x000002b0       0x2c src\lookup.o
 .debug_frame   0x000002dc       0x30 src\lcdTask.o
 .debug_frame   0x0000030c       0xb8 src\interrupt_handler.o
 .debug_frame   0x000003c4       0x2c c:/program files/atollic/truestudio for arm pro 5.1.1/armtools/bin/../lib/gcc/arm-atollic-eabi/4.8.3/../../../../arm-atollic-eabi/lib/armv7e-m/softfp\libc_s.a(lib_a-init.o)
 .debug_frame   0x000003f0       0x20 c:/program files/atollic/truestudio for arm pro 5.1.1/armtools/bin/../lib/gcc/arm-atollic-eabi/4.8.3/../../../../arm-atollic-eabi/lib/armv7e-m/softfp\libc_s.a(lib_a-strcpy.o)
 .debug_frame   0x00000410      0x344 ..\Libraries\libBSP.a(stm32f4xx_usart.o)
 .debug_frame   0x00000754      0xa3c ..\Libraries\libBSP.a(stm32f4xx_tim.o)
 .debug_frame   0x00001190       0xd8 ..\Libraries\libBSP.a(stm32f4xx_syscfg.o)
 .debug_frame   0x00001268      0x5b8 ..\Libraries\libBSP.a(stm32f4xx_rcc.o)
 .debug_frame   0x00001820       0xec ..\Libraries\libBSP.a(stm32f4xx_exti.o)
 .debug_frame   0x0000190c       0x9c ..\Libraries\libBSP.a(misc.o)
 .debug_frame   0x000019a8       0xd0 ..\Libraries\libBSP.a(uart.o)
 .debug_frame   0x00001a78       0x64 ..\Libraries\libBSP.a(system_stm32f4xx.o)
 .debug_frame   0x00001adc      0x198 ..\Libraries\libBSP.a(ssd1963.o)
 .debug_frame   0x00001c74      0x1f0 ..\Libraries\libBSP.a(carme_io2.o)
 .debug_frame   0x00001e64      0x130 ..\Libraries\libBSP.a(carme_io1.o)
 .debug_frame   0x00001f94      0x178 ..\Libraries\libBSP.a(carme.o)
 .debug_frame   0x0000210c      0x2d0 ..\Libraries\libBSP.a(stm32f4xx_spi.o)
 .debug_frame   0x000023dc      0x19c ..\Libraries\libBSP.a(stm32f4xx_gpio.o)
 .debug_frame   0x00002578      0x220 ..\Libraries\libBSP.a(stm32f4xx_fsmc.o)
 .debug_frame   0x00002798      0x434 ..\Libraries\libBSP.a(stm32f4xx_adc.o)
 .debug_frame   0x00002bcc       0x30 ..\Libraries\libBSP.a(ssd1963_lld.o)
 .debug_frame   0x00002bfc      0x1a4 ..\Libraries\libsGUI.a(text.o)
 .debug_frame   0x00002da0       0xf0 ..\Libraries\libsGUI.a(geometry.o)
 .debug_frame   0x00002e90       0xd0 ..\Libraries\libFreeRTOS.a(memPoolService.o)
 .debug_frame   0x00002f60      0x598 ..\Libraries\libFreeRTOS.a(tasks.o)
 .debug_frame   0x000034f8      0x37c ..\Libraries\libFreeRTOS.a(queue.o)
 .debug_frame   0x00003874       0xd4 ..\Libraries\libFreeRTOS.a(heap_4.o)
 .debug_frame   0x00003948      0x188 ..\Libraries\libFreeRTOS.a(port.o)
 .debug_frame   0x00003ad0       0x9c ..\Libraries\libFreeRTOS.a(list.o)
 .debug_frame   0x00003b6c      0x1e0 ..\Libraries\libFreeRTOS.a(timers.o)

.debug_loc      0x00000000     0x68cc
 .debug_loc     0x00000000      0x658 ..\Libraries\libBSP.a(stm32f4xx_usart.o)
 .debug_loc     0x00000658     0x1420 ..\Libraries\libBSP.a(stm32f4xx_tim.o)
 .debug_loc     0x00001a78      0x17c ..\Libraries\libBSP.a(stm32f4xx_syscfg.o)
 .debug_loc     0x00001bf4      0xb3c ..\Libraries\libBSP.a(stm32f4xx_rcc.o)
 .debug_loc     0x00002730      0x1b4 ..\Libraries\libBSP.a(stm32f4xx_exti.o)
 .debug_loc     0x000028e4      0x118 ..\Libraries\libBSP.a(misc.o)
 .debug_loc     0x000029fc      0x150 ..\Libraries\libBSP.a(uart.o)
 .debug_loc     0x00002b4c       0x9c ..\Libraries\libBSP.a(system_stm32f4xx.o)
 .debug_loc     0x00002be8      0x2c0 ..\Libraries\libBSP.a(ssd1963.o)
 .debug_loc     0x00002ea8      0x34a ..\Libraries\libBSP.a(carme_io2.o)
 .debug_loc     0x000031f2      0x230 ..\Libraries\libBSP.a(carme_io1.o)
 .debug_loc     0x00003422      0x268 ..\Libraries\libBSP.a(carme.o)
 .debug_loc     0x0000368a      0x578 ..\Libraries\libBSP.a(stm32f4xx_spi.o)
 .debug_loc     0x00003c02      0x310 ..\Libraries\libBSP.a(stm32f4xx_gpio.o)
 .debug_loc     0x00003f12      0x41c ..\Libraries\libBSP.a(stm32f4xx_fsmc.o)
 .debug_loc     0x0000432e      0x838 ..\Libraries\libBSP.a(stm32f4xx_adc.o)
 .debug_loc     0x00004b66       0x38 ..\Libraries\libBSP.a(ssd1963_lld.o)
 .debug_loc     0x00004b9e      0x2c2 ..\Libraries\libsGUI.a(text.o)
 .debug_loc     0x00004e60      0x188 ..\Libraries\libsGUI.a(geometry.o)
 .debug_loc     0x00004fe8      0x150 ..\Libraries\libFreeRTOS.a(memPoolService.o)
 .debug_loc     0x00005138      0x9e0 ..\Libraries\libFreeRTOS.a(tasks.o)
 .debug_loc     0x00005b18      0x620 ..\Libraries\libFreeRTOS.a(queue.o)
 .debug_loc     0x00006138      0x164 ..\Libraries\libFreeRTOS.a(heap_4.o)
 .debug_loc     0x0000629c      0x1dc ..\Libraries\libFreeRTOS.a(port.o)
 .debug_loc     0x00006478      0x118 ..\Libraries\libFreeRTOS.a(list.o)
 .debug_loc     0x00006590      0x33c ..\Libraries\libFreeRTOS.a(timers.o)

Cross Reference Table

Symbol                                            File
ADC_AnalogWatchdogCmd                             ..\Libraries\libBSP.a(stm32f4xx_adc.o)
ADC_AnalogWatchdogSingleChannelConfig             ..\Libraries\libBSP.a(stm32f4xx_adc.o)
ADC_AnalogWatchdogThresholdsConfig                ..\Libraries\libBSP.a(stm32f4xx_adc.o)
ADC_AutoInjectedConvCmd                           ..\Libraries\libBSP.a(stm32f4xx_adc.o)
ADC_ClearFlag                                     ..\Libraries\libBSP.a(stm32f4xx_adc.o)
ADC_ClearITPendingBit                             ..\Libraries\libBSP.a(stm32f4xx_adc.o)
ADC_Cmd                                           ..\Libraries\libBSP.a(stm32f4xx_adc.o)
                                                  ..\Libraries\libBSP.a(carme_io2.o)
ADC_CommonInit                                    ..\Libraries\libBSP.a(stm32f4xx_adc.o)
                                                  ..\Libraries\libBSP.a(carme_io2.o)
ADC_CommonStructInit                              ..\Libraries\libBSP.a(stm32f4xx_adc.o)
ADC_ContinuousModeCmd                             ..\Libraries\libBSP.a(stm32f4xx_adc.o)
ADC_DMACmd                                        ..\Libraries\libBSP.a(stm32f4xx_adc.o)
ADC_DMARequestAfterLastTransferCmd                ..\Libraries\libBSP.a(stm32f4xx_adc.o)
ADC_DeInit                                        ..\Libraries\libBSP.a(stm32f4xx_adc.o)
                                                  ..\Libraries\libBSP.a(carme_io2.o)
ADC_DiscModeChannelCountConfig                    ..\Libraries\libBSP.a(stm32f4xx_adc.o)
ADC_DiscModeCmd                                   ..\Libraries\libBSP.a(stm32f4xx_adc.o)
ADC_EOCOnEachRegularChannelCmd                    ..\Libraries\libBSP.a(stm32f4xx_adc.o)
ADC_ExternalTrigInjectedConvConfig                ..\Libraries\libBSP.a(stm32f4xx_adc.o)
ADC_ExternalTrigInjectedConvEdgeConfig            ..\Libraries\libBSP.a(stm32f4xx_adc.o)
ADC_GetConversionValue                            ..\Libraries\libBSP.a(stm32f4xx_adc.o)
                                                  ..\Libraries\libBSP.a(carme_io2.o)
ADC_GetFlagStatus                                 ..\Libraries\libBSP.a(stm32f4xx_adc.o)
                                                  ..\Libraries\libBSP.a(carme_io2.o)
ADC_GetITStatus                                   ..\Libraries\libBSP.a(stm32f4xx_adc.o)
ADC_GetInjectedConversionValue                    ..\Libraries\libBSP.a(stm32f4xx_adc.o)
ADC_GetMultiModeConversionValue                   ..\Libraries\libBSP.a(stm32f4xx_adc.o)
ADC_GetSoftwareStartConvStatus                    ..\Libraries\libBSP.a(stm32f4xx_adc.o)
ADC_GetSoftwareStartInjectedConvCmdStatus         ..\Libraries\libBSP.a(stm32f4xx_adc.o)
ADC_IRQHandler                                    src\startup.o
ADC_ITConfig                                      ..\Libraries\libBSP.a(stm32f4xx_adc.o)
ADC_Init                                          ..\Libraries\libBSP.a(stm32f4xx_adc.o)
                                                  ..\Libraries\libBSP.a(carme_io2.o)
ADC_InjectedChannelConfig                         ..\Libraries\libBSP.a(stm32f4xx_adc.o)
ADC_InjectedDiscModeCmd                           ..\Libraries\libBSP.a(stm32f4xx_adc.o)
ADC_InjectedSequencerLengthConfig                 ..\Libraries\libBSP.a(stm32f4xx_adc.o)
ADC_MultiModeDMARequestAfterLastTransferCmd       ..\Libraries\libBSP.a(stm32f4xx_adc.o)
ADC_RegularChannelConfig                          ..\Libraries\libBSP.a(stm32f4xx_adc.o)
                                                  ..\Libraries\libBSP.a(carme_io2.o)
ADC_SetInjectedOffset                             ..\Libraries\libBSP.a(stm32f4xx_adc.o)
ADC_SoftwareStartConv                             ..\Libraries\libBSP.a(stm32f4xx_adc.o)
                                                  ..\Libraries\libBSP.a(carme_io2.o)
ADC_SoftwareStartInjectedConv                     ..\Libraries\libBSP.a(stm32f4xx_adc.o)
ADC_StructInit                                    ..\Libraries\libBSP.a(stm32f4xx_adc.o)
                                                  ..\Libraries\libBSP.a(carme_io2.o)
ADC_TempSensorVrefintCmd                          ..\Libraries\libBSP.a(stm32f4xx_adc.o)
ADC_VBATCmd                                       ..\Libraries\libBSP.a(stm32f4xx_adc.o)
AHBPrescTable                                     ..\Libraries\libBSP.a(system_stm32f4xx.o)
BusFault_Handler                                  src\startup.o
CAN1_RX0_IRQHandler                               src\startup.o
CAN1_RX1_IRQHandler                               src\startup.o
CAN1_SCE_IRQHandler                               src\startup.o
CAN1_TX_IRQHandler                                src\startup.o
CAN2_RX0_IRQHandler                               src\startup.o
CAN2_RX1_IRQHandler                               src\startup.o
CAN2_SCE_IRQHandler                               src\startup.o
CAN2_TX_IRQHandler                                src\startup.o
CARME_AGPIO_Get                                   ..\Libraries\libBSP.a(carme.o)
                                                  ..\Libraries\libBSP.a(carme_io1.o)
                                                  ..\Libraries\libBSP.a(carme_io2.o)
CARME_AGPIO_Set                                   ..\Libraries\libBSP.a(carme.o)
                                                  ..\Libraries\libBSP.a(carme_io2.o)
CARME_GPIO_Init                                   ..\Libraries\libBSP.a(carme.o)
                                                  ..\Libraries\libBSP.a(ssd1963_lld.o)
                                                  ..\Libraries\libBSP.a(carme_io1.o)
                                                  ..\Libraries\libBSP.a(carme_io2.o)
                                                  ..\Libraries\libBSP.a(uart.o)
CARME_IO1_BUTTON_Get                              ..\Libraries\libBSP.a(carme_io1.o)
CARME_IO1_Init                                    ..\Libraries\libBSP.a(carme_io1.o)
                                                  src\parserTask.o
CARME_IO1_LED_Get                                 ..\Libraries\libBSP.a(carme_io1.o)
CARME_IO1_LED_Set                                 ..\Libraries\libBSP.a(carme_io1.o)
                                                  src\parserTask.o
CARME_IO1_PIO_Clear                               ..\Libraries\libBSP.a(carme_io1.o)
CARME_IO1_PIO_Control                             ..\Libraries\libBSP.a(carme_io1.o)
CARME_IO1_PIO_Read                                ..\Libraries\libBSP.a(carme_io1.o)
CARME_IO1_PIO_Set                                 ..\Libraries\libBSP.a(carme_io1.o)
CARME_IO1_PIO_Write                               ..\Libraries\libBSP.a(carme_io1.o)
CARME_IO1_SWITCH_Get                              ..\Libraries\libBSP.a(carme_io1.o)
                                                  src\parserTask.o
CARME_IO2_ADC_Get                                 ..\Libraries\libBSP.a(carme_io2.o)
                                                  src\parserTask.o
CARME_IO2_DAC_Set                                 ..\Libraries\libBSP.a(carme_io2.o)
CARME_IO2_GPIO_IN_Get                             ..\Libraries\libBSP.a(carme_io2.o)
CARME_IO2_GPIO_OUT_Set                            ..\Libraries\libBSP.a(carme_io2.o)
                                                  src\interrupt_handler.o
CARME_IO2_GPIO_Out_Settings                       ..\Libraries\libBSP.a(carme_io2.o)
                                                  src\parserTask.o
CARME_IO2_Init                                    ..\Libraries\libBSP.a(carme_io2.o)
                                                  src\interrupt_handler.o
                                                  src\parserTask.o
CARME_IO2_OPTO_IN_Get                             ..\Libraries\libBSP.a(carme_io2.o)
CARME_IO2_OPTO_OUT_Set                            ..\Libraries\libBSP.a(carme_io2.o)
CARME_IO2_PWM_Phase                               ..\Libraries\libBSP.a(carme_io2.o)
                                                  src\parserTask.o
CARME_IO2_PWM_Set                                 ..\Libraries\libBSP.a(carme_io2.o)
                                                  src\parserTask.o
CARME_IO2_PWM_Settings                            ..\Libraries\libBSP.a(carme_io2.o)
                                                  src\parserTask.o
CARME_IO2_SPI_CS_Out                              ..\Libraries\libBSP.a(carme_io2.o)
                                                  src\parserTask.o
CARME_IO2_SPI_Receive                             ..\Libraries\libBSP.a(carme_io2.o)
CARME_IO2_SPI_Select                              ..\Libraries\libBSP.a(carme_io2.o)