Archive member included because of file (symbol)

c:/program files/atollic/truestudio for arm pro 5.1.1/armtools/bin/../lib/gcc/arm-atollic-eabi/4.8.3/../../../../arm-atollic-eabi/lib/armv7e-m/softfp\libc_s.a(lib_a-init.o)
                              src\startup.o (__libc_init_array)
c:/program files/atollic/truestudio for arm pro 5.1.1/armtools/bin/../lib/gcc/arm-atollic-eabi/4.8.3/../../../../arm-atollic-eabi/lib/armv7e-m/softfp\libc_s.a(lib_a-reent.o)
                              src\syscalls.o (errno)
c:/program files/atollic/truestudio for arm pro 5.1.1/armtools/bin/../lib/gcc/arm-atollic-eabi/4.8.3/../../../../arm-atollic-eabi/lib/armv7e-m/softfp\libc_s.a(lib_a-strlen.o)
                              src\tiny_printf.o (strlen)
c:/program files/atollic/truestudio for arm pro 5.1.1/armtools/bin/../lib/gcc/arm-atollic-eabi/4.8.3/../../../../arm-atollic-eabi/lib/armv7e-m/softfp\libc_s.a(lib_a-impure.o)
                              c:/program files/atollic/truestudio for arm pro 5.1.1/armtools/bin/../lib/gcc/arm-atollic-eabi/4.8.3/../../../../arm-atollic-eabi/lib/armv7e-m/softfp\libc_s.a(lib_a-reent.o) (_impure_ptr)
c:/program files/atollic/truestudio for arm pro 5.1.1/armtools/bin/../lib/gcc/arm-atollic-eabi/4.8.3/../../../../arm-atollic-eabi/lib/armv7e-m/softfp\libc_s.a(lib_a-nano-freer.o)
                              c:/program files/atollic/truestudio for arm pro 5.1.1/armtools/bin/../lib/gcc/arm-atollic-eabi/4.8.3/../../../../arm-atollic-eabi/lib/armv7e-m/softfp\libc_s.a(lib_a-reent.o) (_free_r)
c:/program files/atollic/truestudio for arm pro 5.1.1/armtools/bin/../lib/gcc/arm-atollic-eabi/4.8.3/../../../../arm-atollic-eabi/lib/armv7e-m/softfp\libc_s.a(lib_a-nano-mallocr.o)
                              c:/program files/atollic/truestudio for arm pro 5.1.1/armtools/bin/../lib/gcc/arm-atollic-eabi/4.8.3/../../../../arm-atollic-eabi/lib/armv7e-m/softfp\libc_s.a(lib_a-nano-freer.o) (__malloc_free_list)
c:/program files/atollic/truestudio for arm pro 5.1.1/armtools/bin/../lib/gcc/arm-atollic-eabi/4.8.3/../../../../arm-atollic-eabi/lib/armv7e-m/softfp\libc_s.a(lib_a-sbrkr.o)
                              c:/program files/atollic/truestudio for arm pro 5.1.1/armtools/bin/../lib/gcc/arm-atollic-eabi/4.8.3/../../../../arm-atollic-eabi/lib/armv7e-m/softfp\libc_s.a(lib_a-nano-mallocr.o) (_sbrk_r)
